<html>
<body>
<pre>
<h1>礦ision Build Log</h1>
<h2>Tool Versions:</h2>
IDE-Version: μVision V5.43.1.0
Copyright (C) 2025 ARM Ltd and ARM Germany GmbH. All rights reserved.
License Information: L WP, mit, LIC=9WSKC-7KQ9E-74XS0-BDSAH-8JHC3-V36MI
 
Tool Versions:
Toolchain:       MDK-ARM Plus  Version: 5.43.0.0
Toolchain Path:  E:\Keil_v5\ARM\ARMCC\Bin
C Compiler:      Armcc.exe V5.06 update 7 (build 960)
Assembler:       Armasm.exe V5.06 update 7 (build 960)
Linker/Locator:  ArmLink.exe V5.06 update 7 (build 960)
Library Manager: ArmAr.exe V5.06 update 7 (build 960)
Hex Converter:   FromElf.exe V5.06 update 7 (build 960)
CPU DLL:         
Dialog DLL:      
Target DLL:      Segger\JL2CM3.dll V2.99.45.0
Dialog DLL:      TCM.DLL V1.56.6.0
 
<h2>Project:</h2>
E:\naodian\nRF5_SDK_17.1.0_ddde560 - threads_1\nRF5_SDK_17.1.0_ddde560 - threads\examples\ble_peripheral\ble_app_uart\pca10100\s140\arm5_no_packs\ble_app_uart_pca10100_s140.uvprojx
Project File Date:  07/12/2026

<h2>Output:</h2>
*** Using Compiler 'V5.06 update 7 (build 960)', folder: 'E:\Keil_v5\ARM\ARMCC\Bin'
Rebuild target 'nrf52833_xxaa'
compiling fir_48.c...
..\arm5_no_packs_0126\fir_48.c(26): warning:  #177-D: variable "i"  was declared but never referenced
      uint32_t i;
..\arm5_no_packs_0126\fir_48.c: 1 warning, 0 errors
compiling midfilt.c...
..\arm5_no_packs_0126\findpeaks.h(15): warning:  #1-D: last line of file ends without a newline
  #endif  //__findpeaks_H
..\arm5_no_packs_0126\midfilt.h(18): warning:  #1-D: last line of file ends without a newline
  #endif //__medfilt_H
..\arm5_no_packs_0126\midfilt.c(46): warning:  #1-D: last line of file ends without a newline
  }
..\arm5_no_packs_0126\midfilt.c: 3 warnings, 0 errors
compiling findpeaks.c...
..\arm5_no_packs_0126\findpeaks.h(15): warning:  #1-D: last line of file ends without a newline
  #endif  //__findpeaks_H
..\arm5_no_packs_0126\findpeaks.c: 1 warning, 0 errors
compiling bpm.c...
..\arm5_no_packs_0126\findpeaks.h(15): warning:  #1-D: last line of file ends without a newline
  #endif  //__findpeaks_H
..\arm5_no_packs_0126\bpm.c: 1 warning, 0 errors
compiling max30102_fir.c...
..\arm5_no_packs_0126\max30102_fir.h(11): warning:  #1-D: last line of file ends without a newline
  #endif /* __MAX30102_FIR_H */
..\arm5_no_packs_0126\max30102_fir.c: 1 warning, 0 errors
compiling port_cmsis.c...
compiling timers.c...
compiling queue.c...
compiling heap_4.c...
compiling port.c...
compiling list.c...
compiling infor_collect.c...
compiling low_power.c...
compiling low_power_mode.c...
..\arm5_no_packs_0126\low_power_mode.c(77): warning:  #1-D: last line of file ends without a newline
  //}
..\arm5_no_packs_0126\low_power_mode.c: 1 warning, 0 errors
compiling tasks.c...
compiling port_cmsis_systick.c...
compiling utf.c...
compiling attention.c...
attention.h(235): warning:  #1-D: last line of file ends without a newline
  #endif /* __ATTENTION_H__ */
attention.c(275): warning:  #550-D: variable "s_filtseq_printed"  was set but never used
  static uint32_t s_filtseq_printed = 0U;
attention.c(378): warning:  #177-D: function "attention_power_permille"  was declared but never referenced
  static long attention_power_permille(
attention.c: 3 warnings, 0 errors
compiling ble_advdata.c...
compiling QMI8658C.c...
compiling ble_advertising.c...
compiling boards.c...
compiling ble_conn_params.c...
compiling rtc.c...
..\arm5_no_packs_0126\rtc.h(59): warning:  #1-D: last line of file ends without a newline
  #endif
..\arm5_no_packs_0126\rtc.c(168): warning:  #177-D: variable "seconds"  was declared but never referenced
  		uint8_t seconds[1];		
..\arm5_no_packs_0126\rtc.c(210): warning:  #177-D: variable "part_id"  was declared but never referenced
      uint8_t part_id = 0;
..\arm5_no_packs_0126\rtc.c(211): warning:  #177-D: variable "ret"  was declared but never referenced
      ret_code_t ret;
..\arm5_no_packs_0126\rtc.c: 4 warnings, 0 errors
compiling bsp.c...
compiling spo2.c...
..\arm5_no_packs_0126\spo2.h(64): warning:  #1-D: last line of file ends without a newline
  #endif
..\arm5_no_packs_0126\max30102_fir.h(11): warning:  #1-D: last line of file ends without a newline
  #endif /* __MAX30102_FIR_H */
..\arm5_no_packs_0126\spo2.c: 2 warnings, 0 errors
compiling bsp_btn_ble.c...
compiling bluetooth.c...
..\arm5_no_packs_0126\spo2.h(64): warning:  #1-D: last line of file ends without a newline
  #endif
..\arm5_no_packs_0126\ecg.h(18): warning:  #1-D: last line of file ends without a newline
  #endif
..\arm5_no_packs_0126\ads1292.h(34): warning:  #1-D: last line of file ends without a newline
  #endif
..\arm5_no_packs_0126\../arm5_no_packs/attention.h(235): warning:  #1-D: last line of file ends without a newline
  #endif /* __ATTENTION_H__ */
..\arm5_no_packs_0126\info_collect.h(23): warning:  #1-D: last line of file ends without a newline
  #endif
..\arm5_no_packs_0126\bluetooth.c: 5 warnings, 0 errors
compiling ecg.c...
..\arm5_no_packs_0126\ads1292.h(34): warning:  #1-D: last line of file ends without a newline
  #endif
..\arm5_no_packs_0126\findpeaks.h(15): warning:  #1-D: last line of file ends without a newline
  #endif  //__findpeaks_H
..\arm5_no_packs_0126\midfilt.h(18): warning:  #1-D: last line of file ends without a newline
  #endif //__medfilt_H
..\arm5_no_packs_0126\spo2.h(64): warning:  #1-D: last line of file ends without a newline
  #endif
..\arm5_no_packs_0126\ecg.h(18): warning:  #1-D: last line of file ends without a newline
  #endif
..\arm5_no_packs_0126\ecg.c(168): warning:  #177-D: variable "breath_rate"  was declared but never referenced
  		int32_t breath_rate;
..\arm5_no_packs_0126\ecg.c(295): warning:  #177-D: variable "n"  was declared but never referenced
  		static uint16_t j,mid_filt_num,n;
..\arm5_no_packs_0126\ecg.c(48): warning:  #177-D: variable "bpm_cache1"  was declared but never referenced
  static int32_t bpm_cache1[BMP_CACHE_SIZE]; 
..\arm5_no_packs_0126\ecg.c(67): warning:  #177-D: variable "bpm"  was declared but never referenced
  static int32_t bpm;                          //心率数值
..\arm5_no_packs_0126\ecg.c(75): warning:  #550-D: variable "breath_freauence"  was set but never used
  static int32_t breath_freauence;                          //呼吸频率
..\arm5_no_packs_0126\ecg.c: 10 warnings, 0 errors
compiling ads1292.c...
ads1292.h(285): warning:  #1-D: last line of file ends without a newline
  #endif /* __ADS1292_H__ */
attention.h(235): warning:  #1-D: last line of file ends without a newline
  #endif /* __ATTENTION_H__ */
ads1292.c: 2 warnings, 0 errors
compiling main.c...
..\arm5_no_packs_0126\ads1292.h(34): warning:  #1-D: last line of file ends without a newline
  #endif
..\arm5_no_packs_0126\findpeaks.h(15): warning:  #1-D: last line of file ends without a newline
  #endif  //__findpeaks_H
..\arm5_no_packs_0126\midfilt.h(18): warning:  #1-D: last line of file ends without a newline
  #endif //__medfilt_H
..\arm5_no_packs_0126\ecg.h(18): warning:  #1-D: last line of file ends without a newline
  #endif
..\arm5_no_packs_0126\spo2.h(64): warning:  #1-D: last line of file ends without a newline
  #endif
..\arm5_no_packs_0126\rtc.h(59): warning:  #1-D: last line of file ends without a newline
  #endif
..\arm5_no_packs_0126\info_collect.h(23): warning:  #1-D: last line of file ends without a newline
  #endif
..\arm5_no_packs_0126\low_power_mode.h(7): warning:  #1-D: last line of file ends without a newline
  #endif
..\..\..\main.c: 8 warnings, 0 errors
compiling ble_srv_common.c...
compiling ble_link_ctx_manager.c...
compiling ble_conn_state.c...
compiling nrf_ble_qwr.c...
compiling nrf_ble_gatt.c...
compiling ble_nus.c...
compiling nrfx_atomic.c...
compiling nrf_drv_uart.c...
compiling nrfx_clock.c...
compiling nrfx_prs.c...
compiling nrf_drv_clock.c...
compiling nrfx_gpiote.c...
compiling nrfx_uart.c...
compiling nrf_drv_power.c...
compiling nrf_drv_rng.c...
compiling nrfx_uarte.c...
compiling app_error.c...
compiling app_error_handler_keil.c...
compiling nrf_drv_spi.c...
compiling nrfx_twi.c...
compiling app_fifo.c...
compiling nrfx_twis.c...
compiling nrf_drv_twi.c...
compiling nrfx_spim.c...
compiling app_scheduler.c...
compiling app_error_weak.c...
compiling nrfx_twim.c...
compiling app_util_platform.c...
compiling app_button.c...
compiling app_uart_fifo.c...
compiling app_timer2.c...
compiling nrf_assert.c...
compiling hardfault_implementation.c...
compiling nrf_atomic.c...
compiling nrf_atflags.c...
compiling nrf_fprintf.c...
compiling nrf_atfifo.c...
compiling nrf_fprintf_format.c...
compiling nrf_balloc.c...
compiling nrf_memobj.c...
compiling drv_rtc.c...
compiling SEGGER_RTT_Syscalls_KEIL.c...
compiling nrf_ringbuf.c...
compiling nrf_section_iter.c...
compiling nrf_strerror.c...
assembling arm_startup_nrf52833.s...
compiling nrf_sortlist.c...
compiling retarget.c...
compiling nrf_pwr_mgmt.c...
compiling nrf_log_backend_serial.c...
compiling nrf_log_default_backends.c...
compiling SEGGER_RTT.c...
compiling SEGGER_RTT_printf.c...
compiling nrf_log_str_formatter.c...
compiling nrf_log_frontend.c...
compiling nrf_sdh_ble.c...
compiling system_nrf52.c...
compiling nrf_sdh_soc.c...
compiling nrf_log_backend_rtt.c...
compiling nrf_sdh.c...
linking...
Program Size: Code=47872 RO-data=83948 RW-data=724 ZI-data=67636  
FromELF: creating hex file...
".\_build\nrf52833_xxaa.axf" - 0 Error(s), 42 Warning(s).

<h2>Software Packages used:</h2>

Package Vendor: ARM
                http://www.keil.com/pack/ARM.CMSIS.5.6.0.pack
                ARM::CMSIS@5.6.0
                CMSIS (Cortex Microcontroller Software Interface Standard)
   * Component: CORE Version: 5.3.0

Package Vendor: NordicSemiconductor
                http://developer.nordicsemi.com/nRF5_SDK/pieces/nRF_DeviceFamilyPack/NordicSemiconductor.nRF_DeviceFamilyPack.8.40.3.pack
                NordicSemiconductor::nRF_DeviceFamilyPack@8.40.3
                Nordic Semiconductor nRF ARM devices Device Family Pack with BSD license.
   * Component: Startup Version: 8.40.3

<h2>Collection of Component include folders:</h2>
  ./RTE/_nrf52833_xxaa
  E:/Keil_v5/Packs/ARM/CMSIS/5.6.0/CMSIS/Core/Include
  E:/Keil_v5/Packs/NordicSemiconductor/nRF_DeviceFamilyPack/8.40.3/Device/Include

<h2>Collection of Component Files used:</h2>

   * Component: ARM::CMSIS:CORE@5.3.0

   * Component: NordicSemiconductor::Device:Startup@8.40.3
      Source file:   Device/Source/system_nrf52.c
      Source file:   Device/Source/arm/arm_startup_nrf52833.s
      Include file:  Device/Include/system_nrf52833.h
      Include file:  Device/Include/system_nrf.h
Build Time Elapsed:  00:00:23
</pre>
</body>
</html>
