Component: ARM Compiler 5.06 update 7 (build 960) Tool: armlink [4d3601]

==============================================================================

Section Cross References

    main.o(i.HardFault_Handler) refers to main.o(i.fatal_reset) for fatal_reset
    main.o(i.app_error_fault_handler) refers to main.o(i.fatal_reset) for fatal_reset
    main.o(i.debug_printf) refers to tasks.o(i.xTaskGetSchedulerState) for xTaskGetSchedulerState
    main.o(i.debug_printf) refers to queue.o(i.xQueueTakeMutexRecursive) for xQueueTakeMutexRecursive
    main.o(i.debug_printf) refers to printfa.o(i.__0vprintf) for vprintf
    main.o(i.debug_printf) refers to queue.o(i.xQueueGiveMutexRecursive) for xQueueGiveMutexRecursive
    main.o(i.debug_printf) refers to main.o(.data) for .data
    main.o(i.fatal_reset) refers to bluetooth.o(.data) for g_last_ble_event
    main.o(i.main) refers to bluetooth.o(i.uart_init) for uart_init
    main.o(i.main) refers to main.o(i.debug_printf) for debug_printf
    main.o(i.main) refers to queue.o(i.xQueueCreateMutex) for xQueueCreateMutex
    main.o(i.main) refers to app_error.o(i.app_error_handler_bare) for app_error_handler_bare
    main.o(i.main) refers to tasks.o(i.xTaskCreate) for xTaskCreate
    main.o(i.main) refers to heap_4.o(i.xPortGetFreeHeapSize) for xPortGetFreeHeapSize
    main.o(i.main) refers to tasks.o(i.vTaskStartScheduler) for vTaskStartScheduler
    main.o(i.main) refers to main.o(.constdata) for .constdata
    main.o(i.main) refers to main.o(.data) for .data
    main.o(i.main) refers to bluetooth.o(i.ble_thread) for ble_thread
    main.o(i.main) refers to bluetooth.o(i.ble_send_thread) for ble_send_thread
    main.o(i.main) refers to qmi8658c.o(i.qmi8658c_read) for qmi8658c_read
    main.o(i.main) refers to ads1292.o(i.spi_read) for spi_read
    main.o(i.vApplicationMallocFailedHook) refers to main.o(i.fatal_reset) for fatal_reset
    main.o(i.vApplicationStackOverflowHook) refers to main.o(i.fatal_reset) for fatal_reset
    bluetooth.o(i.advertising_init) refers to memseta.o(.text) for __aeabi_memclr4
    bluetooth.o(i.advertising_init) refers to ble_advertising.o(i.ble_advertising_init) for ble_advertising_init
    bluetooth.o(i.advertising_init) refers to app_error.o(i.app_error_handler_bare) for app_error_handler_bare
    bluetooth.o(i.advertising_init) refers to ble_advertising.o(i.ble_advertising_conn_cfg_tag_set) for ble_advertising_conn_cfg_tag_set
    bluetooth.o(i.advertising_init) refers to bluetooth.o(.data) for .data
    bluetooth.o(i.advertising_init) refers to bluetooth.o(i.on_adv_evt) for on_adv_evt
    bluetooth.o(i.advertising_init) refers to bluetooth.o(.bss) for .bss
    bluetooth.o(i.advertising_start) refers to ble_advertising.o(i.ble_advertising_start) for ble_advertising_start
    bluetooth.o(i.advertising_start) refers to app_error.o(i.app_error_handler_bare) for app_error_handler_bare
    bluetooth.o(i.advertising_start) refers to bluetooth.o(.bss) for .bss
    bluetooth.o(i.assert_nrf_callback) refers to app_error_handler_keil.o(.emb_text) for app_error_handler
    bluetooth.o(i.ble_evt_handler) refers to bluetooth.o(i.ble_record_runtime_error) for ble_record_runtime_error
    bluetooth.o(i.ble_evt_handler) refers to bsp.o(i.bsp_indication_set) for bsp_indication_set
    bluetooth.o(i.ble_evt_handler) refers to nrf_ble_qwr.o(i.nrf_ble_qwr_conn_handle_assign) for nrf_ble_qwr_conn_handle_assign
    bluetooth.o(i.ble_evt_handler) refers to bluetooth.o(.data) for .data
    bluetooth.o(i.ble_evt_handler) refers to bluetooth.o(.bss) for .bss
    bluetooth.o(i.ble_evt_handler) refers to bluetooth.o(.constdata) for .constdata
    bluetooth.o(i.ble_record_runtime_error) refers to bluetooth.o(.data) for .data
    bluetooth.o(i.ble_send_data) refers to nrf_sdh.o(i.nrf_sdh_is_enabled) for nrf_sdh_is_enabled
    bluetooth.o(i.ble_send_data) refers to ble_nus.o(i.ble_nus_data_send) for ble_nus_data_send
    bluetooth.o(i.ble_send_data) refers to main.o(i.debug_printf) for debug_printf
    bluetooth.o(i.ble_send_data) refers to tasks.o(i.vTaskDelay) for vTaskDelay
    bluetooth.o(i.ble_send_data) refers to heap_4.o(i.xPortGetFreeHeapSize) for xPortGetFreeHeapSize
    bluetooth.o(i.ble_send_data) refers to bluetooth.o(.data) for .data
    bluetooth.o(i.ble_send_thread) refers to main.o(i.debug_printf) for debug_printf
    bluetooth.o(i.ble_send_thread) refers to attention.o(i.attention_get_result) for attention_get_result
    bluetooth.o(i.ble_send_thread) refers to bluetooth.o(i.attention_encode_packet) for attention_encode_packet
    bluetooth.o(i.ble_send_thread) refers to bluetooth.o(i.ble_send_data) for ble_send_data
    bluetooth.o(i.ble_send_thread) refers to tasks.o(i.vTaskDelay) for vTaskDelay
    bluetooth.o(i.ble_send_thread) refers to bluetooth.o(.data) for .data
    bluetooth.o(i.ble_stack_init) refers to nrf_sdh.o(i.nrf_sdh_enable_request) for nrf_sdh_enable_request
[...]
    sdh_ble_observers0$$Base                 0x0004728c   Number         0  ble_conn_state.o(sdh_ble_observers0)
    sdh_ble_observers0$$Limit                0x00047294   Number         0  ble_conn_state.o(sdh_ble_observers0)
    sdh_ble_observers1$$Base                 0x00047294   Number         0  bluetooth.o(sdh_ble_observers1)
    sdh_ble_observers1$$Limit                0x000472b4   Number         0  ble_conn_params.o(sdh_ble_observers1)
    sdh_ble_observers2$$Base                 0x000472b4   Number         0  bluetooth.o(sdh_ble_observers2)
    sdh_ble_observers2$$Limit                0x000472c4   Number         0  bluetooth.o(sdh_ble_observers2)
    sdh_ble_observers3$$Base                 0x000472c4   Number         0  bluetooth.o(sdh_ble_observers3)
    sdh_ble_observers3$$Limit                0x000472cc   Number         0  bluetooth.o(sdh_ble_observers3)
    sdh_soc_observers0$$Base                 0x000472cc   Number         0  nrf_drv_clock.o(sdh_soc_observers0)
    sdh_soc_observers0$$Limit                0x000472d4   Number         0  nrf_drv_clock.o(sdh_soc_observers0)
    sdh_stack_observers0$$Base               0x000472d4   Number         0  nrf_sdh_ble.o(sdh_stack_observers0)
    sdh_stack_observers0$$Limit              0x000472e4   Number         0  nrf_sdh_soc.o(sdh_stack_observers0)
    sdh_state_observers0$$Base               0x000472e4   Number         0  nrf_drv_clock.o(sdh_state_observers0)
    sdh_state_observers0$$Limit              0x000472ec   Number         0  nrf_drv_clock.o(sdh_state_observers0)
    Image$$RW_IRAM1$$Base                    0x20002ae8   Number         0  anon$$obj.o ABSOLUTE
    print_mutex                              0x20002ae8   Data           4  main.o(.data)
    g_last_ble_event                         0x20002aed   Data           1  bluetooth.o(.data)
    m_conn_handle                            0x20002af0   Data           2  bluetooth.o(.data)
    m_ble_nus_max_data_len                   0x20002af2   Data           2  bluetooth.o(.data)
    m_adv_uuids                              0x20002b04   Data           4  bluetooth.o(.data)
    pxCurrentTCB                             0x20002b34   Data           4  tasks.o(.data)
    init_data_collected                      0x20002ba4   Data           1  ads1292.o(.data)
    write_pos                                0x20002bb0   Data           4  ads1292.o(.data)
    read_pos                                 0x20002bb4   Data           4  ads1292.o(.data)
    write_pos_0                              0x20002bb8   Data           4  ads1292.o(.data)
    read_pos_0                               0x20002bbc   Data           4  ads1292.o(.data)
    write_pos_1                              0x20002bc0   Data           4  ads1292.o(.data)
    read_pos_1                               0x20002bc4   Data           4  ads1292.o(.data)
    vol_value                                0x20002bcc   Data           4  ads1292.o(.data)
    vol_uv                                   0x20002bd0   Data           4  ads1292.o(.data)
    chn_adc_value                            0x20002be4   Data           8  ads1292.o(.data)
    ch_v                                     0x20002bec   Data           8  ads1292.o(.data)
    g_attention_score                        0x20002bf4   Data           1  attention.o(.data)
    g_attention_focused                      0x20002bf5   Data           1  attention.o(.data)
    g_attention_valid                        0x20002bf6   Data           1  attention.o(.data)
    nrf_drv_uart_use_easy_dma                0x20002cb8   Data           2  nrf_drv_uart.o(.data)
    __stdout                                 0x20002d4c   Data           4  retarget.o(.data)
    SystemCoreClock                          0x20002db4   Data           4  system_nrf52.o(.data)
    xQueueRegistry                           0x2000353c   Data          16  queue.o(.bss)
    ads1292_data                             0x20007574   Data           9  ads1292.o(.bss)
    save_data                                0x20007580   Data        8000  ads1292.o(.bss)
    save_data_0                              0x200094c0   Data        8000  ads1292.o(.bss)
    save_data_1                              0x2000b400   Data        8000  ads1292.o(.bss)
    data1                                    0x2000d340   Data        4000  ads1292.o(.bss)
    data2                                    0x2000e2e0   Data        4000  ads1292.o(.bss)
    nrf_nvic_state                           0x2001263c   Data          12  app_util_platform.o(.bss)
    _SEGGER_RTT                              0x20012b68   Data         120  segger_rtt.o(.bss)
    __initial_sp                             0x200135f0   Data           0  arm_startup_nrf52833.o(STACK)



==============================================================================

Memory Map of the image

  Image Entry point : 0x00027201

  Load Region LR_IROM1 (Base: 0x00027000, Size: 0x000205c0, Max: 0x00059000, ABSOLUTE, COMPRESSED[0x00020358])

    Execution Region ER_IROM1 (Exec base: 0x00027000, Load base: 0x00027000, Size: 0x000202ec, Max: 0x00059000, ABSOLUTE)

    Exec Addr    Load Addr    Size         Type   Attr      Idx    E Section Name        Object

    0x00027000   0x00027000   0x00000200   Data   RO         7964    RESET               arm_startup_nrf52833.o
    0x00027200   0x00027200   0x00000000   Code   RO         8308  * .ARM.Collect$$$$00000000  mc_w.l(entry.o)
    0x00027200   0x00027200   0x00000004   Code   RO         8628    .ARM.Collect$$$$00000001  mc_w.l(entry2.o)
    0x00027204   0x00027204   0x00000004   Code   RO         8631    .ARM.Collect$$$$00000004  mc_w.l(entry5.o)
    0x00027208   0x00027208   0x00000000   Code   RO         8633    .ARM.Collect$$$$00000008  mc_w.l(entry7b.o)
    0x00027208   0x00027208   0x00000000   Code   RO         8635    .ARM.Collect$$$$0000000A  mc_w.l(entry8b.o)
    0x00027208   0x00027208   0x00000008   Code   RO         8636    .ARM.Collect$$$$0000000B  mc_w.l(entry9a.o)
    0x00027210   0x00027210   0x00000004   Code   RO         8643    .ARM.Collect$$$$0000000E  mc_w.l(entry12b.o)
    0x00027214   0x00027214   0x00000000   Code   RO         8638    .ARM.Collect$$$$0000000F  mc_w.l(entry10a.o)
    0x00027214   0x00027214   0x00000000   Code   RO         8640    .ARM.Collect$$$$00000011  mc_w.l(entry11a.o)
    0x00027214   0x00027214   0x00000004   Code   RO         8629    .ARM.Collect$$$$00002712  mc_w.l(entry2.o)
    0x00027218   0x00027218   0x000000a0   Code   RO         1839    .emb_text           port.o
    0x000272b8   0x000272b8   0x000000c8   Code   RO         6371    .emb_text           nrf_atfifo.o
    0x00027380   0x00027380   0x000000e2   Code   RO         6507    .emb_text           nrf_atomic.o
    0x00027462   0x00027462   0x00000002   PAD
    0x00027464   0x00027464   0x00000024   Code   RO         7965    .text               arm_startup_nrf52833.o
    0x00027488   0x00027488   0x00000062   Code   RO         8311    .text               mc_w.l(uldiv.o)
    0x000274ea   0x000274ea   0x0000001e   Code   RO         8313    .text               mc_w.l(llshl.o)
    0x00027508   0x00027508   0x00000008   Code   RO         8315    .text               mc_w.l(ctype_o.o)
    0x00027510   0x00027510   0x00000024   Code   RO         8343    .text               mc_w.l(memcpya.o)
    0x00027534   0x00027534   0x00000024   Code   RO         8345    .text               mc_w.l(memseta.o)
    0x00027558   0x00027558   0x0000000e   Code   RO         8347    .text               mc_w.l(strlen.o)
    0x00027566   0x00027566   0x0000014e   Code   RO         8616    .text               mf_w.l(dadd.o)
    0x000276b4   0x000276b4   0x000000e4   Code   RO         8618    .text               mf_w.l(dmul.o)
    0x00027798   0x00027798   0x000000de   Code   RO         8620    .text               mf_w.l(ddiv.o)
    0x00027876   0x00027876   0x0000002c   Code   RO         8644    .text               mc_w.l(uidiv.o)
    0x000278a2   0x000278a2   0x00000020   Code   RO         8646    .text               mc_w.l(llushr.o)
    0x000278c2   0x000278c2   0x00000024   Code   RO         8648    .text               mc_w.l(llsshr.o)
    0x000278e6   0x000278e6   0x00000000   Code   RO         8657    .text               mc_w.l(iusefp.o)
    0x000278e6   0x000278e6   0x000000ba   Code   RO         8658    .text               mf_w.l(depilogue.o)
    0x000279a0   0x000279a0   0x00000030   Code   RO         8660    .text               mf_w.l(dfixul.o)
    0x000279d0   0x000279d0   0x00000030   Code   RO         8662    .text               mf_w.l(cdrcmple.o)
    0x00027a00   0x00027a00   0x00000024   Code   RO         8664    .text               mc_w.l(init.o)
    0x00027a24   0x00027a24   0x00000056   Code   RO         8674    .text               mc_w.l(__dczerorl2.o)
    0x00027a7a   0x00027a7a   0x00000002   PAD
    0x00027a7c   0x00027a7c   0x00000040   Code   RO         8274    .text.arm_bitreversal_32  arm_cortexM4lf_math.lib(arm_bitreversal2.o)
    0x00027abc   0x00027abc   0x000000e0   Code   RO         8168    .text.arm_cfft_f32  arm_cortexM4lf_math.lib(arm_cfft_f32.o)
    0x00027b9c   0x00027b9c   0x0000019c   Code   RO         8164    .text.arm_cfft_radix8by2_f32  arm_cortexM4lf_math.lib(arm_cfft_f32.o)
    0x00027d38   0x00027d38   0x00000426   Code   RO         8166    .text.arm_cfft_radix8by4_f32  arm_cortexM4lf_math.lib(arm_cfft_f32.o)
    0x0002815e   0x0002815e   0x00000002   PAD
    0x00028160   0x00028160   0x000000a0   Code   RO         8042    .text.arm_cos_f32   arm_cortexM4lf_math.lib(arm_cos_f32.o)
    0x00028200   0x00028200   0x000000ce   Code   RO         8114    .text.arm_max_f32   arm_cortexM4lf_math.lib(arm_max_f32.o)
    0x000282ce   0x000282ce   0x00000002   PAD
    0x000282d0   0x000282d0   0x00000084   Code   RO         8124    .text.arm_mean_f32  arm_cortexM4lf_math.lib(arm_mean_f32.o)
    0x00028354   0x00028354   0x000000ce   Code   RO         8134    .text.arm_min_f32   arm_cortexM4lf_math.lib(arm_min_f32.o)
    0x00028422   0x00028422   0x00000002   PAD
    0x00028424   0x00028424   0x000005a8   Code   RO         8287    .text.arm_radix8_butterfly_f32  arm_cortexM4lf_math.lib(arm_cfft_radix8_f32.o)
    0x000289cc   0x000289cc   0x0000003c   Code   RO         8097    .text.arm_rfft_1024_fast_init_f32  arm_cortexM4lf_math.lib(arm_rfft_fast_init_f32.o)
    0x00028a08   0x00028a08   0x0000003c   Code   RO         8099    .text.arm_rfft_2048_fast_init_f32  arm_cortexM4lf_math.lib(arm_rfft_fast_init_f32.o)
    0x00028a44   0x00028a44   0x00000038   Code   RO         8093    .text.arm_rfft_256_fast_init_f32  arm_cortexM4lf_math.lib(arm_rfft_fast_init_f32.o)
    0x00028a7c   0x00028a7c   0x00000036   Code   RO         8087    .text.arm_rfft_32_fast_init_f32  arm_cortexM4lf_math.lib(arm_rfft_fast_init_f32.o)
    0x00028ab2   0x00028ab2   0x0000003c   Code   RO         8101    .text.arm_rfft_4096_fast_init_f32  arm_cortexM4lf_math.lib(arm_rfft_fast_init_f32.o)
    0x00028aee   0x00028aee   0x0000003c   Code   RO         8095    .text.arm_rfft_512_fast_init_f32  arm_cortexM4lf_math.lib(arm_rfft_fast_init_f32.o)
    0x00028b2a   0x00028b2a   0x00000036   Code   RO         8089    .text.arm_rfft_64_fast_init_f32  arm_cortexM4lf_math.lib(arm_rfft_fast_init_f32.o)
    0x00028b60   0x00028b60   0x00000050   Code   RO         8076    .text.arm_rfft_fast_f32  arm_cortexM4lf_math.lib(arm_rfft_fast_f32.o)
    0x00028bb0   0x00028bb0   0x0000007e   Code   RO         8103    .text.arm_rfft_fast_init_f32  arm_cortexM4lf_math.lib(arm_rfft_fast_init_f32.o)
    0x00028c2e   0x00028c2e   0x00000002   PAD
    0x00028c30   0x00028c30   0x000000c0   Code   RO         8144    .text.arm_rms_f32   arm_cortexM4lf_math.lib(arm_rms_f32.o)
    0x00028cf0   0x00028cf0   0x000000b2   Code   RO         8074    .text.merge_rfft_f32  arm_cortexM4lf_math.lib(arm_rfft_fast_f32.o)
    0x00028da2   0x00028da2   0x00000002   PAD
    0x00028da4   0x00028da4   0x000000b8   Code   RO         8072    .text.stage_rfft_f32  arm_cortexM4lf_math.lib(arm_rfft_fast_f32.o)
    0x00028e5c   0x00028e5c   0x000000a4   Code   RO         4327    i.GPIOTE_IRQHandler  nrfx_gpiote.o
    0x00028f00   0x00028f00   0x00000006   Code   RO            4    i.HardFault_Handler  main.o
    0x00028f06   0x00028f06   0x00000002   PAD
    0x00028f08   0x00028f08   0x00000050   Code   RO         4188    i.POWER_CLOCK_IRQHandler  nrfx_clock.o
    0x00028f58   0x00028f58   0x00000010   Code   RO         6160    i.RTC1_IRQHandler   drv_rtc.o
    0x00028f68   0x00028f68   0x0000005c   Code   RO         7518    i.SEGGER_RTT_WriteNoLock  segger_rtt.o
    0x00028fc4   0x00028fc4   0x0000000c   Code   RO         4652    i.SPIM0_SPIS0_TWIM0_TWIS0_SPI0_TWI0_IRQHandler  nrfx_prs.o
    0x00028fd0   0x00028fd0   0x0000000c   Code   RO         4653    i.SPIM1_SPIS1_TWIM1_TWIS1_SPI1_TWI1_IRQHandler  nrfx_prs.o
    0x00028fdc   0x00028fdc   0x00000010   Code   RO         5157    i.SPIM2_SPIS2_SPI2_IRQHandler  nrfx_spim.o
    0x00028fec   0x00028fec   0x00000004   Code   RO         7755    i.SWI2_EGU2_IRQHandler  nrf_sdh.o
    0x00028ff0   0x00028ff0   0x00000024   Code   RO         1803    i.SysTick_Handler   port_cmsis_systick.o
    0x00029014   0x00029014   0x00000190   Code   RO         7973    i.SystemInit        system_nrf52.o
    0x000291a4   0x000291a4   0x0000000c   Code   RO         4654    i.UARTE0_UART0_IRQHandler  nrfx_prs.o
    0x000291b0   0x000291b0   0x00000016   Code   RO         7523    i._GetAvailWriteSpace  segger_rtt.o
    0x000291c6   0x000291c6   0x0000001a   Code   RO         5389    i._NRFX_IRQ_PENDING_CLEAR  nrfx_twim.o
    0x000291e0   0x000291e0   0x0000005a   Code   RO         7525    i._WriteBlocking    segger_rtt.o
    0x0002923a   0x0002923a   0x00000042   Code   RO         7526    i._WriteNoCheck     segger_rtt.o
    0x0002927c   0x0002927c   0x00000020   Code   RO         8588    i.__0printf         mc_w.l(printfa.o)
    0x0002929c   0x0002929c   0x00000010   Code   RO         8592    i.__0vprintf        mc_w.l(printfa.o)
    0x000292ac   0x000292ac   0x00000024   Code   RO         7974    i.__NVIC_SystemReset  system_nrf52.o
    0x000292d0   0x000292d0   0x0000003a   Code   RO         8296    i.__hardfp_sqrtf    m_wm.l(sqrtf.o)
    0x0002930a   0x0002930a   0x0000000e   Code   RO         8668    i.__scatterload_copy  mc_w.l(handlers.o)
    0x00029318   0x00029318   0x00000002   Code   RO         8669    i.__scatterload_null  mc_w.l(handlers.o)
    0x0002931a   0x0002931a   0x0000000e   Code   RO         8670    i.__scatterload_zeroinit  mc_w.l(handlers.o)
    0x00029328   0x00029328   0x00000024   Code   RO         7756    i.__sd_nvic_app_accessible_irq  nrf_sdh.o
    0x0002934c   0x0002934c   0x0000000c   Code   RO         8652    i.__set_errno       mc_w.l(errno.o)
    0x00029358   0x00029358   0x00000184   Code   RO         8595    i._fp_digits        mc_w.l(printfa.o)
    0x000294dc   0x000294dc   0x000006b4   Code   RO         8596    i._printf_core      mc_w.l(printfa.o)
    0x00029b90   0x00029b90   0x00000024   Code   RO         8597    i._printf_post_padding  mc_w.l(printfa.o)
    0x00029bb4   0x00029bb4   0x0000002e   Code   RO         8598    i._printf_pre_padding  mc_w.l(printfa.o)
    0x00029be2   0x00029be2   0x00000002   PAD
    0x00029be4   0x00029be4   0x0000003c   Code   RO         2462    i.ads1292_code_to_uv  ads1292.o
    0x00029c20   0x00029c20   0x00000024   Code   RO         2463    i.ads1292_exit_rdatac  ads1292.o
    0x00029c44   0x00029c44   0x000003cc   Code   RO         2464    i.ads1292_init      ads1292.o
    0x0002a010   0x0002a010   0x000000b4   Code   RO         2466    i.ads1292_print_gpio_diag  ads1292.o
    0x0002a0c4   0x0002a0c4   0x00000074   Code   RO         2467    i.ads1292_read_frame  ads1292.o
    0x0002a138   0x0002a138   0x00000040   Code   RO         2468    i.ads1292_read_reg  ads1292.o
    0x0002a178   0x0002a178   0x00000012   Code   RO         2469    i.ads1292_send_cmd  ads1292.o
    0x0002a18a   0x0002a18a   0x0000001e   Code   RO         2470    i.ads1292_sign_extend_24  ads1292.o
    0x0002a1a8   0x0002a1a8   0x00000050   Code   RO         2471    i.ads1292_spi_transfer  ads1292.o
    0x0002a1f8   0x0002a1f8   0x00000060   Code   RO         2473    i.ads1292_start_sampling  ads1292.o
    0x0002a258   0x0002a258   0x00000030   Code   RO         2476    i.ads1292_write_reg  ads1292.o
    0x0002a288   0x0002a288   0x00000040   Code   RO         2477    i.ads1292_write_verify  ads1292.o
    0x0002a2c8   0x0002a2c8   0x00000010   Code   RO         3217    i.adv_set_data_size_max_get  ble_advertising.o
    0x0002a2d8   0x0002a2d8   0x00000036   Code   RO         3010    i.advertising_buttons_configure  bsp_btn_ble.o
    0x0002a30e   0x0002a30e   0x00000002   PAD
    0x0002a310   0x0002a310   0x0000006c   Code   RO          517    i.advertising_init  bluetooth.o
    0x0002a37c   0x0002a37c   0x0000001c   Code   RO          518    i.advertising_start  bluetooth.o
    0x0002a398   0x0002a398   0x00000006   Code   RO            5    i.app_error_fault_handler  main.o
    0x0002a39e   0x0002a39e   0x00000016   Code   RO         5663    i.app_error_handler_bare  app_error.o
    0x0002a3b4   0x0002a3b4   0x00000016   Code   RO         5753    i.app_fifo_get      app_fifo.o
    0x0002a3ca   0x0002a3ca   0x00000020   Code   RO         5754    i.app_fifo_init     app_fifo.o
    0x0002a3ea   0x0002a3ea   0x0000001a   Code   RO         5756    i.app_fifo_put      app_fifo.o
    0x0002a404   0x0002a404   0x0000000c   Code   RO         5877    i.app_timer_cnt_get  app_timer2.o
    0x0002a410   0x0002a410   0x00000020   Code   RO         5878    i.app_timer_create  app_timer2.o
    0x0002a430   0x0002a430   0x0000005c   Code   RO         5879    i.app_timer_init    app_timer2.o
    0x0002a48c   0x0002a48c   0x00000054   Code   RO         5882    i.app_timer_start   app_timer2.o
    0x0002a4e0   0x0002a4e0   0x00000044   Code   RO         5883    i.app_timer_stop    app_timer2.o
    0x0002a524   0x0002a524   0x00000034   Code   RO         6017    i.app_uart_get      app_uart_fifo.o
    0x0002a558   0x0002a558   0x000000a4   Code   RO         6018    i.app_uart_init     app_uart_fifo.o
    0x0002a5fc   0x0002a5fc   0x00000054   Code   RO         6019    i.app_uart_put      app_uart_fifo.o
    0x0002a650   0x0002a650   0x00000048   Code   RO         6092    i.app_util_critical_region_enter  app_util_platform.o
    0x0002a698   0x0002a698   0x00000034   Code   RO         6093    i.app_util_critical_region_exit  app_util_platform.o
    0x0002a6cc   0x0002a6cc   0x00000076   Code   RO         4718    i.apply_config      nrfx_uart.o
    0x0002a742   0x0002a742   0x00000076   Code   RO         4916    i.apply_config      nrfx_uarte.o
    0x0002a7b8   0x0002a7b8   0x0000001c   Code   RO         2679    i.attention_biquad_init  attention.o
    0x0002a7d4   0x0002a7d4   0x0000004a   Code   RO         2680    i.attention_biquad_process  attention.o
    0x0002a81e   0x0002a81e   0x00000002   PAD
    0x0002a820   0x0002a820   0x00000018   Code   RO         2681    i.attention_biquad_reset  attention.o
    0x0002a838   0x0002a838   0x00000020   Code   RO         2682    i.attention_clampf  attention.o
    0x0002a858   0x0002a858   0x00000110   Code   RO         2683    i.attention_compute_band_powers  attention.o
    0x0002a968   0x0002a968   0x00000060   Code   RO          520    i.attention_encode_packet  bluetooth.o
    0x0002a9c8   0x0002a9c8   0x00000068   Code   RO         2684    i.attention_filter_sample  attention.o
    0x0002aa30   0x0002aa30   0x0000002c   Code   RO         2685    i.attention_get_result  attention.o
    0x0002aa5c   0x0002aa5c   0x000001e4   Code   RO         2686    i.attention_init    attention.o
    0x0002ac40   0x0002ac40   0x000001e4   Code   RO         2688    i.attention_process_window  attention.o
    0x0002ae24   0x0002ae24   0x0000003c   Code   RO         2689    i.attention_publish_result  attention.o
    0x0002ae60   0x0002ae60   0x000000c4   Code   RO         2690    i.attention_push_sample  attention.o
    0x0002af24   0x0002af24   0x00000024   Code   RO         2692    i.attention_thread  attention.o
    0x0002af48   0x0002af48   0x000000cc   Code   RO         2693    i.attention_window_has_artifact  attention.o
    0x0002b014   0x0002b014   0x00000048   Code   RO         3559    i.blcm_link_ctx_get  ble_link_ctx_manager.o
    0x0002b05c   0x0002b05c   0x00000182   Code   RO         3111    i.ble_advdata_encode  ble_advdata.o
    0x0002b1de   0x0002b1de   0x00000020   Code   RO         3113    i.ble_advdata_parse  ble_advdata.o
    0x0002b1fe   0x0002b1fe   0x00000046   Code   RO         3114    i.ble_advdata_search  ble_advdata.o
    0x0002b244   0x0002b244   0x00000006   Code   RO         3219    i.ble_advertising_conn_cfg_tag_set  ble_advertising.o
    0x0002b24a   0x0002b24a   0x000000e8   Code   RO         3220    i.ble_advertising_init  ble_advertising.o
    0x0002b332   0x0002b332   0x0000006a   Code   RO         3222    i.ble_advertising_on_ble_evt  ble_advertising.o
    0x0002b39c   0x0002b39c   0x00000230   Code   RO         3225    i.ble_advertising_start  ble_advertising.o
    0x0002b5cc   0x0002b5cc   0x00000068   Code   RO         3316    i.ble_conn_params_init  ble_conn_params.o
    0x0002b634   0x0002b634   0x00000012   Code   RO         3391    i.ble_conn_state_conn_idx  ble_conn_state.o
    0x0002b646   0x0002b646   0x00000002   PAD
    0x0002b648   0x0002b648   0x00000014   Code   RO         3405    i.ble_conn_state_valid  ble_conn_state.o
    0x0002b65c   0x0002b65c   0x00000060   Code   RO         3117    i.ble_device_addr_encode  ble_advdata.o
    0x0002b6bc   0x0002b6bc   0x000000d4   Code   RO          521    i.ble_evt_handler   bluetooth.o
    0x0002b790   0x0002b790   0x00000070   Code   RO         3011    i.ble_evt_handler   bsp_btn_ble.o
    0x0002b800   0x0002b800   0x000000fc   Code   RO         3318    i.ble_evt_handler   ble_conn_params.o
    0x0002b8fc   0x0002b8fc   0x00000118   Code   RO         3406    i.ble_evt_handler   ble_conn_state.o
    0x0002ba14   0x0002ba14   0x00000066   Code   RO         3785    i.ble_nus_data_send  ble_nus.o
    0x0002ba7a   0x0002ba7a   0x00000002   PAD
    0x0002ba7c   0x0002ba7c   0x000000d8   Code   RO         3786    i.ble_nus_init      ble_nus.o
    0x0002bb54   0x0002bb54   0x00000078   Code   RO         3787    i.ble_nus_on_ble_evt  ble_nus.o
    0x0002bbcc   0x0002bbcc   0x00000018   Code   RO          522    i.ble_record_runtime_error  bluetooth.o
    0x0002bbe4   0x0002bbe4   0x000001a0   Code   RO          523    i.ble_send_data     bluetooth.o
    0x0002bd84   0x0002bd84   0x000000d4   Code   RO          524    i.ble_send_thread   bluetooth.o
    0x0002be58   0x0002be58   0x00000008   Code   RO         3585    i.ble_srv_is_notification_enabled  ble_srv_common.o
    0x0002be60   0x0002be60   0x00000042   Code   RO          525    i.ble_stack_init    bluetooth.o
    0x0002bea2   0x0002bea2   0x00000002   PAD
    0x0002bea4   0x0002bea4   0x0000005c   Code   RO          526    i.ble_thread        bluetooth.o
    0x0002bf00   0x0002bf00   0x0000002c   Code   RO         2789    i.bsp_board_led_invert  boards.o
    0x0002bf2c   0x0002bf2c   0x00000010   Code   RO         2790    i.bsp_board_led_off  boards.o
    0x0002bf3c   0x0002bf3c   0x00000010   Code   RO         2791    i.bsp_board_led_on  boards.o
    0x0002bf4c   0x0002bf4c   0x00000028   Code   RO         2792    i.bsp_board_led_state_get  boards.o
    0x0002bf74   0x0002bf74   0x00000012   Code   RO         2793    i.bsp_board_leds_off  boards.o
    0x0002bf86   0x0002bf86   0x00000012   Code   RO         2794    i.bsp_board_leds_on  boards.o
    0x0002bf98   0x0002bf98   0x00000024   Code   RO         2795    i.bsp_board_pin_to_button_idx  boards.o
    0x0002bfbc   0x0002bfbc   0x00000090   Code   RO         2894    i.bsp_button_event_handler  bsp.o
    0x0002c04c   0x0002c04c   0x00000044   Code   RO         2898    i.bsp_event_to_button_action_assign  bsp.o
    0x0002c090   0x0002c090   0x00000018   Code   RO         2899    i.bsp_indication_set  bsp.o
    0x0002c0a8   0x0002c0a8   0x000001c8   Code   RO         2901    i.bsp_led_indication  bsp.o
    0x0002c270   0x0002c270   0x00000094   Code   RO         7255    i.buf_prealloc      nrf_log_frontend.o
    0x0002c304   0x0002c304   0x0000002e   Code   RO         6716    i.buffer_add        nrf_fprintf_format.o
    0x0002c332   0x0002c332   0x00000002   PAD
    0x0002c334   0x0002c334   0x00000018   Code   RO         7256    i.buffer_is_empty   nrf_log_frontend.o
    0x0002c34c   0x0002c34c   0x0000001c   Code   RO         4328    i.channel_free      nrfx_gpiote.o
    0x0002c368   0x0002c368   0x00000048   Code   RO         4329    i.channel_port_alloc  nrfx_gpiote.o
    0x0002c3b0   0x0002c3b0   0x00000010   Code   RO         4330    i.channel_port_get  nrfx_gpiote.o
    0x0002c3c0   0x0002c3c0   0x00000190   Code   RO         3587    i.characteristic_add  ble_srv_common.o
    0x0002c550   0x0002c550   0x00000028   Code   RO         3843    i.clock_clk_started_notify  nrf_drv_clock.o
    0x0002c578   0x0002c578   0x0000001c   Code   RO         3844    i.clock_irq_handler  nrf_drv_clock.o
    0x0002c594   0x0002c594   0x00000018   Code   RO         5885    i.compare_func      app_timer2.o
    0x0002c5ac   0x0002c5ac   0x0000003e   Code   RO         3407    i.conn_handle_list_get  ble_conn_state.o
    0x0002c5ea   0x0002c5ea   0x00000088   Code   RO         3118    i.conn_int_encode   ble_advdata.o
    0x0002c672   0x0002c672   0x00000008   Code   RO          528    i.conn_params_error_handler  bluetooth.o
    0x0002c67a   0x0002c67a   0x00000002   PAD
    0x0002c67c   0x0002c67c   0x0000004c   Code   RO          529    i.conn_params_init  bluetooth.o
    0x0002c6c8   0x0002c6c8   0x00000048   Code   RO         3319    i.conn_params_negotiation  ble_conn_params.o
    0x0002c710   0x0002c710   0x000000c0   Code   RO         3642    i.data_length_update  nrf_ble_gatt.o
    0x0002c7d0   0x0002c7d0   0x00000058   Code   RO            6    i.debug_printf      main.o
    0x0002c828   0x0002c828   0x000000e0   Code   RO         2479    i.device_init       ads1292.o
    0x0002c908   0x0002c908   0x00000040   Code   RO         2480    i.drdy_isr_handler  ads1292.o
    0x0002c948   0x0002c948   0x00000014   Code   RO         7257    i.dropped_sat16_get  nrf_log_frontend.o
    0x0002c95c   0x0002c95c   0x00000014   Code   RO         6161    i.drv_rtc_compare_disable  drv_rtc.o
    0x0002c970   0x0002c970   0x0000000e   Code   RO         6164    i.drv_rtc_compare_pending  drv_rtc.o
    0x0002c97e   0x0002c97e   0x00000050   Code   RO         6165    i.drv_rtc_compare_set  drv_rtc.o
    0x0002c9ce   0x0002c9ce   0x00000008   Code   RO         6166    i.drv_rtc_counter_get  drv_rtc.o
    0x0002c9d6   0x0002c9d6   0x00000002   PAD
    0x0002c9d8   0x0002c9d8   0x000000d8   Code   RO         6167    i.drv_rtc_init      drv_rtc.o
    0x0002cab0   0x0002cab0   0x0000001e   Code   RO         6168    i.drv_rtc_irq_trigger  drv_rtc.o
    0x0002cace   0x0002cace   0x00000008   Code   RO         6170    i.drv_rtc_overflow_enable  drv_rtc.o
    0x0002cad6   0x0002cad6   0x00000008   Code   RO         6171    i.drv_rtc_overflow_pending  drv_rtc.o
    0x0002cade   0x0002cade   0x00000008   Code   RO         6172    i.drv_rtc_start     drv_rtc.o
    0x0002cae6   0x0002cae6   0x00000008   Code   RO         6173    i.drv_rtc_stop      drv_rtc.o
    0x0002caee   0x0002caee   0x000000de   Code   RO         6178    i.drv_rtc_windowed_compare_set  drv_rtc.o
    0x0002cbcc   0x0002cbcc   0x00000012   Code   RO         6179    i.evt_enable        drv_rtc.o
    0x0002cbde   0x0002cbde   0x00000014   Code   RO         6180    i.evt_pending       drv_rtc.o
    0x0002cbf2   0x0002cbf2   0x00000002   PAD
    0x0002cbf4   0x0002cbf4   0x0000003c   Code   RO            7    i.fatal_reset       main.o
    0x0002cc30   0x0002cc30   0x00000014   Code   RO         5759    i.fifo_get          app_fifo.o
    0x0002cc44   0x0002cc44   0x00000012   Code   RO         5760    i.fifo_put          app_fifo.o
    0x0002cc56   0x0002cc56   0x0000000a   Code   RO         3408    i.flag_toggle       ble_conn_state.o
    0x0002cc60   0x0002cc60   0x00000028   Code   RO         3227    i.flags_set         ble_advertising.o
    0x0002cc88   0x0002cc88   0x0000000e   Code   RO         7082    i.fputc             retarget.o
    0x0002cc96   0x0002cc96   0x00000002   PAD
    0x0002cc98   0x0002cc98   0x00000064   Code   RO          530    i.gap_params_init   bluetooth.o
    0x0002ccfc   0x0002ccfc   0x0000005c   Code   RO          531    i.gatt_evt_handler  bluetooth.o
    0x0002cd58   0x0002cd58   0x00000030   Code   RO          532    i.gatt_init         bluetooth.o
    0x0002cd88   0x0002cd88   0x00000034   Code   RO         5886    i.get_now           app_timer2.o
    0x0002cdbc   0x0002cdbc   0x00000014   Code   RO         3320    i.instance_get      ble_conn_params.o
    0x0002cdd0   0x0002cdd0   0x000000a6   Code   RO         6717    i.int_print         nrf_fprintf_format.o
    0x0002ce76   0x0002ce76   0x00000002   PAD
    0x0002ce78   0x0002ce78   0x00000088   Code   RO         4917    i.interrupts_enable  nrfx_uarte.o
    0x0002cf00   0x0002cf00   0x00000034   Code   RO         7258    i.invalid_packets_omit  nrf_log_frontend.o
    0x0002cf34   0x0002cf34   0x0000004a   Code   RO         5158    i.irq_handler       nrfx_spim.o
    0x0002cf7e   0x0002cf7e   0x00000044   Code   RO         3321    i.is_conn_params_ok  ble_conn_params.o
    0x0002cfc2   0x0002cfc2   0x00000002   PAD
    0x0002cfc4   0x0002cfc4   0x00000030   Code   RO         2905    i.leds_off          bsp.o
    0x0002cff4   0x0002cff4   0x00000014   Code   RO         3643    i.link_init         nrf_ble_gatt.o
    0x0002d008   0x0002d008   0x00000002   Code   RO         7259    i.log_pending_hook  nrf_log_frontend.o
    0x0002d00a   0x0002d00a   0x00000002   PAD
    0x0002d00c   0x0002d00c   0x000000a4   Code   RO         7260    i.log_skip          nrf_log_frontend.o
    0x0002d0b0   0x0002d0b0   0x0000030c   Code   RO            8    i.main              main.o
    0x0002d3bc   0x0002d3bc   0x00000064   Code   RO         3119    i.manuf_specific_data_encode  ble_advdata.o
    0x0002d420   0x0002d420   0x0000007e   Code   RO         6756    i.memobj_op         nrf_memobj.o
    0x0002d49e   0x0002d49e   0x00000002   PAD
    0x0002d4a0   0x0002d4a0   0x00000030   Code   RO         7261    i.module_idx_get    nrf_log_frontend.o
    0x0002d4d0   0x0002d4d0   0x000000a6   Code   RO         3120    i.name_encode       ble_advdata.o
    0x0002d576   0x0002d576   0x00000026   Code   RO         6375    i.nrf_atfifo_init   nrf_atfifo.o
    0x0002d59c   0x0002d59c   0x00000016   Code   RO         6376    i.nrf_atfifo_item_alloc  nrf_atfifo.o
    0x0002d5b2   0x0002d5b2   0x00000016   Code   RO         6377    i.nrf_atfifo_item_free  nrf_atfifo.o
    0x0002d5c8   0x0002d5c8   0x00000016   Code   RO         6378    i.nrf_atfifo_item_get  nrf_atfifo.o
    0x0002d5de   0x0002d5de   0x00000016   Code   RO         6379    i.nrf_atfifo_item_put  nrf_atfifo.o
    0x0002d5f4   0x0002d5f4   0x00000016   Code   RO         6441    i.nrf_atflags_clear  nrf_atflags.o
    0x0002d60a   0x0002d60a   0x00000016   Code   RO         6446    i.nrf_atflags_get   nrf_atflags.o
    0x0002d620   0x0002d620   0x00000014   Code   RO         6448    i.nrf_atflags_set   nrf_atflags.o
    0x0002d634   0x0002d634   0x00000006   Code   RO         6509    i.nrf_atomic_flag_clear_fetch  nrf_atomic.o
    0x0002d63a   0x0002d63a   0x00000006   Code   RO         6510    i.nrf_atomic_flag_set  nrf_atomic.o
    0x0002d640   0x0002d640   0x0000000c   Code   RO         6512    i.nrf_atomic_u32_add  nrf_atomic.o
    0x0002d64c   0x0002d64c   0x0000000c   Code   RO         6513    i.nrf_atomic_u32_and  nrf_atomic.o
    0x0002d658   0x0002d658   0x0000000a   Code   RO         6516    i.nrf_atomic_u32_fetch_and  nrf_atomic.o
    0x0002d662   0x0002d662   0x0000000a   Code   RO         6518    i.nrf_atomic_u32_fetch_store  nrf_atomic.o
    0x0002d66c   0x0002d66c   0x0000000c   Code   RO         6522    i.nrf_atomic_u32_or  nrf_atomic.o
    0x0002d678   0x0002d678   0x0000000c   Code   RO         6524    i.nrf_atomic_u32_sub  nrf_atomic.o
    0x0002d684   0x0002d684   0x00000044   Code   RO         6643    i.nrf_balloc_alloc  nrf_balloc.o
    0x0002d6c8   0x0002d6c8   0x00000030   Code   RO         6644    i.nrf_balloc_free   nrf_balloc.o
    0x0002d6f8   0x0002d6f8   0x00000010   Code   RO         4331    i.nrf_bitmask_bit_is_set  nrfx_gpiote.o
    0x0002d708   0x0002d708   0x00000014   Code   RO         3645    i.nrf_ble_gatt_att_mtu_periph_set  nrf_ble_gatt.o
    0x0002d71c   0x0002d71c   0x00000022   Code   RO         3649    i.nrf_ble_gatt_init  nrf_ble_gatt.o
    0x0002d73e   0x0002d73e   0x00000002   PAD
    0x0002d740   0x0002d740   0x00000150   Code   RO         3650    i.nrf_ble_gatt_on_ble_evt  nrf_ble_gatt.o
    0x0002d890   0x0002d890   0x00000016   Code   RO         3744    i.nrf_ble_qwr_conn_handle_assign  nrf_ble_qwr.o
    0x0002d8a6   0x0002d8a6   0x00000024   Code   RO         3745    i.nrf_ble_qwr_init  nrf_ble_qwr.o
    0x0002d8ca   0x0002d8ca   0x000000b6   Code   RO         3746    i.nrf_ble_qwr_on_ble_evt  nrf_ble_qwr.o
    0x0002d980   0x0002d980   0x0000000e   Code   RO         4189    i.nrf_clock_event_check  nrfx_clock.o
    0x0002d98e   0x0002d98e   0x00000010   Code   RO         4190    i.nrf_clock_event_clear  nrfx_clock.o
    0x0002d99e   0x0002d99e   0x00000016   Code   RO         2481    i.nrf_delay_ms      ads1292.o
    0x0002d9b4   0x0002d9b4   0x00000040   Code   RO         3851    i.nrf_drv_clock_init  nrf_drv_clock.o
    0x0002d9f4   0x0002d9f4   0x00000034   Code   RO         3855    i.nrf_drv_clock_lfclk_release  nrf_drv_clock.o
    0x0002da28   0x0002da28   0x00000070   Code   RO         5122    i.nrf_drv_spi_init  nrf_drv_spi.o
    0x0002da98   0x0002da98   0x00000040   Code   RO         5296    i.nrf_drv_twi_init  nrf_drv_twi.o
    0x0002dad8   0x0002dad8   0x0000000e   Code   RO         2311    i.nrf_drv_twi_tx    qmi8658c.o
    0x0002dae6   0x0002dae6   0x00000002   PAD
    0x0002dae8   0x0002dae8   0x00000068   Code   RO         3997    i.nrf_drv_uart_init  nrf_drv_uart.o
    0x0002db50   0x0002db50   0x00000020   Code   RO         6020    i.nrf_drv_uart_rx   app_uart_fifo.o
    0x0002db70   0x0002db70   0x00000020   Code   RO         6021    i.nrf_drv_uart_tx   app_uart_fifo.o
    0x0002db90   0x0002db90   0x0000001a   Code   RO         6680    i.nrf_fprintf       nrf_fprintf.o
    0x0002dbaa   0x0002dbaa   0x00000018   Code   RO         6681    i.nrf_fprintf_buffer_flush  nrf_fprintf.o
    0x0002dbc2   0x0002dbc2   0x000001da   Code   RO         6718    i.nrf_fprintf_fmt   nrf_fprintf_format.o
    0x0002dd9c   0x0002dd9c   0x00000032   Code   RO         2482    i.nrf_gpio_cfg      ads1292.o
    0x0002ddce   0x0002ddce   0x00000032   Code   RO         4332    i.nrf_gpio_cfg      nrfx_gpiote.o
    0x0002de00   0x0002de00   0x00000032   Code   RO         4719    i.nrf_gpio_cfg      nrfx_uart.o
    0x0002de32   0x0002de32   0x00000032   Code   RO         4918    i.nrf_gpio_cfg      nrfx_uarte.o
    0x0002de64   0x0002de64   0x00000032   Code   RO         5159    i.nrf_gpio_cfg      nrfx_spim.o
    0x0002de96   0x0002de96   0x00000002   PAD
    0x0002de98   0x0002de98   0x00000034   Code   RO         5390    i.nrf_gpio_cfg      nrfx_twim.o
    0x0002decc   0x0002decc   0x00000012   Code   RO         2483    i.nrf_gpio_cfg_input  ads1292.o
    0x0002dede   0x0002dede   0x00000012   Code   RO         4721    i.nrf_gpio_cfg_input  nrfx_uart.o
    0x0002def0   0x0002def0   0x00000012   Code   RO         4920    i.nrf_gpio_cfg_input  nrfx_uarte.o
    0x0002df02   0x0002df02   0x00000014   Code   RO         2484    i.nrf_gpio_cfg_output  ads1292.o
    0x0002df16   0x0002df16   0x00000014   Code   RO         4722    i.nrf_gpio_cfg_output  nrfx_uart.o
    0x0002df2a   0x0002df2a   0x00000014   Code   RO         4921    i.nrf_gpio_cfg_output  nrfx_uarte.o
    0x0002df3e   0x0002df3e   0x00000014   Code   RO         5160    i.nrf_gpio_cfg_output  nrfx_spim.o
    0x0002df52   0x0002df52   0x00000030   Code   RO         4334    i.nrf_gpio_cfg_sense_set  nrfx_gpiote.o
    0x0002df82   0x0002df82   0x00000002   PAD
    0x0002df84   0x0002df84   0x00000030   Code   RO         4335    i.nrf_gpio_latches_read_and_clear  nrfx_gpiote.o
    0x0002dfb4   0x0002dfb4   0x00000014   Code   RO         2485    i.nrf_gpio_pin_clear  ads1292.o
    0x0002dfc8   0x0002dfc8   0x00000014   Code   RO         5161    i.nrf_gpio_pin_clear  nrfx_spim.o
    0x0002dfdc   0x0002dfdc   0x00000014   Code   RO         5297    i.nrf_gpio_pin_clear  nrf_drv_twi.o
    0x0002dff0   0x0002dff0   0x00000016   Code   RO         2486    i.nrf_gpio_pin_out_read  ads1292.o
    0x0002e006   0x0002e006   0x00000002   PAD
    0x0002e008   0x0002e008   0x0000001c   Code   RO         2487    i.nrf_gpio_pin_port_decode  ads1292.o
    0x0002e024   0x0002e024   0x0000001c   Code   RO         2798    i.nrf_gpio_pin_port_decode  boards.o
    0x0002e040   0x0002e040   0x0000001c   Code   RO         4337    i.nrf_gpio_pin_port_decode  nrfx_gpiote.o
    0x0002e05c   0x0002e05c   0x0000001c   Code   RO         4723    i.nrf_gpio_pin_port_decode  nrfx_uart.o
    0x0002e078   0x0002e078   0x0000001c   Code   RO         4922    i.nrf_gpio_pin_port_decode  nrfx_uarte.o
    0x0002e094   0x0002e094   0x0000001c   Code   RO         5162    i.nrf_gpio_pin_port_decode  nrfx_spim.o
    0x0002e0b0   0x0002e0b0   0x0000001c   Code   RO         5298    i.nrf_gpio_pin_port_decode  nrf_drv_twi.o
    0x0002e0cc   0x0002e0cc   0x0000002c   Code   RO         4338    i.nrf_gpio_pin_present_check  nrfx_gpiote.o
    0x0002e0f8   0x0002e0f8   0x00000016   Code   RO         4339    i.nrf_gpio_pin_read  nrfx_gpiote.o
    0x0002e10e   0x0002e10e   0x00000014   Code   RO         2488    i.nrf_gpio_pin_set  ads1292.o
    0x0002e122   0x0002e122   0x00000014   Code   RO         4724    i.nrf_gpio_pin_set  nrfx_uart.o
    0x0002e136   0x0002e136   0x00000014   Code   RO         4923    i.nrf_gpio_pin_set  nrfx_uarte.o
    0x0002e14a   0x0002e14a   0x00000014   Code   RO         5163    i.nrf_gpio_pin_set  nrfx_spim.o
    0x0002e15e   0x0002e15e   0x00000014   Code   RO         5299    i.nrf_gpio_pin_set  nrf_drv_twi.o
    0x0002e172   0x0002e172   0x00000026   Code   RO         2799    i.nrf_gpio_pin_write  boards.o
    0x0002e198   0x0002e198   0x00000014   Code   RO         4341    i.nrf_gpiote_event_clear  nrfx_gpiote.o
    0x0002e1ac   0x0002e1ac   0x00000010   Code   RO         4342    i.nrf_gpiote_event_is_set  nrfx_gpiote.o
    0x0002e1bc   0x0002e1bc   0x00000002   Code   RO         7119    i.nrf_log_backend_rtt_flush  nrf_log_backend_rtt.o
    0x0002e1be   0x0002e1be   0x00000002   Code   RO         7121    i.nrf_log_backend_rtt_panic_set  nrf_log_backend_rtt.o
    0x0002e1c0   0x0002e1c0   0x00000018   Code   RO         7122    i.nrf_log_backend_rtt_put  nrf_log_backend_rtt.o
    0x0002e1d8   0x0002e1d8   0x000000c2   Code   RO         7185    i.nrf_log_backend_serial_put  nrf_log_backend_serial.o
    0x0002e29a   0x0002e29a   0x00000002   PAD
    0x0002e29c   0x0002e29c   0x00000030   Code   RO         7264    i.nrf_log_color_id_get  nrf_log_frontend.o
    0x0002e2cc   0x0002e2cc   0x00000234   Code   RO         7265    i.nrf_log_frontend_dequeue  nrf_log_frontend.o
    0x0002e500   0x0002e500   0x00000008   Code   RO         7267    i.nrf_log_frontend_std_0  nrf_log_frontend.o
    0x0002e508   0x0002e508   0x0000000e   Code   RO         7268    i.nrf_log_frontend_std_1  nrf_log_frontend.o
    0x0002e516   0x0002e516   0x00000010   Code   RO         7269    i.nrf_log_frontend_std_2  nrf_log_frontend.o
    0x0002e526   0x0002e526   0x00000002   PAD
    0x0002e528   0x0002e528   0x000000b0   Code   RO         7448    i.nrf_log_hexdump_entry_process  nrf_log_str_formatter.o
    0x0002e5d8   0x0002e5d8   0x00000014   Code   RO         7275    i.nrf_log_module_cnt_get  nrf_log_frontend.o
    0x0002e5ec   0x0002e5ec   0x0000001c   Code   RO         7278    i.nrf_log_module_name_get  nrf_log_frontend.o
    0x0002e608   0x0002e608   0x000000b6   Code   RO         7449    i.nrf_log_std_entry_process  nrf_log_str_formatter.o
    0x0002e6be   0x0002e6be   0x00000060   Code   RO         6757    i.nrf_memobj_alloc  nrf_memobj.o
    0x0002e71e   0x0002e71e   0x00000032   Code   RO         6758    i.nrf_memobj_free   nrf_memobj.o
    0x0002e750   0x0002e750   0x00000008   Code   RO         6759    i.nrf_memobj_get    nrf_memobj.o
    0x0002e758   0x0002e758   0x0000001e   Code   RO         6761    i.nrf_memobj_put    nrf_memobj.o
    0x0002e776   0x0002e776   0x00000010   Code   RO         6762    i.nrf_memobj_read   nrf_memobj.o
    0x0002e786   0x0002e786   0x00000010   Code   RO         6763    i.nrf_memobj_write  nrf_memobj.o
    0x0002e796   0x0002e796   0x00000008   Code   RO          534    i.nrf_qwr_error_handler  bluetooth.o
    0x0002e79e   0x0002e79e   0x0000000c   Code   RO         6181    i.nrf_rtc_event_clear  drv_rtc.o
    0x0002e7aa   0x0002e7aa   0x00000002   PAD
    0x0002e7ac   0x0002e7ac   0x00000014   Code   RO         7876    i.nrf_sdh_ble_app_ram_start_get  nrf_sdh_ble.o
    0x0002e7c0   0x0002e7c0   0x00000100   Code   RO         7877    i.nrf_sdh_ble_default_cfg_set  nrf_sdh_ble.o
    0x0002e8c0   0x0002e8c0   0x00000150   Code   RO         7878    i.nrf_sdh_ble_enable  nrf_sdh_ble.o
    0x0002ea10   0x0002ea10   0x0000005c   Code   RO         7879    i.nrf_sdh_ble_evts_poll  nrf_sdh_ble.o
    0x0002ea6c   0x0002ea6c   0x000000b0   Code   RO         7758    i.nrf_sdh_enable_request  nrf_sdh.o
    0x0002eb1c   0x0002eb1c   0x00000024   Code   RO         7759    i.nrf_sdh_evts_poll  nrf_sdh.o
    0x0002eb40   0x0002eb40   0x0000000c   Code   RO         7760    i.nrf_sdh_is_enabled  nrf_sdh.o
    0x0002eb4c   0x0002eb4c   0x0000003c   Code   RO         7930    i.nrf_sdh_soc_evts_poll  nrf_sdh_soc.o
    0x0002eb88   0x0002eb88   0x0000000a   Code   RO         6957    i.nrf_section_iter_init  nrf_section_iter.o
    0x0002eb92   0x0002eb92   0x00000024   Code   RO         6958    i.nrf_section_iter_item_set  nrf_section_iter.o
    0x0002ebb6   0x0002ebb6   0x00000020   Code   RO         6959    i.nrf_section_iter_next  nrf_section_iter.o
    0x0002ebd6   0x0002ebd6   0x00000022   Code   RO         6992    i.nrf_sortlist_add  nrf_sortlist.o
    0x0002ebf8   0x0002ebf8   0x00000006   Code   RO         6994    i.nrf_sortlist_peek  nrf_sortlist.o
    0x0002ebfe   0x0002ebfe   0x0000000e   Code   RO         6995    i.nrf_sortlist_pop  nrf_sortlist.o
    0x0002ec0c   0x0002ec0c   0x0000001e   Code   RO         6996    i.nrf_sortlist_remove  nrf_sortlist.o
    0x0002ec2a   0x0002ec2a   0x0000000a   Code   RO         5164    i.nrf_spim_event_check  nrfx_spim.o
    0x0002ec34   0x0002ec34   0x00000038   Code   RO         7048    i.nrf_strerror_find  nrf_strerror.o
    0x0002ec6c   0x0002ec6c   0x00000014   Code   RO         7049    i.nrf_strerror_get  nrf_strerror.o
    0x0002ec80   0x0002ec80   0x0000000a   Code   RO         5392    i.nrf_twim_event_check  nrfx_twim.o
    0x0002ec8a   0x0002ec8a   0x0000000c   Code   RO         5393    i.nrf_twim_event_clear  nrfx_twim.o
    0x0002ec96   0x0002ec96   0x0000000a   Code   RO         4725    i.nrf_uart_event_check  nrfx_uart.o
    0x0002eca0   0x0002eca0   0x0000000c   Code   RO         4726    i.nrf_uart_event_clear  nrfx_uart.o
    0x0002ecac   0x0002ecac   0x0000000c   Code   RO         4727    i.nrf_uart_int_enable_check  nrfx_uart.o
    0x0002ecb8   0x0002ecb8   0x0000000a   Code   RO         4924    i.nrf_uarte_event_check  nrfx_uarte.o
    0x0002ecc2   0x0002ecc2   0x0000000c   Code   RO         4925    i.nrf_uarte_event_clear  nrfx_uarte.o
    0x0002ecce   0x0002ecce   0x00000002   PAD
    0x0002ecd0   0x0002ecd0   0x00000010   Code   RO         3858    i.nrf_wdt_started   nrf_drv_clock.o
    0x0002ece0   0x0002ece0   0x0000002c   Code   RO         4195    i.nrfx_clock_enable  nrfx_clock.o
    0x0002ed0c   0x0002ed0c   0x0000001c   Code   RO         4198    i.nrfx_clock_init   nrfx_clock.o
    0x0002ed28   0x0002ed28   0x00000030   Code   RO         4201    i.nrfx_clock_lfclk_stop  nrfx_clock.o
    0x0002ed58   0x0002ed58   0x00000010   Code   RO         2489    i.nrfx_coredep_delay_us  ads1292.o
    0x0002ed68   0x0002ed68   0x00000010   Code   RO         5300    i.nrfx_coredep_delay_us  nrf_drv_twi.o
    0x0002ed78   0x0002ed78   0x00000010   Code   RO         6182    i.nrfx_coredep_delay_us  drv_rtc.o
    0x0002ed88   0x0002ed88   0x00000098   Code   RO         4348    i.nrfx_gpiote_in_event_enable  nrfx_gpiote.o
    0x0002ee20   0x0002ee20   0x000000d0   Code   RO         4350    i.nrfx_gpiote_in_init  nrfx_gpiote.o
    0x0002eef0   0x0002eef0   0x00000074   Code   RO         4353    i.nrfx_gpiote_init  nrfx_gpiote.o
    0x0002ef64   0x0002ef64   0x00000010   Code   RO         4926    i.nrfx_is_in_ram    nrfx_uarte.o
    0x0002ef74   0x0002ef74   0x00000010   Code   RO         5165    i.nrfx_is_in_ram    nrfx_spim.o
    0x0002ef84   0x0002ef84   0x00000010   Code   RO         5394    i.nrfx_is_in_ram    nrfx_twim.o
    0x0002ef94   0x0002ef94   0x0000003a   Code   RO         4655    i.nrfx_prs_acquire  nrfx_prs.o
    0x0002efce   0x0002efce   0x00000002   PAD
    0x0002efd0   0x0002efd0   0x00000010   Code   RO         5166    i.nrfx_spim_0_irq_handler  nrfx_spim.o
    0x0002efe0   0x0002efe0   0x00000010   Code   RO         5167    i.nrfx_spim_1_irq_handler  nrfx_spim.o
    0x0002eff0   0x0002eff0   0x0000016c   Code   RO         5170    i.nrfx_spim_init    nrfx_spim.o
    0x0002f15c   0x0002f15c   0x00000064   Code   RO         5173    i.nrfx_spim_xfer    nrfx_spim.o
    0x0002f1c0   0x0002f1c0   0x00000010   Code   RO         5395    i.nrfx_twim_0_irq_handler  nrfx_twim.o
    0x0002f1d0   0x0002f1d0   0x00000010   Code   RO         5396    i.nrfx_twim_1_irq_handler  nrfx_twim.o
    0x0002f1e0   0x0002f1e0   0x00000024   Code   RO         5398    i.nrfx_twim_enable  nrfx_twim.o
    0x0002f204   0x0002f204   0x000000e4   Code   RO         5399    i.nrfx_twim_init    nrfx_twim.o
    0x0002f2e8   0x0002f2e8   0x00000030   Code   RO         5401    i.nrfx_twim_rx      nrfx_twim.o
    0x0002f318   0x0002f318   0x00000036   Code   RO         5404    i.nrfx_twim_tx      nrfx_twim.o
    0x0002f34e   0x0002f34e   0x00000002   PAD
    0x0002f350   0x0002f350   0x00000028   Code   RO         5406    i.nrfx_twim_xfer    nrfx_twim.o
    0x0002f378   0x0002f378   0x00000010   Code   RO         4728    i.nrfx_uart_0_irq_handler  nrfx_uart.o
    0x0002f388   0x0002f388   0x000000d4   Code   RO         4730    i.nrfx_uart_init    nrfx_uart.o
    0x0002f45c   0x0002f45c   0x000000ec   Code   RO         4731    i.nrfx_uart_rx      nrfx_uart.o
    0x0002f548   0x0002f548   0x000000a8   Code   RO         4736    i.nrfx_uart_tx      nrfx_uart.o
    0x0002f5f0   0x0002f5f0   0x00000020   Code   RO         4738    i.nrfx_uart_tx_in_progress  nrfx_uart.o
    0x0002f610   0x0002f610   0x00000010   Code   RO         4927    i.nrfx_uarte_0_irq_handler  nrfx_uarte.o
    0x0002f620   0x0002f620   0x0000006c   Code   RO         4929    i.nrfx_uarte_init   nrfx_uarte.o
    0x0002f68c   0x0002f68c   0x00000104   Code   RO         4930    i.nrfx_uarte_rx     nrfx_uarte.o
    0x0002f790   0x0002f790   0x000000ac   Code   RO         4933    i.nrfx_uarte_tx     nrfx_uarte.o
    0x0002f83c   0x0002f83c   0x0000001c   Code   RO         4935    i.nrfx_uarte_tx_in_progress  nrfx_uarte.o
    0x0002f858   0x0002f858   0x0000002c   Code   RO          535    i.nus_data_handler  bluetooth.o
    0x0002f884   0x0002f884   0x00000018   Code   RO         7975    i.nvmc_config       system_nrf52.o
    0x0002f89c   0x0002f89c   0x00000024   Code   RO          536    i.on_adv_evt        bluetooth.o
    0x0002f8c0   0x0002f8c0   0x00000020   Code   RO          537    i.on_conn_params_evt  bluetooth.o
    0x0002f8e0   0x0002f8e0   0x0000006a   Code   RO         3788    i.on_connect        ble_nus.o
    0x0002f94a   0x0002f94a   0x00000002   PAD
    0x0002f94c   0x0002f94c   0x000000a8   Code   RO         3651    i.on_connected_evt  nrf_ble_gatt.o
    0x0002f9f4   0x0002f9f4   0x000000ac   Code   RO         3652    i.on_exchange_mtu_request_evt  nrf_ble_gatt.o
    0x0002faa0   0x0002faa0   0x00000084   Code   RO         3789    i.on_write          ble_nus.o
    0x0002fb24   0x0002fb24   0x00000016   Code   RO         3228    i.phy_is_valid      ble_advertising.o
    0x0002fb3a   0x0002fb3a   0x00000002   PAD
    0x0002fb3c   0x0002fb3c   0x0000001c   Code   RO         4372    i.pin_configured_set  nrfx_gpiote.o
    0x0002fb58   0x0002fb58   0x00000018   Code   RO         4373    i.pin_in_use_by_port  nrfx_gpiote.o
    0x0002fb70   0x0002fb70   0x00000018   Code   RO         4374    i.pin_in_use_by_te  nrfx_gpiote.o
    0x0002fb88   0x0002fb88   0x000000d0   Code   RO         4375    i.port_event_handle  nrfx_gpiote.o
    0x0002fc58   0x0002fc58   0x00000010   Code   RO         4376    i.port_handler_polarity_get  nrfx_gpiote.o
    0x0002fc68   0x0002fc68   0x0000003c   Code   RO         7451    i.postfix_process   nrf_log_str_formatter.o
    0x0002fca4   0x0002fca4   0x00000098   Code   RO         7452    i.prefix_process    nrf_log_str_formatter.o
    0x0002fd3c   0x0002fd3c   0x00000034   Code   RO         4657    i.prs_box_get       nrfx_prs.o
    0x0002fd70   0x0002fd70   0x00000070   Code   RO          934    i.prvAddCurrentTaskToDelayedList  tasks.o
    0x0002fde0   0x0002fde0   0x000000d4   Code   RO          935    i.prvAddNewTaskToReadyList  tasks.o
    0x0002feb4   0x0002feb4   0x00000050   Code   RO         1615    i.prvCheckForValidListAndQueue  timers.o
    0x0002ff04   0x0002ff04   0x00000026   Code   RO         1352    i.prvCopyDataFromQueue  queue.o
    0x0002ff2a   0x0002ff2a   0x0000006c   Code   RO         1353    i.prvCopyDataToQueue  queue.o
    0x0002ff96   0x0002ff96   0x00000014   Code   RO          936    i.prvDeleteTCB      tasks.o
    0x0002ffaa   0x0002ffaa   0x00000002   PAD
    0x0002ffac   0x0002ffac   0x0000004c   Code   RO         1742    i.prvHeapInit       heap_4.o
    0x0002fff8   0x0002fff8   0x00000060   Code   RO          937    i.prvIdleTask       tasks.o
    0x00030058   0x00030058   0x0000008a   Code   RO          938    i.prvInitialiseNewTask  tasks.o
    0x000300e2   0x000300e2   0x00000002   PAD
    0x000300e4   0x000300e4   0x0000004c   Code   RO         1743    i.prvInsertBlockIntoFreeList  heap_4.o
    0x00030130   0x00030130   0x00000038   Code   RO         1616    i.prvInsertTimerInActiveList  timers.o
    0x00030168   0x00030168   0x0000001c   Code   RO         1354    i.prvIsQueueEmpty   queue.o
    0x00030184   0x00030184   0x000000a4   Code   RO         1617    i.prvProcessReceivedCommands  timers.o
    0x00030228   0x00030228   0x000000a4   Code   RO         1618    i.prvProcessTimerOrBlockTask  timers.o
    0x000302cc   0x000302cc   0x00000020   Code   RO          939    i.prvResetNextTaskUnblockTime  tasks.o
    0x000302ec   0x000302ec   0x00000028   Code   RO         1619    i.prvSampleTimeNow  timers.o
    0x00030314   0x00030314   0x00000058   Code   RO         1620    i.prvSwitchTimerLists  timers.o
    0x0003036c   0x0003036c   0x00000008   Code   RO         1541    i.prvTaskExitError  port_cmsis.o
    0x00030374   0x00030374   0x00000024   Code   RO         1621    i.prvTimerTask      timers.o
    0x00030398   0x00030398   0x0000006a   Code   RO         1355    i.prvUnlockQueue    queue.o
    0x00030402   0x00030402   0x00000002   PAD
    0x00030404   0x00030404   0x000000a4   Code   RO         1744    i.pvPortMalloc      heap_4.o
    0x000304a8   0x000304a8   0x00000018   Code   RO          941    i.pvTaskIncrementMutexHeldCount  tasks.o
    0x000304c0   0x000304c0   0x0000002c   Code   RO         1542    i.pxPortInitialiseStack  port_cmsis.o
    0x000304ec   0x000304ec   0x00000034   Code   RO         2312    i.qmi8658c_i2c_read  qmi8658c.o
    0x00030520   0x00030520   0x00000020   Code   RO         2313    i.qmi8658c_i2c_write  qmi8658c.o
    0x00030540   0x00030540   0x000000a0   Code   RO         2314    i.qmi8658c_init     qmi8658c.o
    0x000305e0   0x000305e0   0x00000148   Code   RO         2315    i.qmi8658c_read     qmi8658c.o
    0x00030728   0x00030728   0x0000005c   Code   RO         5887    i.rtc_irq           app_timer2.o
    0x00030784   0x00030784   0x0000006c   Code   RO         5888    i.rtc_schedule      app_timer2.o
    0x000307f0   0x000307f0   0x0000008c   Code   RO         5889    i.rtc_update        app_timer2.o
    0x0003087c   0x0003087c   0x00000032   Code   RO         4740    i.rx_byte           nrfx_uart.o
    0x000308ae   0x000308ae   0x00000016   Code   RO         4741    i.rx_done_event     nrfx_uart.o
    0x000308c4   0x000308c4   0x00000016   Code   RO         4937    i.rx_done_event     nrfx_uarte.o
    0x000308da   0x000308da   0x00000020   Code   RO         4742    i.rx_enable         nrfx_uart.o
    0x000308fa   0x000308fa   0x00000002   PAD
    0x000308fc   0x000308fc   0x00000058   Code   RO         3859    i.sd_state_evt_handler  nrf_drv_clock.o
    0x00030954   0x00030954   0x00000030   Code   RO         7765    i.sdh_request_observer_notify  nrf_sdh.o
    0x00030984   0x00030984   0x0000002c   Code   RO         7766    i.sdh_state_observer_notify  nrf_sdh.o
    0x000309b0   0x000309b0   0x00000010   Code   RO         3322    i.send_error_evt    ble_conn_params.o
    0x000309c0   0x000309c0   0x00000050   Code   RO         7123    i.serial_tx         nrf_log_backend_rtt.o
    0x00030a10   0x00030a10   0x00000088   Code   RO         3121    i.service_data_encode  ble_advdata.o
    0x00030a98   0x00030a98   0x0000003c   Code   RO          539    i.services_init     bluetooth.o
    0x00030ad4   0x00030ad4   0x00000030   Code   RO         3589    i.set_security_req  ble_srv_common.o
    0x00030b04   0x00030b04   0x00000018   Code   RO         3860    i.soc_evt_handler   nrf_drv_clock.o
    0x00030b1c   0x00030b1c   0x00000058   Code   RO         7768    i.softdevices_evt_irq_enable  nrf_sdh.o
    0x00030b74   0x00030b74   0x0000000c   Code   RO         5890    i.sortlist_pop      app_timer2.o
    0x00030b80   0x00030b80   0x00000458   Code   RO         2491    i.spi_read          ads1292.o
    0x00030fd8   0x00030fd8   0x00000038   Code   RO         5123    i.spim_evt_handler  nrf_drv_spi.o
    0x00031010   0x00031010   0x000000bc   Code   RO         5174    i.spim_xfer         nrfx_spim.o
    0x000310cc   0x000310cc   0x00000098   Code   RO         7281    i.std_n             nrf_log_frontend.o
    0x00031164   0x00031164   0x00000098   Code   RO         5891    i.timer_expire      app_timer2.o
    0x000311fc   0x000311fc   0x00000080   Code   RO         5892    i.timer_req_process  app_timer2.o
    0x0003127c   0x0003127c   0x00000038   Code   RO         5893    i.timer_req_schedule  app_timer2.o
    0x000312b4   0x000312b4   0x00000014   Code   RO          541    i.timers_init       bluetooth.o
    0x000312c8   0x000312c8   0x000000a4   Code   RO         5301    i.twi_clear_bus     nrf_drv_twi.o
    0x0003136c   0x0003136c   0x00000040   Code   RO         5302    i.twim_evt_handler  nrf_drv_twi.o
    0x000313ac   0x000313ac   0x00000194   Code   RO         5407    i.twim_irq_handler  nrfx_twim.o
    0x00031540   0x00031540   0x00000298   Code   RO         5408    i.twim_xfer         nrfx_twim.o
    0x000317d8   0x000317d8   0x00000020   Code   RO         4743    i.tx_byte           nrfx_uart.o
    0x000317f8   0x000317f8   0x0000001a   Code   RO         4744    i.tx_done_event     nrfx_uart.o
    0x00031812   0x00031812   0x0000001a   Code   RO         4938    i.tx_done_event     nrfx_uarte.o
    0x0003182c   0x0003182c   0x00000022   Code   RO          542    i.uart_event_handle  bluetooth.o
    0x0003184e   0x0003184e   0x00000002   PAD
    0x00031850   0x00031850   0x000000a4   Code   RO         6022    i.uart_event_handler  app_uart_fifo.o
    0x000318f4   0x000318f4   0x00000030   Code   RO         3998    i.uart_evt_handler  nrf_drv_uart.o
    0x00031924   0x00031924   0x00000048   Code   RO          543    i.uart_init         bluetooth.o
    0x0003196c   0x0003196c   0x0000012a   Code   RO         4745    i.uart_irq_handler  nrfx_uart.o
    0x00031a96   0x00031a96   0x00000002   PAD
    0x00031a98   0x00031a98   0x00000030   Code   RO         3999    i.uarte_evt_handler  nrf_drv_uart.o
    0x00031ac8   0x00031ac8   0x00000112   Code   RO         4939    i.uarte_irq_handler  nrfx_uarte.o
    0x00031bda   0x00031bda   0x0000000a   Code   RO         3122    i.uint16_encode     ble_advdata.o
    0x00031be4   0x00031be4   0x0000000c   Code   RO          942    i.ulPortRaiseBASEPRI  tasks.o
    0x00031bf0   0x00031bf0   0x0000000c   Code   RO         1356    i.ulPortRaiseBASEPRI  queue.o
    0x00031bfc   0x00031bfc   0x0000006c   Code   RO          943    i.ulTaskNotifyTake  tasks.o
    0x00031c68   0x00031c68   0x000000b4   Code   RO         6719    i.unsigned_print    nrf_fprintf_format.o
    0x00031d1c   0x00031d1c   0x00000068   Code   RO         3323    i.update_timeout_handler  ble_conn_params.o
    0x00031d84   0x00031d84   0x00000018   Code   RO         3229    i.use_whitelist     ble_advertising.o
    0x00031d9c   0x00031d9c   0x00000024   Code   RO         3747    i.user_mem_reply    nrf_ble_qwr.o
    0x00031dc0   0x00031dc0   0x00000030   Code   RO         3123    i.uuid_list_encode  ble_advdata.o
    0x00031df0   0x00031df0   0x0000009e   Code   RO         3124    i.uuid_list_sized_encode  ble_advdata.o
    0x00031e8e   0x00031e8e   0x00000026   Code   RO         1300    i.uxListRemove      list.o
    0x00031eb4   0x00031eb4   0x00000006   Code   RO            9    i.vApplicationMallocFailedHook  main.o
    0x00031eba   0x00031eba   0x00000006   Code   RO           10    i.vApplicationStackOverflowHook  main.o
    0x00031ec0   0x00031ec0   0x00000016   Code   RO         1301    i.vListInitialise   list.o
    0x00031ed6   0x00031ed6   0x00000006   Code   RO         1302    i.vListInitialiseItem  list.o
    0x00031edc   0x00031edc   0x00000030   Code   RO         1303    i.vListInsert       list.o
    0x00031f0c   0x00031f0c   0x00000018   Code   RO         1304    i.vListInsertEnd    list.o
    0x00031f24   0x00031f24   0x00000014   Code   RO         1544    i.vPortEnterCritical  port_cmsis.o
    0x00031f38   0x00031f38   0x00000014   Code   RO         1545    i.vPortExitCritical  port_cmsis.o
    0x00031f4c   0x00031f4c   0x00000040   Code   RO         1745    i.vPortFree         heap_4.o
    0x00031f8c   0x00031f8c   0x00000030   Code   RO         1804    i.vPortSetupTimerInterrupt  port_cmsis_systick.o
    0x00031fbc   0x00031fbc   0x00000028   Code   RO         1360    i.vQueueAddToRegistry  queue.o
    0x00031fe4   0x00031fe4   0x00000012   Code   RO         1361    i.vQueueDelete      queue.o
    0x00031ff6   0x00031ff6   0x00000002   PAD
    0x00031ff8   0x00031ff8   0x00000028   Code   RO         1362    i.vQueueUnregisterQueue  queue.o
    0x00032020   0x00032020   0x00000044   Code   RO         1363    i.vQueueWaitForMessageRestricted  queue.o
    0x00032064   0x00032064   0x00000034   Code   RO          949    i.vTaskDelay        tasks.o
    0x00032098   0x00032098   0x0000009c   Code   RO          951    i.vTaskDelete       tasks.o
    0x00032134   0x00032134   0x00000010   Code   RO          953    i.vTaskInternalSetTimeOutState  tasks.o
    0x00032144   0x00032144   0x0000000c   Code   RO          954    i.vTaskMissedYield  tasks.o
    0x00032150   0x00032150   0x00000084   Code   RO          955    i.vTaskNotifyGiveFromISR  tasks.o
    0x000321d4   0x000321d4   0x00000020   Code   RO          956    i.vTaskPlaceOnEventList  tasks.o
    0x000321f4   0x000321f4   0x00000028   Code   RO          957    i.vTaskPlaceOnEventListRestricted  tasks.o
    0x0003221c   0x0003221c   0x00000080   Code   RO          959    i.vTaskPriorityDisinheritAfterTimeout  tasks.o
    0x0003229c   0x0003229c   0x00000050   Code   RO          964    i.vTaskStartScheduler  tasks.o
    0x000322ec   0x000322ec   0x00000010   Code   RO          966    i.vTaskSuspendAll   tasks.o
    0x000322fc   0x000322fc   0x00000070   Code   RO          967    i.vTaskSwitchContext  tasks.o
    0x0003236c   0x0003236c   0x0000000c   Code   RO         1747    i.xPortGetFreeHeapSize  heap_4.o
    0x00032378   0x00032378   0x0000004c   Code   RO         1546    i.xPortStartScheduler  port_cmsis.o
    0x000323c4   0x000323c4   0x00000024   Code   RO         1365    i.xQueueCreateMutex  queue.o
    0x000323e8   0x000323e8   0x00000036   Code   RO         1366    i.xQueueGenericCreate  queue.o
    0x0003241e   0x0003241e   0x00000002   PAD
    0x00032420   0x00032420   0x00000078   Code   RO         1367    i.xQueueGenericReset  queue.o
    0x00032498   0x00032498   0x000000fc   Code   RO         1368    i.xQueueGenericSend  queue.o
    0x00032594   0x00032594   0x00000064   Code   RO         1369    i.xQueueGenericSendFromISR  queue.o
    0x000325f8   0x000325f8   0x0000002a   Code   RO         1371    i.xQueueGiveMutexRecursive  queue.o
    0x00032622   0x00032622   0x00000002   PAD
    0x00032624   0x00032624   0x000000f4   Code   RO         1376    i.xQueueReceive     queue.o
    0x00032718   0x00032718   0x0000012c   Code   RO         1378    i.xQueueSemaphoreTake  queue.o
    0x00032844   0x00032844   0x0000002e   Code   RO         1379    i.xQueueTakeMutexRecursive  queue.o
    0x00032872   0x00032872   0x00000002   PAD
    0x00032874   0x00032874   0x00000050   Code   RO          968    i.xTaskCheckForTimeOut  tasks.o
    0x000328c4   0x000328c4   0x00000056   Code   RO          969    i.xTaskCreate       tasks.o
    0x0003291a   0x0003291a   0x00000002   PAD
    0x0003291c   0x0003291c   0x0000000c   Code   RO          972    i.xTaskGetCurrentTaskHandle  tasks.o
    0x00032928   0x00032928   0x0000001c   Code   RO          974    i.xTaskGetSchedulerState  tasks.o
    0x00032944   0x00032944   0x0000000c   Code   RO          975    i.xTaskGetTickCount  tasks.o
    0x00032950   0x00032950   0x000000a0   Code   RO          977    i.xTaskIncrementTick  tasks.o
    0x000329f0   0x000329f0   0x00000070   Code   RO          980    i.xTaskPriorityDisinherit  tasks.o
    0x00032a60   0x00032a60   0x00000094   Code   RO          981    i.xTaskPriorityInherit  tasks.o
    0x00032af4   0x00032af4   0x00000064   Code   RO          982    i.xTaskRemoveFromEventList  tasks.o
    0x00032b58   0x00032b58   0x000000b4   Code   RO          983    i.xTaskResumeAll    tasks.o
    0x00032c0c   0x00032c0c   0x0000003c   Code   RO         1625    i.xTimerCreateTimerTask  timers.o
    0x00032c48   0x00032c48   0x00000050   Code   RO         1626    i.xTimerGenericCommand  timers.o
    0x00032c98   0x00032c98   0x00000062   Code   RO         5409    i.xfer_completeness_check  nrfx_twim.o
    0x00032cfa   0x00032cfa   0x00000006   PAD
    0x00032d00   0x00032d00   0x00000006   Data   RO           11    .constdata          main.o
    0x00032d06   0x00032d06   0x00000002   PAD
    0x00032d08   0x00032d08   0x0000001c   Data   RO          545    .constdata          bluetooth.o
    0x00032d24   0x00032d24   0x00000004   Data   RO         1547    .constdata          port_cmsis.o
    0x00032d28   0x00032d28   0x0000002e   Data   RO         2316    .constdata          qmi8658c.o
    0x00032d56   0x00032d56   0x0000000a   PAD
    0x00032d60   0x00032d60   0x00000038   Data   RO         2493    .constdata          ads1292.o
    0x00032d98   0x00032d98   0x00000008   Data   RO         2800    .constdata          boards.o
    0x00032da0   0x00032da0   0x0000002c   Data   RO         2909    .constdata          bsp.o
    0x00032dcc   0x00032dcc   0x00000016   Data   RO         3653    .constdata          nrf_ble_gatt.o
    0x00032de2   0x00032de2   0x00000002   PAD
    0x00032de4   0x00032de4   0x00000010   Data   RO         3790    .constdata          ble_nus.o
    0x00032df4   0x00032df4   0x00000008   Data   RO         4378    .constdata          nrfx_gpiote.o
    0x00032dfc   0x00032dfc   0x00000004   Data   RO         4748    .constdata          nrfx_uart.o
    0x00032e00   0x00032e00   0x00000004   Data   RO         4942    .constdata          nrfx_uarte.o
    0x00032e04   0x00032e04   0x00000010   Data   RO         5125    .constdata          nrf_drv_spi.o
    0x00032e14   0x00032e14   0x0000000c   Data   RO         5177    .constdata          nrfx_spim.o
    0x00032e20   0x00032e20   0x00000006   Data   RO         5303    .constdata          nrf_drv_twi.o
    0x00032e26   0x00032e26   0x00000002   PAD
    0x00032e28   0x00032e28   0x0000001c   Data   RO         5412    .constdata          nrfx_twim.o
    0x00032e44   0x00032e44   0x00000014   Data   RO         5896    .constdata          app_timer2.o
    0x00032e58   0x00032e58   0x00000020   Data   RO         6024    .constdata          app_uart_fifo.o
    0x00032e78   0x00032e78   0x00000008   PAD
    0x00032e80   0x00032e80   0x00000006   Data   RO         6183    .constdata          drv_rtc.o
    0x00032e86   0x00032e86   0x00000010   Data   RO         6720    .constdata          nrf_fprintf_format.o
    0x00032e96   0x00032e96   0x00000002   PAD
    0x00032e98   0x00032e98   0x0000013c   Data   RO         7050    .constdata          nrf_strerror.o
    0x00032fd4   0x00032fd4   0x0000000c   Data   RO         7125    .constdata          nrf_log_backend_rtt.o
    0x00032fe0   0x00032fe0   0x00000006   Data   RO         7126    .constdata          nrf_log_backend_rtt.o
    0x00032fe6   0x00032fe6   0x00000002   PAD
    0x00032fe8   0x00032fe8   0x00000010   Data   RO         7769    .constdata          nrf_sdh.o
    0x00032ff8   0x00032ff8   0x00000028   Data   RO         7770    .constdata          nrf_sdh.o
    0x00033020   0x00033020   0x00000010   Data   RO         7771    .constdata          nrf_sdh.o
    0x00033030   0x00033030   0x00000010   Data   RO         7772    .constdata          nrf_sdh.o
    0x00033040   0x00033040   0x00000020   Data   RO         7880    .constdata          nrf_sdh_ble.o
    0x00033060   0x00033060   0x00000010   Data   RO         7881    .constdata          nrf_sdh_ble.o
    0x00033070   0x00033070   0x00000010   Data   RO         7931    .constdata          nrf_sdh_soc.o
    0x00033080   0x00033080   0x0000000c   Data   RO         7932    .constdata          nrf_sdh_soc.o
    0x0003308c   0x0003308c   0x00000081   Data   RO         8316    .constdata          mc_w.l(ctype_o.o)
    0x0003310d   0x0003310d   0x00000003   PAD
    0x00033110   0x00033110   0x00000004   Data   RO         8317    .constdata          mc_w.l(ctype_o.o)
    0x00033114   0x00033114   0x00000124   Data   RO         2494    .conststring        ads1292.o
    0x00033238   0x00033238   0x0000005b   Data   RO         2695    .conststring        attention.o
    0x00033293   0x00033293   0x00000001   PAD
    0x00033294   0x00033294   0x000000a2   Data   RO         3654    .conststring        nrf_ble_gatt.o
    0x00033336   0x00033336   0x00000002   PAD
    0x00033338   0x00033338   0x000003eb   Data   RO         7051    .conststring        nrf_strerror.o
    0x00033723   0x00033723   0x00000001   PAD
    0x00033724   0x00033724   0x00000066   Data   RO         7453    .conststring        nrf_log_str_formatter.o
    0x0003378a   0x0003378a   0x00000002   PAD
    0x0003378c   0x0003378c   0x00000188   Data   RO         7882    .conststring        nrf_sdh_ble.o
    0x00033914   0x00033914   0x0000000d   Data   RO         3655    .conststrlit        nrf_ble_gatt.o
    0x00033921   0x00033921   0x00000003   PAD
    0x00033924   0x00033924   0x00000008   Data   RO         3791    .conststrlit        ble_nus.o
    0x0003392c   0x0003392c   0x00000006   Data   RO         3866    .conststrlit        nrf_drv_clock.o
    0x00033932   0x00033932   0x00000002   PAD
    0x00033934   0x00033934   0x00000006   Data   RO         4205    .conststrlit        nrfx_clock.o
    0x0003393a   0x0003393a   0x00000002   PAD
    0x0003393c   0x0003393c   0x00000007   Data   RO         4382    .conststrlit        nrfx_gpiote.o
    0x00033943   0x00033943   0x00000001   PAD
    0x00033944   0x00033944   0x00000004   Data   RO         4659    .conststrlit        nrfx_prs.o
    0x00033948   0x00033948   0x00000005   Data   RO         4751    .conststrlit        nrfx_uart.o
    0x0003394d   0x0003394d   0x00000003   PAD
    0x00033950   0x00033950   0x00000006   Data   RO         4945    .conststrlit        nrfx_uarte.o
    0x00033956   0x00033956   0x00000002   PAD
    0x00033958   0x00033958   0x00000005   Data   RO         5180    .conststrlit        nrfx_spim.o
    0x0003395d   0x0003395d   0x00000003   PAD
    0x00033960   0x00033960   0x00000005   Data   RO         5415    .conststrlit        nrfx_twim.o
    0x00033965   0x00033965   0x00000003   PAD
    0x00033968   0x00033968   0x0000000b   Data   RO         5583    .conststrlit        app_button.o
    0x00033973   0x00033973   0x00000001   PAD
    0x00033974   0x00033974   0x0000000a   Data   RO         5897    .conststrlit        app_timer2.o
    0x0003397e   0x0003397e   0x00000002   PAD
    0x00033980   0x00033980   0x00000009   Data   RO         6829    .conststrlit        nrf_pwr_mgmt.o
    0x00033989   0x00033989   0x00000003   PAD
    0x0003398c   0x0003398c   0x00000009   Data   RO         6997    .conststrlit        nrf_sortlist.o
    0x00033995   0x00033995   0x00000003   PAD
    0x00033998   0x00033998   0x00000010   Data   RO         7220    .conststrlit        nrf_log_default_backends.o
    0x000339a8   0x000339a8   0x00000004   Data   RO         7287    .conststrlit        nrf_log_frontend.o
    0x000339ac   0x000339ac   0x00000008   Data   RO         7773    .conststrlit        nrf_sdh.o
    0x000339b4   0x000339b4   0x0000000c   Data   RO         7883    .conststrlit        nrf_sdh_ble.o
    0x000339c0   0x000339c0   0x0000000c   Data   RO         7933    .conststrlit        nrf_sdh_soc.o
    0x000339cc   0x000339cc   0x00000e10   Data   RO         8213    .rodata.armBitRevIndexTable1024  arm_cortexM4lf_math.lib(arm_common_tables.o)
    0x000347dc   0x000347dc   0x000001a0   Data   RO         8210    .rodata.armBitRevIndexTable128  arm_cortexM4lf_math.lib(arm_common_tables.o)
    0x0003497c   0x0003497c   0x00000028   Data   RO         8207    .rodata.armBitRevIndexTable16  arm_cortexM4lf_math.lib(arm_common_tables.o)
    0x000349a4   0x000349a4   0x00001dc0   Data   RO         8214    .rodata.armBitRevIndexTable2048  arm_cortexM4lf_math.lib(arm_common_tables.o)
    0x00036764   0x00036764   0x00000370   Data   RO         8211    .rodata.armBitRevIndexTable256  arm_cortexM4lf_math.lib(arm_common_tables.o)
    0x00036ad4   0x00036ad4   0x00000060   Data   RO         8208    .rodata.armBitRevIndexTable32  arm_cortexM4lf_math.lib(arm_common_tables.o)
    0x00036b34   0x00036b34   0x00000380   Data   RO         8212    .rodata.armBitRevIndexTable512  arm_cortexM4lf_math.lib(arm_common_tables.o)
    0x00036eb4   0x00036eb4   0x00000804   Data   RO         8265    .rodata.sinTable_f32  arm_cortexM4lf_math.lib(arm_common_tables.o)
    0x000376b8   0x000376b8   0x00002000   Data   RO         8186    .rodata.twiddleCoef_1024  arm_cortexM4lf_math.lib(arm_common_tables.o)
    0x000396b8   0x000396b8   0x00000400   Data   RO         8183    .rodata.twiddleCoef_128  arm_cortexM4lf_math.lib(arm_common_tables.o)
    0x00039ab8   0x00039ab8   0x00000080   Data   RO         8180    .rodata.twiddleCoef_16  arm_cortexM4lf_math.lib(arm_common_tables.o)
    0x00039b38   0x00039b38   0x00004000   Data   RO         8187    .rodata.twiddleCoef_2048  arm_cortexM4lf_math.lib(arm_common_tables.o)
    0x0003db38   0x0003db38   0x00000800   Data   RO         8184    .rodata.twiddleCoef_256  arm_cortexM4lf_math.lib(arm_common_tables.o)
    0x0003e338   0x0003e338   0x00000100   Data   RO         8181    .rodata.twiddleCoef_32  arm_cortexM4lf_math.lib(arm_common_tables.o)
    0x0003e438   0x0003e438   0x00001000   Data   RO         8185    .rodata.twiddleCoef_512  arm_cortexM4lf_math.lib(arm_common_tables.o)
    0x0003f438   0x0003f438   0x00001000   Data   RO         8230    .rodata.twiddleCoef_rfft_1024  arm_cortexM4lf_math.lib(arm_common_tables.o)
    0x00040438   0x00040438   0x00002000   Data   RO         8231    .rodata.twiddleCoef_rfft_2048  arm_cortexM4lf_math.lib(arm_common_tables.o)
    0x00042438   0x00042438   0x00000400   Data   RO         8228    .rodata.twiddleCoef_rfft_256  arm_cortexM4lf_math.lib(arm_common_tables.o)
    0x00042838   0x00042838   0x00000080   Data   RO         8225    .rodata.twiddleCoef_rfft_32  arm_cortexM4lf_math.lib(arm_common_tables.o)
    0x000428b8   0x000428b8   0x00004000   Data   RO         8232    .rodata.twiddleCoef_rfft_4096  arm_cortexM4lf_math.lib(arm_common_tables.o)
    0x000468b8   0x000468b8   0x00000800   Data   RO         8229    .rodata.twiddleCoef_rfft_512  arm_cortexM4lf_math.lib(arm_common_tables.o)
    0x000470b8   0x000470b8   0x00000100   Data   RO         8226    .rodata.twiddleCoef_rfft_64  arm_cortexM4lf_math.lib(arm_common_tables.o)
    0x000471b8   0x000471b8   0x00000020   Data   RO         8666    Region$$Table       anon$$obj.o
    0x000471d8   0x000471d8   0x00000010   Data   RO         7222    log_backends        nrf_log_default_backends.o
    0x000471e8   0x000471e8   0x00000008   Data   RO         3656    log_const_data      nrf_ble_gatt.o
    0x000471f0   0x000471f0   0x00000008   Data   RO         3792    log_const_data      ble_nus.o
    0x000471f8   0x000471f8   0x00000008   Data   RO         3867    log_const_data      nrf_drv_clock.o
    0x00047200   0x00047200   0x00000008   Data   RO         4207    log_const_data      nrfx_clock.o
    0x00047208   0x00047208   0x00000008   Data   RO         4383    log_const_data      nrfx_gpiote.o
    0x00047210   0x00047210   0x00000008   Data   RO         4661    log_const_data      nrfx_prs.o
    0x00047218   0x00047218   0x00000008   Data   RO         4752    log_const_data      nrfx_uart.o
    0x00047220   0x00047220   0x00000008   Data   RO         4946    log_const_data      nrfx_uarte.o
    0x00047228   0x00047228   0x00000008   Data   RO         5181    log_const_data      nrfx_spim.o
    0x00047230   0x00047230   0x00000008   Data   RO         5416    log_const_data      nrfx_twim.o
    0x00047238   0x00047238   0x00000008   Data   RO         5586    log_const_data      app_button.o
    0x00047240   0x00047240   0x00000008   Data   RO         5900    log_const_data      app_timer2.o
    0x00047248   0x00047248   0x00000008   Data   RO         6831    log_const_data      nrf_pwr_mgmt.o
    0x00047250   0x00047250   0x00000008   Data   RO         6998    log_const_data      nrf_sortlist.o
    0x00047258   0x00047258   0x00000008   Data   RO         7291    log_const_data      nrf_log_frontend.o
    0x00047260   0x00047260   0x00000008   Data   RO         7775    log_const_data      nrf_sdh.o
    0x00047268   0x00047268   0x00000008   Data   RO         7885    log_const_data      nrf_sdh_ble.o
    0x00047270   0x00047270   0x00000008   Data   RO         7934    log_const_data      nrf_sdh_soc.o
    0x00047278   0x00047278   0x00000014   Data   RO         7292    nrf_balloc          nrf_log_frontend.o
    0x0004728c   0x0004728c   0x00000008   Data   RO         3412    sdh_ble_observers0  ble_conn_state.o
    0x00047294   0x00047294   0x00000010   Data   RO          550    sdh_ble_observers1  bluetooth.o
    0x000472a4   0x000472a4   0x00000008   Data   RO         3015    sdh_ble_observers1  bsp_btn_ble.o
    0x000472ac   0x000472ac   0x00000008   Data   RO         3326    sdh_ble_observers1  ble_conn_params.o
    0x000472b4   0x000472b4   0x00000010   Data   RO          551    sdh_ble_observers2  bluetooth.o
    0x000472c4   0x000472c4   0x00000008   Data   RO          552    sdh_ble_observers3  bluetooth.o
    0x000472cc   0x000472cc   0x00000008   Data   RO         3868    sdh_soc_observers0  nrf_drv_clock.o
    0x000472d4   0x000472d4   0x00000008   Data   RO         7886    sdh_stack_observers0  nrf_sdh_ble.o
    0x000472dc   0x000472dc   0x00000008   Data   RO         7935    sdh_stack_observers0  nrf_sdh_soc.o
    0x000472e4   0x000472e4   0x00000008   Data   RO         3869    sdh_state_observers0  nrf_drv_clock.o


    Execution Region RW_IRAM1 (Exec base: 0x20002ae8, Load base: 0x000472ec, Size: 0x00010b08, Max: 0x0001d518, ABSOLUTE, COMPRESSED[0x0000006c])

    Exec Addr    Load Addr    Size         Type   Attr      Idx    E Section Name        Object

    0x20002ae8   COMPRESSED   0x00000004   Data   RW           12    .data               main.o
    0x20002aec   COMPRESSED   0x0000003c   Data   RW          547    .data               bluetooth.o
    0x20002b28   COMPRESSED   0x00000008   Data   RW          548    .data               bluetooth.o
    0x20002b30   COMPRESSED   0x00000004   Data   RW          549    .data               bluetooth.o
    0x20002b34   COMPRESSED   0x0000003c   Data   RW          986    .data               tasks.o
    0x20002b70   COMPRESSED   0x00000004   Data   RW         1548    .data               port_cmsis.o
    0x20002b74   COMPRESSED   0x00000014   Data   RW         1634    .data               timers.o
    0x20002b88   COMPRESSED   0x00000018   Data   RW         1750    .data               heap_4.o
    0x20002ba0   COMPRESSED   0x00000054   Data   RW         2495    .data               ads1292.o
    0x20002bf4   COMPRESSED   0x00000040   Data   RW         2696    .data               attention.o
    0x20002c34   COMPRESSED   0x00000010   Data   RW         2910    .data               bsp.o
    0x20002c44   COMPRESSED   0x00000004   PAD
    0x20002c48   COMPRESSED   0x00000020   Data   RW         2911    .data               bsp.o
    0x20002c68   COMPRESSED   0x00000020   Data   RW         2912    .data               bsp.o
    0x20002c88   COMPRESSED   0x00000020   Data   RW         2913    .data               bsp.o
    0x20002ca8   COMPRESSED   0x00000008   Data   RW         3014    .data               bsp_btn_ble.o
    0x20002cb0   COMPRESSED   0x00000008   Data   RW         3325    .data               ble_conn_params.o
    0x20002cb8   COMPRESSED   0x00000014   Data   RW         4000    .data               nrf_drv_uart.o
    0x20002ccc   COMPRESSED   0x00000008   Data   RW         4206    .data               nrfx_clock.o
    0x20002cd4   COMPRESSED   0x00000018   Data   RW         4660    .data               nrfx_prs.o
    0x20002cec   COMPRESSED   0x00000010   Data   RW         5304    .data               nrf_drv_twi.o
    0x20002cfc   COMPRESSED   0x00000004   PAD
    0x20002d00   COMPRESSED   0x00000020   Data   RW         5898    .data               app_timer2.o
    0x20002d20   COMPRESSED   0x00000004   Data   RW         5899    .data               app_timer2.o
    0x20002d24   COMPRESSED   0x0000001c   Data   RW         6025    .data               app_uart_fifo.o
    0x20002d40   COMPRESSED   0x0000000c   Data   RW         6184    .data               drv_rtc.o
    0x20002d4c   COMPRESSED   0x00000004   Data   RW         7083    .data               retarget.o
    0x20002d50   COMPRESSED   0x00000001   Data   RW         7127    .data               nrf_log_backend_rtt.o
    0x20002d51   COMPRESSED   0x00000003   PAD
    0x20002d54   COMPRESSED   0x00000008   Data   RW         7221    .data               nrf_log_default_backends.o
    0x20002d5c   COMPRESSED   0x00000004   Data   RW         7288    .data               nrf_log_frontend.o
    0x20002d60   COMPRESSED   0x00000008   Data   RW         7289    .data               nrf_log_frontend.o
    0x20002d68   COMPRESSED   0x00000008   Data   RW         7290    .data               nrf_log_frontend.o
    0x20002d70   COMPRESSED   0x00000040   Data   RW         7454    .data               nrf_log_str_formatter.o
    0x20002db0   COMPRESSED   0x00000003   Data   RW         7774    .data               nrf_sdh.o
    0x20002db3   COMPRESSED   0x00000001   Data   RW         7884    .data               nrf_sdh_ble.o
    0x20002db4   COMPRESSED   0x00000004   Data   RW         7977    .data               system_nrf52.o
    0x20002db8   COMPRESSED   0x00000004   Data   RW         8653    .data               mc_w.l(errno.o)
    0x20002dbc        -       0x00000654   Zero   RW          544    .bss                bluetooth.o
    0x20003410        -       0x0000012c   Zero   RW          985    .bss                tasks.o
    0x2000353c        -       0x00000010   Zero   RW         1380    .bss                queue.o
    0x2000354c        -       0x00000028   Zero   RW         1633    .bss                timers.o
    0x20003574        -       0x00004000   Zero   RW         1749    .bss                heap_4.o
    0x20007574        -       0x00007d0c   Zero   RW         2492    .bss                ads1292.o
    0x2000f280        -       0x0000309c   Zero   RW         2694    .bss                attention.o
    0x2001231c        -       0x0000000c   Zero   RW         2908    .bss                bsp.o
    0x20012328        -       0x00000050   Zero   RW         3324    .bss                ble_conn_params.o
    0x20012378        -       0x0000007c   Zero   RW         3411    .bss                ble_conn_state.o
    0x200123f4        -       0x00000014   Zero   RW         3861    .bss                nrf_drv_clock.o
    0x20012408        -       0x00000068   Zero   RW         4377    .bss                nrfx_gpiote.o
    0x20012470        -       0x0000002c   Zero   RW         4746    .bss                nrfx_uart.o
    0x2001249c        -       0x00000024   Zero   RW         4940    .bss                nrfx_uarte.o
    0x200124c0        -       0x00000020   Zero   RW         5124    .bss                nrf_drv_spi.o
    0x200124e0        -       0x0000006c   Zero   RW         5175    .bss                nrfx_spim.o
    0x2001254c        -       0x00000068   Zero   RW         5410    .bss                nrfx_twim.o
    0x200125b4        -       0x00000010   Zero   RW         5894    .bss                app_timer2.o
    0x200125c4        -       0x00000058   Zero   RW         5895    .bss                app_timer2.o
    0x2001261c        -       0x00000020   Zero   RW         6023    .bss                app_uart_fifo.o
    0x2001263c        -       0x0000000c   Zero   RW         6098    .bss                app_util_platform.o
    0x20012648        -       0x00000040   Zero   RW         7124    .bss                nrf_log_backend_rtt.o
    0x20012688        -       0x000000c0   Zero   RW         7282    .bss                nrf_log_frontend.o
    0x20012748        -       0x00000420   Zero   RW         7285    .bss                nrf_log_frontend.o
    0x20012b68        -       0x00000288   Zero   RW         7527    .bss                segger_rtt.o
    0x20012df0        -       0x00000800   Zero   RW         7962    STACK               arm_startup_nrf52833.o


==============================================================================

Image component sizes


      Code (inc. data)   RO Data    RW Data    ZI Data      Debug   Object Name

      3380       1380        348         84      32012      34546   ads1292.o
         0          0         19          0          0       1899   app_button.o
        22          0          0          0          0       2561   app_error.o
         0          0          0          0          0       3260   app_error_weak.o
       118          0          0          0          0       5222   app_fifo.o
      1052         90         38         36        104      17693   app_timer2.o
       528         60         32         28         32      16438   app_uart_fifo.o
       124         14          0          0         12      10730   app_util_platform.o
        36          8        512          0       2048        964   arm_startup_nrf52833.o
      2042        260         91         64      12444      16086   attention.o
      1338          0          0          0          0      53832   ble_advdata.o
      1006          6          0          0          0      10455   ble_advertising.o
       636         44          8          8         80       9563   ble_conn_params.o
       390         10          8          0        124       7943   ble_conn_state.o
        72          0          0          0          0       1708   ble_link_ctx_manager.o
       676          6         32          0          0       7168   ble_nus.o
       456          6          0          0          0       3491   ble_srv_common.o
      1884        530         68         72       1620     203218   bluetooth.o
       254         32          8          0          0      11551   boards.o
       740         60         44        112         12      11301   bsp.o
       166          6          8          8          0       3360   bsp_btn_ble.o
       704         76          6         12          0      48517   drv_rtc.o
         0          0          0          0          0       8216   ecg.o
       392         30          0         24      16384       5594   heap_4.o
       138          0          0          0          0       4150   list.o
       952        502          6          4          0      90583   main.o
       326          0          0          0          0       6159   nrf_atfifo.o
        64          0          0          0          0       3132   nrf_atflags.o
       306          0          0          0          0       8335   nrf_atomic.o
       116          0          0          0          0       2926   nrf_balloc.o
       942        272        205          0          0      38509   nrf_ble_gatt.o
       276          0          0          0          0       4853   nrf_ble_qwr.o
       312         36         30          0         20      44132   nrf_drv_clock.o
       168         18         16          0         32       6727   nrf_drv_spi.o
       376         22          6         16          0      25163   nrf_drv_twi.o
       200         26          0         20          0      18132   nrf_drv_uart.o
        50          0          0          0          0       3089   nrf_fprintf.o
       866          4         16          0          0       6710   nrf_fprintf_format.o
       108         18         18          1         64       5194   nrf_log_backend_rtt.o
       194          0          0          0          0      11021   nrf_log_backend_serial.o
         0          0         32          8          0       2585   nrf_log_default_backends.o
      1308        106         32         20       1248      28012   nrf_log_frontend.o
       570        108        102         64          0       5844   nrf_log_str_formatter.o
       342          0          0          0          0       7676   nrf_memobj.o
         0          0         17          0          0       3796   nrf_pwr_mgmt.o
         0          0          0          0          0       1120   nrf_ringbuf.o
       444         88        104          3          0      43151   nrf_sdh.o
       704        250        468          1          0       6089   nrf_sdh_ble.o
        60          4         56          0          0       2564   nrf_sdh_soc.o
        78          0          0          0          0       2900   nrf_section_iter.o
        84          0         17          0          0       4297   nrf_sortlist.o
        76         10       1319          0          0       2867   nrf_strerror.o
       230         32         14          8          0      47320   nrfx_clock.o
      1348        102         23          0        104      66235   nrfx_gpiote.o
       146         32         12         24          0       5395   nrfx_prs.o
       938         42         25          0        108      24989   nrfx_spim.o
      1720         52         41          0        104      63713   nrfx_twim.o
      1412         44         17          0         44      32353   nrfx_uart.o
      1334         42         18          0         36      26859   nrfx_uarte.o
       160         14          0          0          0        724   port.o
       168         34          4          4          0      40870   port_cmsis.o
        84         14          0          0          0       1721   port_cmsis_systick.o
       586        150         46          0          0      10024   qmi8658c.o
      1652         30          0          0         16      20241   queue.o
        14          0          0          4          0       2970   retarget.o
       270          6          0          0        648       8007   segger_rtt.o
         0          0          0          0          0      12720   spo2.o
       460         52          0          4          0      30109   system_nrf52.o
      2448        224          0         60        300      47643   tasks.o
       768         82          0         20         40      10135   timers.o

    ----------------------------------------------------------------------
     38900       5034       3960        720      67636    1337060   Object Totals
         0          0         32          0          0          0   (incl. Generated)
        86          0         62         11          0          0   (incl. Padding)

    ----------------------------------------------------------------------

      Code (inc. data)   RO Data    RW Data    ZI Data      Debug   Library Member Name

        64          0          0          0          0       1216   arm_bitreversal2.o
      1698          0          0          0          0       6287   arm_cfft_f32.o
      1448          8          0          0          0       5155   arm_cfft_radix8_f32.o
         0          0      79852          0          0       4961   arm_common_tables.o
       160         12          0          0          0       1103   arm_cos_f32.o
       206          0          0          0          0       1173   arm_max_f32.o
       132          4          0          0          0       1006   arm_mean_f32.o
       206          0          0          0          0       1173   arm_min_f32.o
       442          0          0          0          0       2992   arm_rfft_fast_f32.o
       530          0          0          0          0       3555   arm_rfft_fast_init_f32.o
       192          4          0          0          0       1627   arm_rms_f32.o
        58          0          0          0          0        136   sqrtf.o
        86          0          0          0          0          0   __dczerorl2.o
         8          4        133          0          0         68   ctype_o.o
         0          0          0          0          0          0   entry.o
         0          0          0          0          0          0   entry10a.o
         0          0          0          0          0          0   entry11a.o
         4          0          0          0          0          0   entry12b.o
         8          4          0          0          0          0   entry2.o
         4          0          0          0          0          0   entry5.o
         0          0          0          0          0          0   entry7b.o
         0          0          0          0          0          0   entry8b.o
         8          4          0          0          0          0   entry9a.o
        12          6          0          4          0         68   errno.o
        30          0          0          0          0          0   handlers.o
        36          8          0          0          0         68   init.o
         0          0          0          0          0          0   iusefp.o
        30          0          0          0          0         68   llshl.o
        36          0          0          0          0         68   llsshr.o
        32          0          0          0          0         68   llushr.o
        36          0          0          0          0         68   memcpya.o
        36          0          0          0          0        108   memseta.o
      2234         98          0          0          0        532   printfa.o
        14          0          0          0          0         68   strlen.o
        44          0          0          0          0         80   uidiv.o
        98          0          0          0          0         92   uldiv.o
        48          0          0          0          0         68   cdrcmple.o
       334          0          0          0          0        148   dadd.o
       222          0          0          0          0        100   ddiv.o
       186          0          0          0          0        176   depilogue.o
        48          0          0          0          0         68   dfixul.o
       228          0          0          0          0         96   dmul.o

    ----------------------------------------------------------------------
      8972        152      79988          4          0      32396   Library Totals
        14          0          3          0          0          0   (incl. Padding)

    ----------------------------------------------------------------------

      Code (inc. data)   RO Data    RW Data    ZI Data      Debug   Library Name

      5078         28      79852          0          0      30248   arm_cortexM4lf_math.lib
        58          0          0          0          0        136   m_wm.l
      2756        124        133          4          0       1356   mc_w.l
      1066          0          0          0          0        656   mf_w.l

    ----------------------------------------------------------------------
      8972        152      79988          4          0      32396   Library Totals

    ----------------------------------------------------------------------

==============================================================================


      Code (inc. data)   RO Data    RW Data    ZI Data      Debug   

     47872       5186      83948        724      67636    1323060   Grand Totals
     47872       5186      83948        108      67636    1323060   ELF Image Totals (compressed)
     47872       5186      83948        108          0          0   ROM Totals

==============================================================================

    Total RO  Size (Code + RO Data)               131820 ( 128.73kB)
    Total RW  Size (RW Data + ZI Data)             68360 (  66.76kB)
    Total ROM Size (Code + RO Data + RW Data)     131928 ( 128.84kB)

==============================================================================

