Component: ARM Compiler 5.06 update 7 (build 960) Tool: armlink [4d3601]

==============================================================================

Section Cross References

    main.o(i.main) refers to bluetooth.o(i.uart_init) for uart_init
    main.o(i.main) refers to printfa.o(i.__0printf) for __2printf
    main.o(i.main) refers to queue.o(i.xQueueCreateMutex) for xQueueCreateMutex
    main.o(i.main) refers to tasks.o(i.xTaskCreate) for xTaskCreate
    main.o(i.main) refers to app_error.o(i.app_error_handler_bare) for app_error_handler_bare
    main.o(i.main) refers to tasks.o(i.vTaskStartScheduler) for vTaskStartScheduler
    main.o(i.main) refers to main.o(.data) for .data
    main.o(i.main) refers to qmi8658c.o(i.qmi8658c_read) for qmi8658c_read
    ads1292.o(i.ADS1292_val_init) refers to arm_max_f32.o(.text.arm_max_f32) for arm_max_f32
    ads1292.o(i.ADS1292_val_init) refers to arm_min_f32.o(.text.arm_min_f32) for arm_min_f32
    ads1292.o(i.ADS1292_val_init) refers to ads1292.o(.data) for .data
    ads1292.o(i.ads1292_init) refers to ads1292.o(i.nrf_drv_spi_transfer) for nrf_drv_spi_transfer
    ads1292.o(i.ads1292_init) refers to ads1292.o(i.nrf_delay_ms) for nrf_delay_ms
    ads1292.o(i.ads1292_init) refers to printfa.o(i.__0printf) for __2printf
    ads1292.o(i.ads1292_init) refers to ads1292.o(.constdata) for .constdata
    ads1292.o(i.ads1292_init) refers to ads1292.o(.data) for .data
    ads1292.o(i.bre_val_init) refers to arm_max_f32.o(.text.arm_max_f32) for arm_max_f32
    ads1292.o(i.bre_val_init) refers to arm_min_f32.o(.text.arm_min_f32) for arm_min_f32
    ads1292.o(i.bre_val_init) refers to ads1292.o(.data) for .data
    ads1292.o(i.device_init) refers to nrf_log_frontend.o(i.nrf_log_init) for nrf_log_init
    ads1292.o(i.device_init) refers to app_error.o(i.app_error_handler_bare) for app_error_handler_bare
    ads1292.o(i.device_init) refers to nrf_log_default_backends.o(i.nrf_log_default_backends_init) for nrf_log_default_backends_init
    ads1292.o(i.device_init) refers to ads1292.o(i.nrf_gpio_cfg_output) for nrf_gpio_cfg_output
    ads1292.o(i.device_init) refers to ads1292.o(i.nrf_gpio_pin_set) for nrf_gpio_pin_set
    ads1292.o(i.device_init) refers to ads1292.o(i.nrf_delay_ms) for nrf_delay_ms
    ads1292.o(i.device_init) refers to nrf_drv_spi_1.o(i.nrf_drv_spi_init) for nrf_drv_spi_init
    ads1292.o(i.device_init) refers to ads1292.o(i.nrf_gpio_pin_clear) for nrf_gpio_pin_clear
    ads1292.o(i.device_init) refers to ads1292.o(.constdata) for .constdata
    ads1292.o(i.device_init) refers to ads1292.o(i.spi_event_handler) for spi_event_handler
    ads1292.o(i.drdy_isr_handler) refers to ads1292.o(.data) for .data
    ads1292.o(i.nrf_delay_ms) refers to ads1292.o(.constdata) for .constdata
    ads1292.o(i.nrf_drv_spi_transfer) refers to nrfx_spim.o(i.nrfx_spim_xfer) for nrfx_spim_xfer
    ads1292.o(i.nrf_gpio_cfg) refers to ads1292.o(i.nrf_gpio_pin_port_decode) for nrf_gpio_pin_port_decode
    ads1292.o(i.nrf_gpio_cfg_output) refers to ads1292.o(i.nrf_gpio_cfg) for nrf_gpio_cfg
    ads1292.o(i.nrf_gpio_pin_clear) refers to ads1292.o(i.nrf_gpio_pin_port_decode) for nrf_gpio_pin_port_decode
    ads1292.o(i.nrf_gpio_pin_set) refers to ads1292.o(i.nrf_gpio_pin_port_decode) for nrf_gpio_pin_port_decode
    ads1292.o(i.spi_event_handler) refers to ads1292.o(.data) for .data
    ads1292.o(i.spi_read) refers to ads1292.o(i.device_init) for device_init
    ads1292.o(i.spi_read) refers to ads1292.o(i.nrf_delay_ms) for nrf_delay_ms
    ads1292.o(i.spi_read) refers to ads1292.o(i.ads1292_init) for ads1292_init
    ads1292.o(i.spi_read) refers to nrfx_gpiote.o(i.nrfx_gpiote_init) for nrfx_gpiote_init
    ads1292.o(i.spi_read) refers to app_error.o(i.app_error_handler_bare) for app_error_handler_bare
    ads1292.o(i.spi_read) refers to ads1292.o(i.nrf_gpio_cfg) for nrf_gpio_cfg
    ads1292.o(i.spi_read) refers to nrfx_gpiote.o(i.nrfx_gpiote_in_init) for nrfx_gpiote_in_init
    ads1292.o(i.spi_read) refers to nrfx_gpiote.o(i.nrfx_gpiote_in_event_enable) for nrfx_gpiote_in_event_enable
    ads1292.o(i.spi_read) refers to printfa.o(i.__0printf) for __2printf
    ads1292.o(i.spi_read) refers to ads1292.o(i.nrf_drv_spi_transfer) for nrf_drv_spi_transfer
    ads1292.o(i.spi_read) refers to dflti.o(.text) for __aeabi_i2d
    ads1292.o(i.spi_read) refers to dmul.o(.text) for __aeabi_dmul
    ads1292.o(i.spi_read) refers to ddiv.o(.text) for __aeabi_ddiv
    ads1292.o(i.spi_read) refers to d2f.o(.text) for __aeabi_d2f
    ads1292.o(i.spi_read) refers to tasks.o(i.vTaskDelay) for vTaskDelay
    ads1292.o(i.spi_read) refers to ads1292.o(.constdata) for .constdata
    ads1292.o(i.spi_read) refers to ads1292.o(i.drdy_isr_handler) for drdy_isr_handler
    ads1292.o(i.spi_read) refers to ads1292.o(.bss) for .bss
    ads1292.o(i.spi_read) refers to ads1292.o(.data) for .data
    bluetooth.o(i.advertising_init) refers to memseta.o(.text) for __aeabi_memclr4
[...]
    _ll_sshift_r                             0x00027943   Thumb Code     0  llsshr.o(.text)
    __I$use$fp                               0x00027967   Thumb Code     0  iusefp.o(.text)
    _float_round                             0x00027967   Thumb Code    18  fepilogue.o(.text)
    _float_epilogue                          0x00027979   Thumb Code    92  fepilogue.o(.text)
    _double_round                            0x000279d5   Thumb Code    30  depilogue.o(.text)
    _double_epilogue                         0x000279f3   Thumb Code   156  depilogue.o(.text)
    __aeabi_d2ulz                            0x00027a8f   Thumb Code    48  dfixul.o(.text)
    __aeabi_cdrcmple                         0x00027ac1   Thumb Code    48  cdrcmple.o(.text)
    __scatterload                            0x00027af1   Thumb Code    28  init.o(.text)
    __scatterload_rt2                        0x00027af1   Thumb Code     0  init.o(.text)
    __decompress                             0x00027b15   Thumb Code     0  __dczerorl2.o(.text)
    __decompress1                            0x00027b15   Thumb Code    86  __dczerorl2.o(.text)
    GPIOTE_IRQHandler                        0x00027b6d   Thumb Code   156  nrfx_gpiote.o(i.GPIOTE_IRQHandler)
    POWER_CLOCK_IRQHandler                   0x00027c11   Thumb Code    74  nrfx_clock.o(i.POWER_CLOCK_IRQHandler)
    RTC0_IRQHandler                          0x00027c61   Thumb Code    10  nrfx_rtc.o(i.RTC0_IRQHandler)
    RTC1_IRQHandler                          0x00027c71   Thumb Code    96  port_cmsis_systick.o(i.RTC1_IRQHandler)
    SEGGER_RTT_WriteNoLock                   0x00027cd9   Thumb Code    86  segger_rtt.o(i.SEGGER_RTT_WriteNoLock)
    SPIM0_SPIS0_TWIM0_TWIS0_SPI0_TWI0_IRQHandler 0x00027d35   Thumb Code     6  nrfx_prs.o(i.SPIM0_SPIS0_TWIM0_TWIS0_SPI0_TWI0_IRQHandler)
    SPIM1_SPIS1_TWIM1_TWIS1_SPI1_TWI1_IRQHandler 0x00027d41   Thumb Code     6  nrfx_prs.o(i.SPIM1_SPIS1_TWIM1_TWIS1_SPI1_TWI1_IRQHandler)
    SWI2_EGU2_IRQHandler                     0x00027d4d   Thumb Code     4  nrf_sdh.o(i.SWI2_EGU2_IRQHandler)
    SystemInit                               0x00027d51   Thumb Code   358  system_nrf52.o(i.SystemInit)
    UARTE0_UART0_IRQHandler                  0x00027edd   Thumb Code     6  nrfx_prs.o(i.UARTE0_UART0_IRQHandler)
    __0printf                                0x00027fb5   Thumb Code    22  printfa.o(i.__0printf)
    __1printf                                0x00027fb5   Thumb Code     0  printfa.o(i.__0printf)
    __2printf                                0x00027fb5   Thumb Code     0  printfa.o(i.__0printf)
    __c89printf                              0x00027fb5   Thumb Code     0  printfa.o(i.__0printf)
    printf                                   0x00027fb5   Thumb Code     0  printfa.o(i.__0printf)
    __scatterload_copy                       0x00027fd5   Thumb Code    14  handlers.o(i.__scatterload_copy)
    __scatterload_null                       0x00027fe3   Thumb Code     2  handlers.o(i.__scatterload_null)
    __scatterload_zeroinit                   0x00027fe5   Thumb Code    14  handlers.o(i.__scatterload_zeroinit)
    app_error_fault_handler                  0x000288b5   Thumb Code    86  app_error_weak.o(i.app_error_fault_handler)
    app_error_handler_bare                   0x00028939   Thumb Code    22  app_error.o(i.app_error_handler_bare)
    app_fifo_get                             0x0002894f   Thumb Code    22  app_fifo.o(i.app_fifo_get)
    app_fifo_init                            0x00028965   Thumb Code    32  app_fifo.o(i.app_fifo_init)
    app_fifo_put                             0x00028985   Thumb Code    26  app_fifo.o(i.app_fifo_put)
    app_timer_start                          0x0002899f   Thumb Code    84  app_timer2.o(i.app_timer_start)
    app_timer_stop                           0x000289f3   Thumb Code    68  app_timer2.o(i.app_timer_stop)
    app_uart_get                             0x00028a39   Thumb Code    42  app_uart_fifo.o(i.app_uart_get)
    app_uart_init                            0x00028a6d   Thumb Code   148  app_uart_fifo.o(i.app_uart_init)
    app_uart_put                             0x00028b11   Thumb Code    70  app_uart_fifo.o(i.app_uart_put)
    app_util_critical_region_enter           0x00028b65   Thumb Code    64  app_util_platform.o(i.app_util_critical_region_enter)
    app_util_critical_region_exit            0x00028bad   Thumb Code    46  app_util_platform.o(i.app_util_critical_region_exit)
    blcm_link_ctx_get                        0x00028ccd   Thumb Code    72  ble_link_ctx_manager.o(i.blcm_link_ctx_get)
    ble_advdata_parse                        0x00028d15   Thumb Code    32  ble_advdata.o(i.ble_advdata_parse)
    ble_advdata_search                       0x00028d35   Thumb Code    70  ble_advdata.o(i.ble_advdata_search)
    ble_advertising_on_ble_evt               0x00028d7b   Thumb Code   106  ble_advertising.o(i.ble_advertising_on_ble_evt)
    ble_advertising_start                    0x00028de5   Thumb Code   560  ble_advertising.o(i.ble_advertising_start)
    ble_conn_state_conn_idx                  0x00029015   Thumb Code    18  ble_conn_state.o(i.ble_conn_state_conn_idx)
    ble_conn_state_valid                     0x00029029   Thumb Code    16  ble_conn_state.o(i.ble_conn_state_valid)
    ble_evt_handler                          0x0002903d   Thumb Code   226  bluetooth.o(i.ble_evt_handler)
    ble_nus_on_ble_evt                       0x000294b9   Thumb Code   120  ble_nus.o(i.ble_nus_on_ble_evt)
    ble_srv_is_notification_enabled          0x00029531   Thumb Code     8  ble_srv_common.o(i.ble_srv_is_notification_enabled)
    bsp_board_led_invert                     0x00029539   Thumb Code    40  boards.o(i.bsp_board_led_invert)
    bsp_board_led_off                        0x00029565   Thumb Code    10  boards.o(i.bsp_board_led_off)
    bsp_board_led_on                         0x00029575   Thumb Code    10  boards.o(i.bsp_board_led_on)
    bsp_board_led_state_get                  0x00029585   Thumb Code    36  boards.o(i.bsp_board_led_state_get)
    bsp_board_leds_off                       0x000295ad   Thumb Code    18  boards.o(i.bsp_board_leds_off)
    bsp_board_leds_on                        0x000295bf   Thumb Code    18  boards.o(i.bsp_board_leds_on)
    bsp_board_pin_to_button_idx              0x000295d1   Thumb Code    30  boards.o(i.bsp_board_pin_to_button_idx)
    bsp_event_to_button_action_assign        0x00029685   Thumb Code    64  bsp.o(i.bsp_event_to_button_action_assign)
    bsp_indication_set                       0x000296c9   Thumb Code    20  bsp.o(i.bsp_indication_set)
    buffer_is_empty                          0x0002996d   Thumb Code    18  nrf_log_frontend.o(i.buffer_is_empty)
    check_i2c_busy                           0x00029995   Thumb Code    24  qmi8658c.o(i.check_i2c_busy)
    conn_handle_list_get                     0x00029a3d   Thumb Code    62  ble_conn_state.o(i.conn_handle_list_get)
    drv_rtc_counter_get                      0x00029b99   Thumb Code     8  drv_rtc.o(i.drv_rtc_counter_get)
    drv_rtc_irq_trigger                      0x00029ba1   Thumb Code    30  drv_rtc.o(i.drv_rtc_irq_trigger)
    eTaskConfirmSleepModeStatus              0x00029bc1   Thumb Code    38  tasks.o(i.eTaskConfirmSleepModeStatus)
    fputc                                    0x00029c49   Thumb Code    14  retarget.o(i.fputc)
    log_pending_hook                         0x00029f49   Thumb Code     2  nrf_log_frontend.o(i.log_pending_hook)
    main                                     0x00029ff1   Thumb Code    68  main.o(i.main)
    nrf_atfifo_item_alloc                    0x0002a12d   Thumb Code    22  nrf_atfifo.o(i.nrf_atfifo_item_alloc)
    nrf_atfifo_item_put                      0x0002a143   Thumb Code    22  nrf_atfifo.o(i.nrf_atfifo_item_put)
    nrf_atflags_clear                        0x0002a159   Thumb Code    22  nrf_atflags.o(i.nrf_atflags_clear)
    nrf_atflags_get                          0x0002a16f   Thumb Code    22  nrf_atflags.o(i.nrf_atflags_get)
    nrf_atflags_set                          0x0002a185   Thumb Code    20  nrf_atflags.o(i.nrf_atflags_set)
    nrf_atomic_flag_clear_fetch              0x0002a199   Thumb Code     6  nrf_atomic.o(i.nrf_atomic_flag_clear_fetch)
    nrf_atomic_flag_set                      0x0002a19f   Thumb Code     6  nrf_atomic.o(i.nrf_atomic_flag_set)
    nrf_atomic_u32_add                       0x0002a1a5   Thumb Code    12  nrf_atomic.o(i.nrf_atomic_u32_add)
    nrf_atomic_u32_and                       0x0002a1b1   Thumb Code    12  nrf_atomic.o(i.nrf_atomic_u32_and)
    nrf_atomic_u32_fetch_and                 0x0002a1bd   Thumb Code    10  nrf_atomic.o(i.nrf_atomic_u32_fetch_and)
    nrf_atomic_u32_fetch_store               0x0002a1c7   Thumb Code    10  nrf_atomic.o(i.nrf_atomic_u32_fetch_store)
    nrf_atomic_u32_or                        0x0002a1d1   Thumb Code    12  nrf_atomic.o(i.nrf_atomic_u32_or)
    nrf_atomic_u32_sub                       0x0002a1dd   Thumb Code    12  nrf_atomic.o(i.nrf_atomic_u32_sub)
    nrf_balloc_alloc                         0x0002a1e9   Thumb Code    68  nrf_balloc.o(i.nrf_balloc_alloc)
    nrf_balloc_free                          0x0002a22d   Thumb Code    48  nrf_balloc.o(i.nrf_balloc_free)
    nrf_ble_gatt_on_ble_evt                  0x0002a26d   Thumb Code   270  nrf_ble_gatt.o(i.nrf_ble_gatt_on_ble_evt)
    nrf_ble_qwr_conn_handle_assign           0x0002a3bd   Thumb Code    22  nrf_ble_qwr.o(i.nrf_ble_qwr_conn_handle_assign)
    nrf_ble_qwr_on_ble_evt                   0x0002a3d3   Thumb Code   182  nrf_ble_qwr.o(i.nrf_ble_qwr_on_ble_evt)
    nrf_drv_clock_init                       0x0002a4a9   Thumb Code    56  nrf_drv_clock.o(i.nrf_drv_clock_init)
    nrf_drv_clock_lfclk_release              0x0002a4e9   Thumb Code    48  nrf_drv_clock.o(i.nrf_drv_clock_lfclk_release)
    nrf_drv_clock_lfclk_request              0x0002a51d   Thumb Code    78  nrf_drv_clock.o(i.nrf_drv_clock_lfclk_request)
    nrf_drv_twi_init                         0x0002a571   Thumb Code    56  nrf_drv_twi_1.o(i.nrf_drv_twi_init)
    nrf_drv_uart_init                        0x0002a5c1   Thumb Code    90  nrf_drv_uart.o(i.nrf_drv_uart_init)
    nrf_fprintf                              0x0002a669   Thumb Code    26  nrf_fprintf.o(i.nrf_fprintf)
    nrf_fprintf_buffer_flush                 0x0002a683   Thumb Code    24  nrf_fprintf.o(i.nrf_fprintf_buffer_flush)
    nrf_fprintf_fmt                          0x0002a69b   Thumb Code   474  nrf_fprintf_format.o(i.nrf_fprintf_fmt)
    nrf_log_backend_serial_put               0x0002aafd   Thumb Code   194  nrf_log_backend_serial.o(i.nrf_log_backend_serial_put)
    nrf_log_color_id_get                     0x0002abc1   Thumb Code    42  nrf_log_frontend.o(i.nrf_log_color_id_get)
    nrf_log_frontend_dequeue                 0x0002abf1   Thumb Code   524  nrf_log_frontend.o(i.nrf_log_frontend_dequeue)
    nrf_log_frontend_std_0                   0x0002ae25   Thumb Code     8  nrf_log_frontend.o(i.nrf_log_frontend_std_0)
    nrf_log_frontend_std_1                   0x0002ae2d   Thumb Code    14  nrf_log_frontend.o(i.nrf_log_frontend_std_1)
    nrf_log_frontend_std_2                   0x0002ae3b   Thumb Code    16  nrf_log_frontend.o(i.nrf_log_frontend_std_2)
    nrf_log_hexdump_entry_process            0x0002ae4d   Thumb Code   150  nrf_log_str_formatter.o(i.nrf_log_hexdump_entry_process)
    nrf_log_module_cnt_get                   0x0002aefd   Thumb Code    10  nrf_log_frontend.o(i.nrf_log_module_cnt_get)
    nrf_log_module_name_get                  0x0002af11   Thumb Code    24  nrf_log_frontend.o(i.nrf_log_module_name_get)
    nrf_log_panic                            0x0002af2d   Thumb Code    36  nrf_log_frontend.o(i.nrf_log_panic)
    nrf_log_std_entry_process                0x0002af55   Thumb Code   182  nrf_log_str_formatter.o(i.nrf_log_std_entry_process)
    nrf_memobj_alloc                         0x0002b00b   Thumb Code    96  nrf_memobj.o(i.nrf_memobj_alloc)
    nrf_memobj_free                          0x0002b06b   Thumb Code    50  nrf_memobj.o(i.nrf_memobj_free)
    nrf_memobj_get                           0x0002b09d   Thumb Code     8  nrf_memobj.o(i.nrf_memobj_get)
    nrf_memobj_put                           0x0002b0a5   Thumb Code    30  nrf_memobj.o(i.nrf_memobj_put)
    nrf_memobj_read                          0x0002b0c3   Thumb Code    16  nrf_memobj.o(i.nrf_memobj_read)
    nrf_memobj_write                         0x0002b0d3   Thumb Code    16  nrf_memobj.o(i.nrf_memobj_write)
    nrf_sdh_evts_poll                        0x0002b15d   Thumb Code    32  nrf_sdh.o(i.nrf_sdh_evts_poll)
    nrf_sdh_is_enabled                       0x0002b181   Thumb Code     6  nrf_sdh.o(i.nrf_sdh_is_enabled)
    nrf_section_iter_init                    0x0002b1c9   Thumb Code    10  nrf_section_iter.o(i.nrf_section_iter_init)
    nrf_section_iter_next                    0x0002b1f7   Thumb Code    32  nrf_section_iter.o(i.nrf_section_iter_next)
    nrf_strerror_find                        0x0002b219   Thumb Code    52  nrf_strerror.o(i.nrf_strerror_find)
    nrf_strerror_get                         0x0002b251   Thumb Code    14  nrf_strerror.o(i.nrf_strerror_get)
    nrfx_clock_enable                        0x0002b2c5   Thumb Code    34  nrfx_clock.o(i.nrfx_clock_enable)
    nrfx_clock_init                          0x0002b2f1   Thumb Code    22  nrfx_clock.o(i.nrfx_clock_init)
    nrfx_clock_lfclk_start                   0x0002b30d   Thumb Code    26  nrfx_clock.o(i.nrfx_clock_lfclk_start)
    nrfx_clock_lfclk_stop                    0x0002b32d   Thumb Code    38  nrfx_clock.o(i.nrfx_clock_lfclk_stop)
    nrfx_prs_acquire                         0x0002b38d   Thumb Code    58  nrfx_prs.o(i.nrfx_prs_acquire)
    nrfx_twim_0_irq_handler                  0x0002b3c9   Thumb Code     8  nrfx_twim_1.o(i.nrfx_twim_0_irq_handler)
    nrfx_twim_1_irq_handler                  0x0002b3d9   Thumb Code    10  nrfx_twim_1.o(i.nrfx_twim_1_irq_handler)
    nrfx_twim_enable                         0x0002b3e9   Thumb Code    32  nrfx_twim_1.o(i.nrfx_twim_enable)
    nrfx_twim_init                           0x0002b40d   Thumb Code   218  nrfx_twim_1.o(i.nrfx_twim_init)
    nrfx_twim_is_busy                        0x0002b4f1   Thumb Code    22  nrfx_twim_1.o(i.nrfx_twim_is_busy)
    nrfx_twim_rx                             0x0002b50d   Thumb Code    44  nrfx_twim_1.o(i.nrfx_twim_rx)
    nrfx_twim_tx                             0x0002b53d   Thumb Code    54  nrfx_twim_1.o(i.nrfx_twim_tx)
    nrfx_twim_xfer                           0x0002b575   Thumb Code    34  nrfx_twim_1.o(i.nrfx_twim_xfer)
    nrfx_uart_0_irq_handler                  0x0002b59d   Thumb Code     8  nrfx_uart.o(i.nrfx_uart_0_irq_handler)
    nrfx_uart_init                           0x0002b5ad   Thumb Code   200  nrfx_uart.o(i.nrfx_uart_init)
    nrfx_uart_rx                             0x0002b681   Thumb Code   230  nrfx_uart.o(i.nrfx_uart_rx)
    nrfx_uart_tx                             0x0002b76d   Thumb Code   162  nrfx_uart.o(i.nrfx_uart_tx)
    nrfx_uart_tx_in_progress                 0x0002b815   Thumb Code    26  nrfx_uart.o(i.nrfx_uart_tx_in_progress)
    nrfx_uarte_0_irq_handler                 0x0002b835   Thumb Code     8  nrfx_uarte.o(i.nrfx_uarte_0_irq_handler)
    nrfx_uarte_init                          0x0002b845   Thumb Code   100  nrfx_uarte.o(i.nrfx_uarte_init)
    nrfx_uarte_rx                            0x0002b8b1   Thumb Code   256  nrfx_uarte.o(i.nrfx_uarte_rx)
    nrfx_uarte_tx                            0x0002b9b5   Thumb Code   166  nrfx_uarte.o(i.nrfx_uarte_tx)
    nrfx_uarte_tx_in_progress                0x0002ba61   Thumb Code    22  nrfx_uarte.o(i.nrfx_uarte_tx_in_progress)
    nvmc_config                              0x0002ba7d   Thumb Code    14  system_nrf52.o(i.nvmc_config)
    pvPortMalloc                             0x0002c5b5   Thumb Code   148  heap_4.o(i.pvPortMalloc)
    pvTaskIncrementMutexHeldCount            0x0002c64d   Thumb Code    18  tasks.o(i.pvTaskIncrementMutexHeldCount)
    pxPortInitialiseStack                    0x0002c665   Thumb Code    36  port_cmsis.o(i.pxPortInitialiseStack)
    qmi8658c_i2c_read                        0x0002c691   Thumb Code   138  qmi8658c.o(i.qmi8658c_i2c_read)
    qmi8658c_i2c_write                       0x0002c769   Thumb Code    78  qmi8658c.o(i.qmi8658c_i2c_write)
    qmi8658c_init                            0x0002c7dd   Thumb Code   222  qmi8658c.o(i.qmi8658c_init)
    qmi8658c_read                            0x0002c94d   Thumb Code   400  qmi8658c.o(i.qmi8658c_read)
    qmi_twim_handler                         0x0002cb49   Thumb Code    36  qmi8658c.o(i.qmi_twim_handler)
    uart_event_handle                        0x0002d341   Thumb Code    34  bluetooth.o(i.uart_event_handle)
    uart_init                                0x0002d439   Thumb Code    54  bluetooth.o(i.uart_init)
    uxListRemove                             0x0002d7ed   Thumb Code    38  list.o(i.uxListRemove)
    vListInitialise                          0x0002d813   Thumb Code    22  list.o(i.vListInitialise)
    vListInitialiseItem                      0x0002d829   Thumb Code     6  list.o(i.vListInitialiseItem)
    vListInsert                              0x0002d82f   Thumb Code    48  list.o(i.vListInsert)
    vListInsertEnd                           0x0002d85f   Thumb Code    24  list.o(i.vListInsertEnd)
    vPortEnterCritical                       0x0002d879   Thumb Code    16  port_cmsis.o(i.vPortEnterCritical)
    vPortExitCritical                        0x0002d88d   Thumb Code    16  port_cmsis.o(i.vPortExitCritical)
    vPortFree                                0x0002d8a1   Thumb Code    58  heap_4.o(i.vPortFree)
    vPortSetupTimerInterrupt                 0x0002d8e1   Thumb Code    54  port_cmsis_systick.o(i.vPortSetupTimerInterrupt)
    vPortSuppressTicksAndSleep               0x0002d921   Thumb Code   254  port_cmsis_systick.o(i.vPortSuppressTicksAndSleep)
    vQueueAddToRegistry                      0x0002da31   Thumb Code    34  queue.o(i.vQueueAddToRegistry)
    vQueueWaitForMessageRestricted           0x0002da59   Thumb Code    68  queue.o(i.vQueueWaitForMessageRestricted)
    vTaskDelay                               0x0002da9d   Thumb Code    46  tasks.o(i.vTaskDelay)
    vTaskInternalSetTimeOutState             0x0002dad1   Thumb Code    12  tasks.o(i.vTaskInternalSetTimeOutState)
    vTaskMissedYield                         0x0002dae1   Thumb Code     8  tasks.o(i.vTaskMissedYield)
    vTaskPlaceOnEventList                    0x0002daed   Thumb Code    26  tasks.o(i.vTaskPlaceOnEventList)
    vTaskPlaceOnEventListRestricted          0x0002db0d   Thumb Code    34  tasks.o(i.vTaskPlaceOnEventListRestricted)
    vTaskPriorityDisinheritAfterTimeout      0x0002db35   Thumb Code   120  tasks.o(i.vTaskPriorityDisinheritAfterTimeout)
    vTaskStartScheduler                      0x0002dbb5   Thumb Code    64  tasks.o(i.vTaskStartScheduler)
    vTaskStepTick                            0x0002dc05   Thumb Code    10  tasks.o(i.vTaskStepTick)
    vTaskSuspendAll                          0x0002dc15   Thumb Code    10  tasks.o(i.vTaskSuspendAll)
    vTaskSwitchContext                       0x0002dc25   Thumb Code    60  tasks.o(i.vTaskSwitchContext)
    verify_all_qmi_registers                 0x0002dc69   Thumb Code    76  qmi8658c.o(i.verify_all_qmi_registers)
    xPortStartScheduler                      0x0002dcd9   Thumb Code    58  port_cmsis.o(i.xPortStartScheduler)
    xQueueCreateMutex                        0x0002dd25   Thumb Code    36  queue.o(i.xQueueCreateMutex)
    xQueueGenericCreate                      0x0002dd49   Thumb Code    54  queue.o(i.xQueueGenericCreate)
    xQueueGenericReset                       0x0002dd81   Thumb Code   114  queue.o(i.xQueueGenericReset)
    xQueueGenericSend                        0x0002ddf9   Thumb Code   246  queue.o(i.xQueueGenericSend)
    xQueueGenericSendFromISR                 0x0002def5   Thumb Code   100  queue.o(i.xQueueGenericSendFromISR)
    xQueueReceive                            0x0002df59   Thumb Code   240  queue.o(i.xQueueReceive)
    xQueueSemaphoreTake                      0x0002e04d   Thumb Code   296  queue.o(i.xQueueSemaphoreTake)
    xTaskCheckForTimeOut                     0x0002e179   Thumb Code    76  tasks.o(i.xTaskCheckForTimeOut)
    xTaskCreate                              0x0002e1c9   Thumb Code    86  tasks.o(i.xTaskCreate)
    xTaskGetSchedulerState                   0x0002e221   Thumb Code    22  tasks.o(i.xTaskGetSchedulerState)
    xTaskGetTickCount                        0x0002e23d   Thumb Code     6  tasks.o(i.xTaskGetTickCount)
    xTaskIncrementTick                       0x0002e249   Thumb Code   150  tasks.o(i.xTaskIncrementTick)
    xTaskPriorityDisinherit                  0x0002e2e9   Thumb Code   102  tasks.o(i.xTaskPriorityDisinherit)
    xTaskPriorityInherit                     0x0002e359   Thumb Code   138  tasks.o(i.xTaskPriorityInherit)
    xTaskRemoveFromEventList                 0x0002e3ed   Thumb Code    98  tasks.o(i.xTaskRemoveFromEventList)
    xTaskResumeAll                           0x0002e459   Thumb Code   168  tasks.o(i.xTaskResumeAll)
    xTimerCreateTimerTask                    0x0002e50d   Thumb Code    42  timers.o(i.xTimerCreateTimerTask)
    xTimerGenericCommand                     0x0002e549   Thumb Code    74  timers.o(i.xTimerGenericCommand)
    nrf_log_backend_rtt_api                  0x0002e844   Data          12  nrf_log_backend_rtt.o(.constdata)
    m_ram_start                              0x0002e8d0   Data           4  nrf_sdh_ble.o(.constdata)
    __ctype_table                            0x0002e8fc   Data         129  ctype_o.o(.constdata)
    Region$$Table$$Base                      0x0002ef70   Number         0  anon$$obj.o(Region$$Table)
    Region$$Table$$Limit                     0x0002ef90   Number         0  anon$$obj.o(Region$$Table)
    log_const_data$$Base                     0x0002efa0   Number         0  nrf_ble_gatt.o(log_const_data)
    m_nrf_log_nrf_ble_gatt_logs_data_const   0x0002efa0   Data           8  nrf_ble_gatt.o(log_const_data)
    m_nrf_log_ble_nus_logs_data_const        0x0002efa8   Data           8  ble_nus.o(log_const_data)
    m_nrf_log_clock_logs_data_const          0x0002efb0   Data           8  nrf_drv_clock.o(log_const_data)
    m_nrf_log_CLOCK_logs_data_const          0x0002efb8   Data           8  nrfx_clock.o(log_const_data)
    m_nrf_log_GPIOTE_logs_data_const         0x0002efc0   Data           8  nrfx_gpiote.o(log_const_data)
    m_nrf_log_PRS_logs_data_const            0x0002efc8   Data           8  nrfx_prs.o(log_const_data)
    m_nrf_log_UART_logs_data_const           0x0002efd0   Data           8  nrfx_uart.o(log_const_data)
    m_nrf_log_UARTE_logs_data_const          0x0002efd8   Data           8  nrfx_uarte.o(log_const_data)
    m_nrf_log_SPIM_logs_data_const           0x0002efe0   Data           8  nrfx_spim.o(log_const_data)
    m_nrf_log_TWIM_logs_data_const           0x0002efe8   Data           8  nrfx_twim_1.o(log_const_data)
    m_nrf_log_RTC_logs_data_const            0x0002eff0   Data           8  nrfx_rtc.o(log_const_data)
    m_nrf_log_app_button_logs_data_const     0x0002eff8   Data           8  app_button.o(log_const_data)
    m_nrf_log_app_timer_logs_data_const      0x0002f000   Data           8  app_timer2.o(log_const_data)
    m_nrf_log_pwr_mgmt_logs_data_const       0x0002f008   Data           8  nrf_pwr_mgmt.o(log_const_data)
    m_nrf_log_sortlist_logs_data_const       0x0002f010   Data           8  nrf_sortlist.o(log_const_data)
    m_nrf_log_app_logs_data_const            0x0002f018   Data           8  nrf_log_frontend.o(log_const_data)
    m_nrf_log_nrf_sdh_logs_data_const        0x0002f020   Data           8  nrf_sdh.o(log_const_data)
    m_nrf_log_nrf_sdh_ble_logs_data_const    0x0002f028   Data           8  nrf_sdh_ble.o(log_const_data)
    m_nrf_log_nrf_sdh_soc_logs_data_const    0x0002f030   Data           8  nrf_sdh_soc.o(log_const_data)
    log_const_data$$Limit                    0x0002f038   Number         0  nrf_sdh_soc.o(log_const_data)
    log_mempool                              0x0002f038   Data          20  nrf_log_frontend.o(nrf_balloc)
    sdh_ble_observers0$$Base                 0x0002f04c   Number         0  ble_conn_state.o(sdh_ble_observers0)
    sdh_ble_observers0$$Limit                0x0002f054   Number         0  ble_conn_state.o(sdh_ble_observers0)
    sdh_ble_observers1$$Base                 0x0002f054   Number         0  bluetooth.o(sdh_ble_observers1)
    sdh_ble_observers1$$Limit                0x0002f074   Number         0  ble_conn_params.o(sdh_ble_observers1)
    sdh_ble_observers2$$Base                 0x0002f074   Number         0  bluetooth.o(sdh_ble_observers2)
    sdh_ble_observers2$$Limit                0x0002f084   Number         0  bluetooth.o(sdh_ble_observers2)
    sdh_ble_observers3$$Base                 0x0002f084   Number         0  bluetooth.o(sdh_ble_observers3)
    sdh_ble_observers3$$Limit                0x0002f08c   Number         0  bluetooth.o(sdh_ble_observers3)
    sdh_soc_observers0$$Base                 0x0002f08c   Number         0  nrf_drv_clock.o(sdh_soc_observers0)
    sdh_soc_observers0$$Limit                0x0002f094   Number         0  nrf_drv_clock.o(sdh_soc_observers0)
    sdh_stack_observers0$$Base               0x0002f094   Number         0  nrf_sdh_ble.o(sdh_stack_observers0)
    sdh_stack_observers0$$Limit              0x0002f0a4   Number         0  nrf_sdh_soc.o(sdh_stack_observers0)
    sdh_state_observers0$$Base               0x0002f0a4   Number         0  nrf_drv_clock.o(sdh_state_observers0)
    sdh_state_observers0$$Limit              0x0002f0ac   Number         0  nrf_drv_clock.o(sdh_state_observers0)
    Image$$RW_IRAM1$$Base                    0x20002ae8   Number         0  anon$$obj.o ABSOLUTE
    print_mutex                              0x20002ae8   Data           4  main.o(.data)
    m_conn_handle                            0x20002aec   Data           2  bluetooth.o(.data)
    m_ble_nus_max_data_len                   0x20002aee   Data           2  bluetooth.o(.data)
    nrf_connect_stable_flag                  0x20002af0   Data           4  bluetooth.o(.data)
    m_adv_uuids                              0x20002af4   Data           4  bluetooth.o(.data)
    pxCurrentTCB                             0x20002b20   Data           4  tasks.o(.data)
    write_ecg_pos                            0x20002b94   Data           4  ecg.o(.data)
    read_ecg_pos                             0x20002b98   Data           4  ecg.o(.data)
    adc_cap_count                            0x20002b9c   Data           4  ecg.o(.data)
    ecg_data                                 0x20002ba0   Data           4  ecg.o(.data)
    a1                                       0x20002bac   Data           4  ecg.o(.data)
    b1                                       0x20002bb0   Data           4  ecg.o(.data)
    a0                                       0x20002bb4   Data           4  ecg.o(.data)
    b0                                       0x20002bb8   Data           4  ecg.o(.data)
    filtered_count                           0x20002bc0   Data           4  ecg.o(.data)
    b_filtered_count                         0x20002bcc   Data           4  ecg.o(.data)
    min                                      0x20002bd0   Data           4  ecg.o(.data)
    min_index                                0x20002bd4   Data           4  ecg.o(.data)
    m_twi_master                             0x20002bdc   Data          16  qmi8658c.o(.data)
    nrf_drv_uart_use_easy_dma                0x20002c70   Data           2  nrf_drv_uart.o(.data)
    __stdout                                 0x20002d00   Data           4  retarget.o(.data)
    SystemCoreClock                          0x20002d68   Data           4  system_nrf52.o(.data)
    xQueueRegistry                           0x20003460   Data          16  queue.o(.bss)
    nrf_nvic_state                           0x200056d8   Data          12  app_util_platform.o(.bss)
    _SEGGER_RTT                              0x20005c04   Data         120  segger_rtt.o(.bss)
    __initial_sp                             0x20006690   Data           0  arm_startup_nrf52833.o(STACK)



==============================================================================

Memory Map of the image

  Image Entry point : 0x00027201

  Load Region LR_IROM1 (Base: 0x00027000, Size: 0x00008330, Max: 0x00059000, ABSOLUTE, COMPRESSED[0x00008118])

    Execution Region ER_IROM1 (Exec base: 0x00027000, Load base: 0x00027000, Size: 0x000080ac, Max: 0x00059000, ABSOLUTE)

    Exec Addr    Load Addr    Size         Type   Attr      Idx    E Section Name        Object

    0x00027000   0x00027000   0x00000200   Data   RO         8003    RESET               arm_startup_nrf52833.o
    0x00027200   0x00027200   0x00000000   Code   RO         8125  * .ARM.Collect$$$$00000000  mc_w.l(entry.o)
    0x00027200   0x00027200   0x00000004   Code   RO         8447    .ARM.Collect$$$$00000001  mc_w.l(entry2.o)
    0x00027204   0x00027204   0x00000004   Code   RO         8450    .ARM.Collect$$$$00000004  mc_w.l(entry5.o)
    0x00027208   0x00027208   0x00000000   Code   RO         8452    .ARM.Collect$$$$00000008  mc_w.l(entry7b.o)
    0x00027208   0x00027208   0x00000000   Code   RO         8454    .ARM.Collect$$$$0000000A  mc_w.l(entry8b.o)
    0x00027208   0x00027208   0x00000008   Code   RO         8455    .ARM.Collect$$$$0000000B  mc_w.l(entry9a.o)
    0x00027210   0x00027210   0x00000004   Code   RO         8462    .ARM.Collect$$$$0000000E  mc_w.l(entry12b.o)
    0x00027214   0x00027214   0x00000000   Code   RO         8457    .ARM.Collect$$$$0000000F  mc_w.l(entry10a.o)
    0x00027214   0x00027214   0x00000000   Code   RO         8459    .ARM.Collect$$$$00000011  mc_w.l(entry11a.o)
    0x00027214   0x00027214   0x00000004   Code   RO         8448    .ARM.Collect$$$$00002712  mc_w.l(entry2.o)
    0x00027218   0x00027218   0x000000a0   Code   RO         1935    .emb_text           port.o
    0x000272b8   0x000272b8   0x000000c8   Code   RO         6398    .emb_text           nrf_atfifo.o
    0x00027380   0x00027380   0x000000e2   Code   RO         6534    .emb_text           nrf_atomic.o
    0x00027462   0x00027462   0x00000002   PAD
    0x00027464   0x00027464   0x00000024   Code   RO         8004    .text               arm_startup_nrf52833.o
    0x00027488   0x00027488   0x00000062   Code   RO         8128    .text               mc_w.l(uldiv.o)
    0x000274ea   0x000274ea   0x0000001e   Code   RO         8130    .text               mc_w.l(llshl.o)
    0x00027508   0x00027508   0x00000008   Code   RO         8132    .text               mc_w.l(ctype_o.o)
    0x00027510   0x00027510   0x00000024   Code   RO         8160    .text               mc_w.l(memcpya.o)
    0x00027534   0x00027534   0x00000024   Code   RO         8162    .text               mc_w.l(memseta.o)
    0x00027558   0x00027558   0x0000000e   Code   RO         8164    .text               mc_w.l(strlen.o)
    0x00027566   0x00027566   0x0000014e   Code   RO         8433    .text               mf_w.l(dadd.o)
    0x000276b4   0x000276b4   0x000000e4   Code   RO         8435    .text               mf_w.l(dmul.o)
    0x00027798   0x00027798   0x000000de   Code   RO         8437    .text               mf_w.l(ddiv.o)
    0x00027876   0x00027876   0x00000022   Code   RO         8439    .text               mf_w.l(dflti.o)
    0x00027898   0x00027898   0x00000026   Code   RO         8443    .text               mf_w.l(f2d.o)
    0x000278be   0x000278be   0x00000038   Code   RO         8445    .text               mf_w.l(d2f.o)
    0x000278f6   0x000278f6   0x0000002c   Code   RO         8463    .text               mc_w.l(uidiv.o)
    0x00027922   0x00027922   0x00000020   Code   RO         8465    .text               mc_w.l(llushr.o)
    0x00027942   0x00027942   0x00000024   Code   RO         8467    .text               mc_w.l(llsshr.o)
    0x00027966   0x00027966   0x00000000   Code   RO         8469    .text               mc_w.l(iusefp.o)
    0x00027966   0x00027966   0x0000006e   Code   RO         8470    .text               mf_w.l(fepilogue.o)
    0x000279d4   0x000279d4   0x000000ba   Code   RO         8472    .text               mf_w.l(depilogue.o)
    0x00027a8e   0x00027a8e   0x00000030   Code   RO         8474    .text               mf_w.l(dfixul.o)
    0x00027abe   0x00027abe   0x00000002   PAD
    0x00027ac0   0x00027ac0   0x00000030   Code   RO         8476    .text               mf_w.l(cdrcmple.o)
    0x00027af0   0x00027af0   0x00000024   Code   RO         8478    .text               mc_w.l(init.o)
    0x00027b14   0x00027b14   0x00000056   Code   RO         8488    .text               mc_w.l(__dczerorl2.o)
    0x00027b6a   0x00027b6a   0x00000002   PAD
    0x00027b6c   0x00027b6c   0x000000a4   Code   RO         4186    i.GPIOTE_IRQHandler  nrfx_gpiote.o
    0x00027c10   0x00027c10   0x00000050   Code   RO         4047    i.POWER_CLOCK_IRQHandler  nrfx_clock.o
    0x00027c60   0x00027c60   0x00000010   Code   RO         5444    i.RTC0_IRQHandler   nrfx_rtc.o
    0x00027c70   0x00027c70   0x00000068   Code   RO         1817    i.RTC1_IRQHandler   port_cmsis_systick.o
    0x00027cd8   0x00027cd8   0x0000005c   Code   RO         7557    i.SEGGER_RTT_WriteNoLock  segger_rtt.o
    0x00027d34   0x00027d34   0x0000000c   Code   RO         4511    i.SPIM0_SPIS0_TWIM0_TWIS0_SPI0_TWI0_IRQHandler  nrfx_prs.o
    0x00027d40   0x00027d40   0x0000000c   Code   RO         4512    i.SPIM1_SPIS1_TWIM1_TWIS1_SPI1_TWI1_IRQHandler  nrfx_prs.o
    0x00027d4c   0x00027d4c   0x00000004   Code   RO         7794    i.SWI2_EGU2_IRQHandler  nrf_sdh.o
    0x00027d50   0x00027d50   0x0000018c   Code   RO         8012    i.SystemInit        system_nrf52.o
    0x00027edc   0x00027edc   0x0000000c   Code   RO         4513    i.UARTE0_UART0_IRQHandler  nrfx_prs.o
    0x00027ee8   0x00027ee8   0x00000016   Code   RO         7562    i._GetAvailWriteSpace  segger_rtt.o
    0x00027efe   0x00027efe   0x0000001a   Code   RO         5263    i._NRFX_IRQ_PENDING_CLEAR  nrfx_twim_1.o
    0x00027f18   0x00027f18   0x0000005a   Code   RO         7564    i._WriteBlocking    segger_rtt.o
    0x00027f72   0x00027f72   0x00000042   Code   RO         7565    i._WriteNoCheck     segger_rtt.o
    0x00027fb4   0x00027fb4   0x00000020   Code   RO         8405    i.__0printf         mc_w.l(printfa.o)
    0x00027fd4   0x00027fd4   0x0000000e   Code   RO         8482    i.__scatterload_copy  mc_w.l(handlers.o)
    0x00027fe2   0x00027fe2   0x00000002   Code   RO         8483    i.__scatterload_null  mc_w.l(handlers.o)
    0x00027fe4   0x00027fe4   0x0000000e   Code   RO         8484    i.__scatterload_zeroinit  mc_w.l(handlers.o)
    0x00027ff2   0x00027ff2   0x00000002   PAD
    0x00027ff4   0x00027ff4   0x00000184   Code   RO         8412    i._fp_digits        mc_w.l(printfa.o)
    0x00028178   0x00028178   0x000006b4   Code   RO         8413    i._printf_core      mc_w.l(printfa.o)
    0x0002882c   0x0002882c   0x00000024   Code   RO         8414    i._printf_post_padding  mc_w.l(printfa.o)
    0x00028850   0x00028850   0x0000002e   Code   RO         8415    i._printf_pre_padding  mc_w.l(printfa.o)
    0x0002887e   0x0002887e   0x00000036   Code   RO         2768    i.advertising_buttons_configure  bsp_btn_ble.o
    0x000288b4   0x000288b4   0x00000084   Code   RO         5723    i.app_error_fault_handler  app_error_weak.o
    0x00028938   0x00028938   0x00000016   Code   RO         5667    i.app_error_handler_bare  app_error.o
    0x0002894e   0x0002894e   0x00000016   Code   RO         5777    i.app_fifo_get      app_fifo.o
    0x00028964   0x00028964   0x00000020   Code   RO         5778    i.app_fifo_init     app_fifo.o
    0x00028984   0x00028984   0x0000001a   Code   RO         5780    i.app_fifo_put      app_fifo.o
    0x0002899e   0x0002899e   0x00000054   Code   RO         5906    i.app_timer_start   app_timer2.o
    0x000289f2   0x000289f2   0x00000044   Code   RO         5907    i.app_timer_stop    app_timer2.o
    0x00028a36   0x00028a36   0x00000002   PAD
    0x00028a38   0x00028a38   0x00000034   Code   RO         6041    i.app_uart_get      app_uart_fifo.o
    0x00028a6c   0x00028a6c   0x000000a4   Code   RO         6042    i.app_uart_init     app_uart_fifo.o
    0x00028b10   0x00028b10   0x00000054   Code   RO         6043    i.app_uart_put      app_uart_fifo.o
    0x00028b64   0x00028b64   0x00000048   Code   RO         6119    i.app_util_critical_region_enter  app_util_platform.o
    0x00028bac   0x00028bac   0x00000034   Code   RO         6120    i.app_util_critical_region_exit  app_util_platform.o
    0x00028be0   0x00028be0   0x00000076   Code   RO         4577    i.apply_config      nrfx_uart.o
    0x00028c56   0x00028c56   0x00000076   Code   RO         4775    i.apply_config      nrfx_uarte.o
    0x00028ccc   0x00028ccc   0x00000048   Code   RO         3403    i.blcm_link_ctx_get  ble_link_ctx_manager.o
    0x00028d14   0x00028d14   0x00000020   Code   RO         2871    i.ble_advdata_parse  ble_advdata.o
    0x00028d34   0x00028d34   0x00000046   Code   RO         2872    i.ble_advdata_search  ble_advdata.o
    0x00028d7a   0x00028d7a   0x0000006a   Code   RO         3022    i.ble_advertising_on_ble_evt  ble_advertising.o
    0x00028de4   0x00028de4   0x00000230   Code   RO         3025    i.ble_advertising_start  ble_advertising.o
    0x00029014   0x00029014   0x00000012   Code   RO         3235    i.ble_conn_state_conn_idx  ble_conn_state.o
    0x00029026   0x00029026   0x00000002   PAD
    0x00029028   0x00029028   0x00000014   Code   RO         3249    i.ble_conn_state_valid  ble_conn_state.o
    0x0002903c   0x0002903c   0x000001f8   Code   RO          613    i.ble_evt_handler   bluetooth.o
    0x00029234   0x00029234   0x00000070   Code   RO         2769    i.ble_evt_handler   bsp_btn_ble.o
    0x000292a4   0x000292a4   0x000000fc   Code   RO         3147    i.ble_evt_handler   ble_conn_params.o
    0x000293a0   0x000293a0   0x00000118   Code   RO         3250    i.ble_evt_handler   ble_conn_state.o
    0x000294b8   0x000294b8   0x00000078   Code   RO         3637    i.ble_nus_on_ble_evt  ble_nus.o
    0x00029530   0x00029530   0x00000008   Code   RO         3432    i.ble_srv_is_notification_enabled  ble_srv_common.o
    0x00029538   0x00029538   0x0000002c   Code   RO         2547    i.bsp_board_led_invert  boards.o
    0x00029564   0x00029564   0x00000010   Code   RO         2548    i.bsp_board_led_off  boards.o
    0x00029574   0x00029574   0x00000010   Code   RO         2549    i.bsp_board_led_on  boards.o
    0x00029584   0x00029584   0x00000028   Code   RO         2550    i.bsp_board_led_state_get  boards.o
    0x000295ac   0x000295ac   0x00000012   Code   RO         2551    i.bsp_board_leds_off  boards.o
    0x000295be   0x000295be   0x00000012   Code   RO         2552    i.bsp_board_leds_on  boards.o
    0x000295d0   0x000295d0   0x00000024   Code   RO         2553    i.bsp_board_pin_to_button_idx  boards.o
    0x000295f4   0x000295f4   0x00000090   Code   RO         2652    i.bsp_button_event_handler  bsp.o
    0x00029684   0x00029684   0x00000044   Code   RO         2656    i.bsp_event_to_button_action_assign  bsp.o
    0x000296c8   0x000296c8   0x00000018   Code   RO         2657    i.bsp_indication_set  bsp.o
    0x000296e0   0x000296e0   0x000001c8   Code   RO         2659    i.bsp_led_indication  bsp.o
    0x000298a8   0x000298a8   0x00000094   Code   RO         7294    i.buf_prealloc      nrf_log_frontend.o
    0x0002993c   0x0002993c   0x0000002e   Code   RO         6746    i.buffer_add        nrf_fprintf_format.o
    0x0002996a   0x0002996a   0x00000002   PAD
    0x0002996c   0x0002996c   0x00000018   Code   RO         7295    i.buffer_is_empty   nrf_log_frontend.o
    0x00029984   0x00029984   0x00000010   Code   RO         4189    i.channel_port_get  nrfx_gpiote.o
    0x00029994   0x00029994   0x0000004c   Code   RO         2380    i.check_i2c_busy    qmi8658c.o
    0x000299e0   0x000299e0   0x00000028   Code   RO         3696    i.clock_clk_started_notify  nrf_drv_clock.o
    0x00029a08   0x00029a08   0x0000001c   Code   RO         3697    i.clock_irq_handler  nrf_drv_clock.o
    0x00029a24   0x00029a24   0x00000018   Code   RO         5909    i.compare_func      app_timer2.o
    0x00029a3c   0x00029a3c   0x0000003e   Code   RO         3251    i.conn_handle_list_get  ble_conn_state.o
    0x00029a7a   0x00029a7a   0x00000002   PAD
    0x00029a7c   0x00029a7c   0x00000048   Code   RO         3148    i.conn_params_negotiation  ble_conn_params.o
    0x00029ac4   0x00029ac4   0x000000c0   Code   RO         3489    i.data_length_update  nrf_ble_gatt.o
    0x00029b84   0x00029b84   0x00000014   Code   RO         7296    i.dropped_sat16_get  nrf_log_frontend.o
    0x00029b98   0x00029b98   0x00000008   Code   RO         6192    i.drv_rtc_counter_get  drv_rtc.o
    0x00029ba0   0x00029ba0   0x0000001e   Code   RO         6194    i.drv_rtc_irq_trigger  drv_rtc.o
    0x00029bbe   0x00029bbe   0x00000002   PAD
    0x00029bc0   0x00029bc0   0x00000030   Code   RO          865    i.eTaskConfirmSleepModeStatus  tasks.o
    0x00029bf0   0x00029bf0   0x00000014   Code   RO         5783    i.fifo_get          app_fifo.o
    0x00029c04   0x00029c04   0x00000012   Code   RO         5784    i.fifo_put          app_fifo.o
    0x00029c16   0x00029c16   0x0000000a   Code   RO         3252    i.flag_toggle       ble_conn_state.o
    0x00029c20   0x00029c20   0x00000028   Code   RO         3027    i.flags_set         ble_advertising.o
    0x00029c48   0x00029c48   0x0000000e   Code   RO         7115    i.fputc             retarget.o
    0x00029c56   0x00029c56   0x00000002   PAD
    0x00029c58   0x00029c58   0x00000034   Code   RO         5910    i.get_now           app_timer2.o
    0x00029c8c   0x00029c8c   0x00000014   Code   RO         3149    i.instance_get      ble_conn_params.o
    0x00029ca0   0x00029ca0   0x000000a6   Code   RO         6747    i.int_print         nrf_fprintf_format.o
    0x00029d46   0x00029d46   0x00000002   PAD
    0x00029d48   0x00029d48   0x00000088   Code   RO         4776    i.interrupts_enable  nrfx_uarte.o
    0x00029dd0   0x00029dd0   0x00000034   Code   RO         7297    i.invalid_packets_omit  nrf_log_frontend.o
    0x00029e04   0x00029e04   0x000000a0   Code   RO         5445    i.irq_handler       nrfx_rtc.o
    0x00029ea4   0x00029ea4   0x00000044   Code   RO         3150    i.is_conn_params_ok  ble_conn_params.o
    0x00029ee8   0x00029ee8   0x00000016   Code   RO         3698    i.item_enqueue      nrf_drv_clock.o
    0x00029efe   0x00029efe   0x00000002   PAD
    0x00029f00   0x00029f00   0x00000030   Code   RO         2663    i.leds_off          bsp.o
    0x00029f30   0x00029f30   0x00000018   Code   RO         3490    i.link_init         nrf_ble_gatt.o
    0x00029f48   0x00029f48   0x00000002   Code   RO         7298    i.log_pending_hook  nrf_log_frontend.o
    0x00029f4a   0x00029f4a   0x00000002   PAD
    0x00029f4c   0x00029f4c   0x000000a4   Code   RO         7299    i.log_skip          nrf_log_frontend.o
    0x00029ff0   0x00029ff0   0x0000008c   Code   RO            4    i.main              main.o
    0x0002a07c   0x0002a07c   0x0000007e   Code   RO         6786    i.memobj_op         nrf_memobj.o
    0x0002a0fa   0x0002a0fa   0x00000002   PAD
    0x0002a0fc   0x0002a0fc   0x00000030   Code   RO         7300    i.module_idx_get    nrf_log_frontend.o
    0x0002a12c   0x0002a12c   0x00000016   Code   RO         6403    i.nrf_atfifo_item_alloc  nrf_atfifo.o
    0x0002a142   0x0002a142   0x00000016   Code   RO         6406    i.nrf_atfifo_item_put  nrf_atfifo.o
    0x0002a158   0x0002a158   0x00000016   Code   RO         6468    i.nrf_atflags_clear  nrf_atflags.o
    0x0002a16e   0x0002a16e   0x00000016   Code   RO         6473    i.nrf_atflags_get   nrf_atflags.o
    0x0002a184   0x0002a184   0x00000014   Code   RO         6475    i.nrf_atflags_set   nrf_atflags.o
    0x0002a198   0x0002a198   0x00000006   Code   RO         6536    i.nrf_atomic_flag_clear_fetch  nrf_atomic.o
    0x0002a19e   0x0002a19e   0x00000006   Code   RO         6537    i.nrf_atomic_flag_set  nrf_atomic.o
    0x0002a1a4   0x0002a1a4   0x0000000c   Code   RO         6539    i.nrf_atomic_u32_add  nrf_atomic.o
    0x0002a1b0   0x0002a1b0   0x0000000c   Code   RO         6540    i.nrf_atomic_u32_and  nrf_atomic.o
    0x0002a1bc   0x0002a1bc   0x0000000a   Code   RO         6543    i.nrf_atomic_u32_fetch_and  nrf_atomic.o
    0x0002a1c6   0x0002a1c6   0x0000000a   Code   RO         6545    i.nrf_atomic_u32_fetch_store  nrf_atomic.o
    0x0002a1d0   0x0002a1d0   0x0000000c   Code   RO         6549    i.nrf_atomic_u32_or  nrf_atomic.o
    0x0002a1dc   0x0002a1dc   0x0000000c   Code   RO         6551    i.nrf_atomic_u32_sub  nrf_atomic.o
    0x0002a1e8   0x0002a1e8   0x00000044   Code   RO         6670    i.nrf_balloc_alloc  nrf_balloc.o
    0x0002a22c   0x0002a22c   0x00000030   Code   RO         6671    i.nrf_balloc_free   nrf_balloc.o
    0x0002a25c   0x0002a25c   0x00000010   Code   RO         4190    i.nrf_bitmask_bit_is_set  nrfx_gpiote.o
    0x0002a26c   0x0002a26c   0x00000150   Code   RO         3497    i.nrf_ble_gatt_on_ble_evt  nrf_ble_gatt.o
    0x0002a3bc   0x0002a3bc   0x00000016   Code   RO         3591    i.nrf_ble_qwr_conn_handle_assign  nrf_ble_qwr.o
    0x0002a3d2   0x0002a3d2   0x000000b6   Code   RO         3593    i.nrf_ble_qwr_on_ble_evt  nrf_ble_qwr.o
    0x0002a488   0x0002a488   0x0000000e   Code   RO         4048    i.nrf_clock_event_check  nrfx_clock.o
    0x0002a496   0x0002a496   0x00000010   Code   RO         4049    i.nrf_clock_event_clear  nrfx_clock.o
    0x0002a4a6   0x0002a4a6   0x00000002   PAD
    0x0002a4a8   0x0002a4a8   0x00000040   Code   RO         3704    i.nrf_drv_clock_init  nrf_drv_clock.o
    0x0002a4e8   0x0002a4e8   0x00000034   Code   RO         3708    i.nrf_drv_clock_lfclk_release  nrf_drv_clock.o
    0x0002a51c   0x0002a51c   0x00000054   Code   RO         3709    i.nrf_drv_clock_lfclk_request  nrf_drv_clock.o
    0x0002a570   0x0002a570   0x00000040   Code   RO         5161    i.nrf_drv_twi_init  nrf_drv_twi_1.o
    0x0002a5b0   0x0002a5b0   0x0000000e   Code   RO         2381    i.nrf_drv_twi_tx    qmi8658c.o
    0x0002a5be   0x0002a5be   0x00000002   PAD
    0x0002a5c0   0x0002a5c0   0x00000068   Code   RO         3856    i.nrf_drv_uart_init  nrf_drv_uart.o
    0x0002a628   0x0002a628   0x00000020   Code   RO         6044    i.nrf_drv_uart_rx   app_uart_fifo.o
    0x0002a648   0x0002a648   0x00000020   Code   RO         6045    i.nrf_drv_uart_tx   app_uart_fifo.o
    0x0002a668   0x0002a668   0x0000001a   Code   RO         6707    i.nrf_fprintf       nrf_fprintf.o
    0x0002a682   0x0002a682   0x00000018   Code   RO         6708    i.nrf_fprintf_buffer_flush  nrf_fprintf.o
    0x0002a69a   0x0002a69a   0x000001da   Code   RO         6748    i.nrf_fprintf_fmt   nrf_fprintf_format.o
    0x0002a874   0x0002a874   0x00000032   Code   RO         4578    i.nrf_gpio_cfg      nrfx_uart.o
    0x0002a8a6   0x0002a8a6   0x00000032   Code   RO         4777    i.nrf_gpio_cfg      nrfx_uarte.o
    0x0002a8d8   0x0002a8d8   0x00000034   Code   RO         5264    i.nrf_gpio_cfg      nrfx_twim_1.o
    0x0002a90c   0x0002a90c   0x00000012   Code   RO         4580    i.nrf_gpio_cfg_input  nrfx_uart.o
    0x0002a91e   0x0002a91e   0x00000012   Code   RO         4779    i.nrf_gpio_cfg_input  nrfx_uarte.o
    0x0002a930   0x0002a930   0x00000014   Code   RO         4581    i.nrf_gpio_cfg_output  nrfx_uart.o
    0x0002a944   0x0002a944   0x00000014   Code   RO         4780    i.nrf_gpio_cfg_output  nrfx_uarte.o
    0x0002a958   0x0002a958   0x00000030   Code   RO         4193    i.nrf_gpio_cfg_sense_set  nrfx_gpiote.o
    0x0002a988   0x0002a988   0x00000030   Code   RO         4194    i.nrf_gpio_latches_read_and_clear  nrfx_gpiote.o
    0x0002a9b8   0x0002a9b8   0x00000014   Code   RO         5162    i.nrf_gpio_pin_clear  nrf_drv_twi_1.o
    0x0002a9cc   0x0002a9cc   0x0000001c   Code   RO         2556    i.nrf_gpio_pin_port_decode  boards.o
    0x0002a9e8   0x0002a9e8   0x0000001c   Code   RO         4196    i.nrf_gpio_pin_port_decode  nrfx_gpiote.o
    0x0002aa04   0x0002aa04   0x0000001c   Code   RO         4582    i.nrf_gpio_pin_port_decode  nrfx_uart.o
    0x0002aa20   0x0002aa20   0x0000001c   Code   RO         4781    i.nrf_gpio_pin_port_decode  nrfx_uarte.o
    0x0002aa3c   0x0002aa3c   0x0000001c   Code   RO         5163    i.nrf_gpio_pin_port_decode  nrf_drv_twi_1.o
    0x0002aa58   0x0002aa58   0x00000014   Code   RO         4583    i.nrf_gpio_pin_set  nrfx_uart.o
    0x0002aa6c   0x0002aa6c   0x00000014   Code   RO         4782    i.nrf_gpio_pin_set  nrfx_uarte.o
    0x0002aa80   0x0002aa80   0x00000014   Code   RO         5164    i.nrf_gpio_pin_set  nrf_drv_twi_1.o
    0x0002aa94   0x0002aa94   0x00000026   Code   RO         2557    i.nrf_gpio_pin_write  boards.o
    0x0002aaba   0x0002aaba   0x00000002   PAD
    0x0002aabc   0x0002aabc   0x00000014   Code   RO         4200    i.nrf_gpiote_event_clear  nrfx_gpiote.o
    0x0002aad0   0x0002aad0   0x00000010   Code   RO         4201    i.nrf_gpiote_event_is_set  nrfx_gpiote.o
    0x0002aae0   0x0002aae0   0x00000002   Code   RO         7152    i.nrf_log_backend_rtt_flush  nrf_log_backend_rtt.o
    0x0002aae2   0x0002aae2   0x00000002   Code   RO         7154    i.nrf_log_backend_rtt_panic_set  nrf_log_backend_rtt.o
    0x0002aae4   0x0002aae4   0x00000018   Code   RO         7155    i.nrf_log_backend_rtt_put  nrf_log_backend_rtt.o
    0x0002aafc   0x0002aafc   0x000000c2   Code   RO         7221    i.nrf_log_backend_serial_put  nrf_log_backend_serial.o
    0x0002abbe   0x0002abbe   0x00000002   PAD
    0x0002abc0   0x0002abc0   0x00000030   Code   RO         7303    i.nrf_log_color_id_get  nrf_log_frontend.o
    0x0002abf0   0x0002abf0   0x00000234   Code   RO         7304    i.nrf_log_frontend_dequeue  nrf_log_frontend.o
    0x0002ae24   0x0002ae24   0x00000008   Code   RO         7306    i.nrf_log_frontend_std_0  nrf_log_frontend.o
    0x0002ae2c   0x0002ae2c   0x0000000e   Code   RO         7307    i.nrf_log_frontend_std_1  nrf_log_frontend.o
    0x0002ae3a   0x0002ae3a   0x00000010   Code   RO         7308    i.nrf_log_frontend_std_2  nrf_log_frontend.o
    0x0002ae4a   0x0002ae4a   0x00000002   PAD
    0x0002ae4c   0x0002ae4c   0x000000b0   Code   RO         7487    i.nrf_log_hexdump_entry_process  nrf_log_str_formatter.o
    0x0002aefc   0x0002aefc   0x00000014   Code   RO         7314    i.nrf_log_module_cnt_get  nrf_log_frontend.o
    0x0002af10   0x0002af10   0x0000001c   Code   RO         7317    i.nrf_log_module_name_get  nrf_log_frontend.o
    0x0002af2c   0x0002af2c   0x00000028   Code   RO         7318    i.nrf_log_panic     nrf_log_frontend.o
    0x0002af54   0x0002af54   0x000000b6   Code   RO         7488    i.nrf_log_std_entry_process  nrf_log_str_formatter.o
    0x0002b00a   0x0002b00a   0x00000060   Code   RO         6787    i.nrf_memobj_alloc  nrf_memobj.o
    0x0002b06a   0x0002b06a   0x00000032   Code   RO         6788    i.nrf_memobj_free   nrf_memobj.o
    0x0002b09c   0x0002b09c   0x00000008   Code   RO         6789    i.nrf_memobj_get    nrf_memobj.o
    0x0002b0a4   0x0002b0a4   0x0000001e   Code   RO         6791    i.nrf_memobj_put    nrf_memobj.o
    0x0002b0c2   0x0002b0c2   0x00000010   Code   RO         6792    i.nrf_memobj_read   nrf_memobj.o
    0x0002b0d2   0x0002b0d2   0x00000010   Code   RO         6793    i.nrf_memobj_write  nrf_memobj.o
    0x0002b0e2   0x0002b0e2   0x0000000c   Code   RO         1818    i.nrf_rtc_event_clear  port_cmsis_systick.o
    0x0002b0ee   0x0002b0ee   0x0000000c   Code   RO         5446    i.nrf_rtc_event_clear  nrfx_rtc.o
    0x0002b0fa   0x0002b0fa   0x00000002   PAD
    0x0002b0fc   0x0002b0fc   0x00000060   Code   RO         7918    i.nrf_sdh_ble_evts_poll  nrf_sdh_ble.o
    0x0002b15c   0x0002b15c   0x00000024   Code   RO         7798    i.nrf_sdh_evts_poll  nrf_sdh.o
    0x0002b180   0x0002b180   0x0000000c   Code   RO         7799    i.nrf_sdh_is_enabled  nrf_sdh.o
    0x0002b18c   0x0002b18c   0x0000003c   Code   RO         7969    i.nrf_sdh_soc_evts_poll  nrf_sdh_soc.o
    0x0002b1c8   0x0002b1c8   0x0000000a   Code   RO         6990    i.nrf_section_iter_init  nrf_section_iter.o
    0x0002b1d2   0x0002b1d2   0x00000024   Code   RO         6991    i.nrf_section_iter_item_set  nrf_section_iter.o
    0x0002b1f6   0x0002b1f6   0x00000020   Code   RO         6992    i.nrf_section_iter_next  nrf_section_iter.o
    0x0002b216   0x0002b216   0x00000002   PAD
    0x0002b218   0x0002b218   0x00000038   Code   RO         7081    i.nrf_strerror_find  nrf_strerror.o
    0x0002b250   0x0002b250   0x00000014   Code   RO         7082    i.nrf_strerror_get  nrf_strerror.o
    0x0002b264   0x0002b264   0x0000000a   Code   RO         5266    i.nrf_twim_event_check  nrfx_twim_1.o
    0x0002b26e   0x0002b26e   0x0000000c   Code   RO         5267    i.nrf_twim_event_clear  nrfx_twim_1.o
    0x0002b27a   0x0002b27a   0x0000000a   Code   RO         4584    i.nrf_uart_event_check  nrfx_uart.o
    0x0002b284   0x0002b284   0x0000000c   Code   RO         4585    i.nrf_uart_event_clear  nrfx_uart.o
    0x0002b290   0x0002b290   0x0000000c   Code   RO         4586    i.nrf_uart_int_enable_check  nrfx_uart.o
    0x0002b29c   0x0002b29c   0x0000000a   Code   RO         4783    i.nrf_uarte_event_check  nrfx_uarte.o
    0x0002b2a6   0x0002b2a6   0x0000000c   Code   RO         4784    i.nrf_uarte_event_clear  nrfx_uarte.o
    0x0002b2b2   0x0002b2b2   0x00000002   PAD
    0x0002b2b4   0x0002b2b4   0x00000010   Code   RO         3711    i.nrf_wdt_started   nrf_drv_clock.o
    0x0002b2c4   0x0002b2c4   0x0000002c   Code   RO         4054    i.nrfx_clock_enable  nrfx_clock.o
    0x0002b2f0   0x0002b2f0   0x0000001c   Code   RO         4057    i.nrfx_clock_init   nrfx_clock.o
    0x0002b30c   0x0002b30c   0x00000020   Code   RO         4059    i.nrfx_clock_lfclk_start  nrfx_clock.o
    0x0002b32c   0x0002b32c   0x00000030   Code   RO         4060    i.nrfx_clock_lfclk_stop  nrfx_clock.o
    0x0002b35c   0x0002b35c   0x00000010   Code   RO         5165    i.nrfx_coredep_delay_us  nrf_drv_twi_1.o
    0x0002b36c   0x0002b36c   0x00000010   Code   RO         4785    i.nrfx_is_in_ram    nrfx_uarte.o
    0x0002b37c   0x0002b37c   0x00000010   Code   RO         5268    i.nrfx_is_in_ram    nrfx_twim_1.o
    0x0002b38c   0x0002b38c   0x0000003a   Code   RO         4514    i.nrfx_prs_acquire  nrfx_prs.o
    0x0002b3c6   0x0002b3c6   0x00000002   PAD
    0x0002b3c8   0x0002b3c8   0x00000010   Code   RO         5269    i.nrfx_twim_0_irq_handler  nrfx_twim_1.o
    0x0002b3d8   0x0002b3d8   0x00000010   Code   RO         5270    i.nrfx_twim_1_irq_handler  nrfx_twim_1.o
    0x0002b3e8   0x0002b3e8   0x00000024   Code   RO         5272    i.nrfx_twim_enable  nrfx_twim_1.o
    0x0002b40c   0x0002b40c   0x000000e4   Code   RO         5273    i.nrfx_twim_init    nrfx_twim_1.o
    0x0002b4f0   0x0002b4f0   0x0000001c   Code   RO         5274    i.nrfx_twim_is_busy  nrfx_twim_1.o
    0x0002b50c   0x0002b50c   0x00000030   Code   RO         5275    i.nrfx_twim_rx      nrfx_twim_1.o
    0x0002b53c   0x0002b53c   0x00000036   Code   RO         5278    i.nrfx_twim_tx      nrfx_twim_1.o
    0x0002b572   0x0002b572   0x00000002   PAD
    0x0002b574   0x0002b574   0x00000028   Code   RO         5280    i.nrfx_twim_xfer    nrfx_twim_1.o
    0x0002b59c   0x0002b59c   0x00000010   Code   RO         4587    i.nrfx_uart_0_irq_handler  nrfx_uart.o
    0x0002b5ac   0x0002b5ac   0x000000d4   Code   RO         4589    i.nrfx_uart_init    nrfx_uart.o
    0x0002b680   0x0002b680   0x000000ec   Code   RO         4590    i.nrfx_uart_rx      nrfx_uart.o
    0x0002b76c   0x0002b76c   0x000000a8   Code   RO         4595    i.nrfx_uart_tx      nrfx_uart.o
    0x0002b814   0x0002b814   0x00000020   Code   RO         4597    i.nrfx_uart_tx_in_progress  nrfx_uart.o
    0x0002b834   0x0002b834   0x00000010   Code   RO         4786    i.nrfx_uarte_0_irq_handler  nrfx_uarte.o
    0x0002b844   0x0002b844   0x0000006c   Code   RO         4788    i.nrfx_uarte_init   nrfx_uarte.o
    0x0002b8b0   0x0002b8b0   0x00000104   Code   RO         4789    i.nrfx_uarte_rx     nrfx_uarte.o
    0x0002b9b4   0x0002b9b4   0x000000ac   Code   RO         4792    i.nrfx_uarte_tx     nrfx_uarte.o
    0x0002ba60   0x0002ba60   0x0000001c   Code   RO         4794    i.nrfx_uarte_tx_in_progress  nrfx_uarte.o
    0x0002ba7c   0x0002ba7c   0x00000018   Code   RO         8013    i.nvmc_config       system_nrf52.o
    0x0002ba94   0x0002ba94   0x0000006a   Code   RO         3638    i.on_connect        ble_nus.o
    0x0002bafe   0x0002bafe   0x00000002   PAD
    0x0002bb00   0x0002bb00   0x000000a8   Code   RO         3498    i.on_connected_evt  nrf_ble_gatt.o
    0x0002bba8   0x0002bba8   0x000000ac   Code   RO         3499    i.on_exchange_mtu_request_evt  nrf_ble_gatt.o
    0x0002bc54   0x0002bc54   0x00000084   Code   RO         3639    i.on_write          ble_nus.o
    0x0002bcd8   0x0002bcd8   0x00000016   Code   RO         3028    i.phy_is_valid      ble_advertising.o
    0x0002bcee   0x0002bcee   0x00000002   PAD
    0x0002bcf0   0x0002bcf0   0x000000d0   Code   RO         4234    i.port_event_handle  nrfx_gpiote.o
    0x0002bdc0   0x0002bdc0   0x00000010   Code   RO         4235    i.port_handler_polarity_get  nrfx_gpiote.o
    0x0002bdd0   0x0002bdd0   0x0000003c   Code   RO         7490    i.postfix_process   nrf_log_str_formatter.o
    0x0002be0c   0x0002be0c   0x00000098   Code   RO         7491    i.prefix_process    nrf_log_str_formatter.o
    0x0002bea4   0x0002bea4   0x00000034   Code   RO         4516    i.prs_box_get       nrfx_prs.o
    0x0002bed8   0x0002bed8   0x00000070   Code   RO          868    i.prvAddCurrentTaskToDelayedList  tasks.o
    0x0002bf48   0x0002bf48   0x000000d0   Code   RO          869    i.prvAddNewTaskToReadyList  tasks.o
    0x0002c018   0x0002c018   0x00000050   Code   RO         1629    i.prvCheckForValidListAndQueue  timers.o
    0x0002c068   0x0002c068   0x00000026   Code   RO         1364    i.prvCopyDataFromQueue  queue.o
    0x0002c08e   0x0002c08e   0x0000006c   Code   RO         1365    i.prvCopyDataToQueue  queue.o
    0x0002c0fa   0x0002c0fa   0x00000014   Code   RO          870    i.prvDeleteTCB      tasks.o
    0x0002c10e   0x0002c10e   0x00000002   PAD
    0x0002c110   0x0002c110   0x00000034   Code   RO          871    i.prvGetExpectedIdleTime  tasks.o
    0x0002c144   0x0002c144   0x0000004c   Code   RO         1756    i.prvHeapInit       heap_4.o
    0x0002c190   0x0002c190   0x00000078   Code   RO          872    i.prvIdleTask       tasks.o
    0x0002c208   0x0002c208   0x0000008a   Code   RO          873    i.prvInitialiseNewTask  tasks.o
    0x0002c292   0x0002c292   0x00000002   PAD
    0x0002c294   0x0002c294   0x0000004c   Code   RO         1757    i.prvInsertBlockIntoFreeList  heap_4.o
    0x0002c2e0   0x0002c2e0   0x00000038   Code   RO         1630    i.prvInsertTimerInActiveList  timers.o
    0x0002c318   0x0002c318   0x0000001c   Code   RO         1366    i.prvIsQueueEmpty   queue.o
    0x0002c334   0x0002c334   0x000000a4   Code   RO         1631    i.prvProcessReceivedCommands  timers.o
    0x0002c3d8   0x0002c3d8   0x000000a4   Code   RO         1632    i.prvProcessTimerOrBlockTask  timers.o
    0x0002c47c   0x0002c47c   0x00000020   Code   RO          874    i.prvResetNextTaskUnblockTime  tasks.o
    0x0002c49c   0x0002c49c   0x00000028   Code   RO         1633    i.prvSampleTimeNow  timers.o
    0x0002c4c4   0x0002c4c4   0x00000058   Code   RO         1634    i.prvSwitchTimerLists  timers.o
    0x0002c51c   0x0002c51c   0x00000008   Code   RO         1556    i.prvTaskExitError  port_cmsis.o
    0x0002c524   0x0002c524   0x00000024   Code   RO         1635    i.prvTimerTask      timers.o
    0x0002c548   0x0002c548   0x0000006a   Code   RO         1367    i.prvUnlockQueue    queue.o
    0x0002c5b2   0x0002c5b2   0x00000002   PAD
    0x0002c5b4   0x0002c5b4   0x00000098   Code   RO         1758    i.pvPortMalloc      heap_4.o
    0x0002c64c   0x0002c64c   0x00000018   Code   RO          876    i.pvTaskIncrementMutexHeldCount  tasks.o
    0x0002c664   0x0002c664   0x0000002c   Code   RO         1557    i.pxPortInitialiseStack  port_cmsis.o
    0x0002c690   0x0002c690   0x000000d8   Code   RO         2382    i.qmi8658c_i2c_read  qmi8658c.o
    0x0002c768   0x0002c768   0x00000074   Code   RO         2383    i.qmi8658c_i2c_write  qmi8658c.o
    0x0002c7dc   0x0002c7dc   0x00000170   Code   RO         2384    i.qmi8658c_init     qmi8658c.o
    0x0002c94c   0x0002c94c   0x000001fc   Code   RO         2385    i.qmi8658c_read     qmi8658c.o
    0x0002cb48   0x0002cb48   0x00000074   Code   RO         2386    i.qmi_twim_handler  qmi8658c.o
    0x0002cbbc   0x0002cbbc   0x00000032   Code   RO         4599    i.rx_byte           nrfx_uart.o
    0x0002cbee   0x0002cbee   0x00000016   Code   RO         4600    i.rx_done_event     nrfx_uart.o
    0x0002cc04   0x0002cc04   0x00000016   Code   RO         4796    i.rx_done_event     nrfx_uarte.o
    0x0002cc1a   0x0002cc1a   0x00000020   Code   RO         4601    i.rx_enable         nrfx_uart.o
    0x0002cc3a   0x0002cc3a   0x00000002   PAD
    0x0002cc3c   0x0002cc3c   0x00000058   Code   RO         3712    i.sd_state_evt_handler  nrf_drv_clock.o
    0x0002cc94   0x0002cc94   0x00000010   Code   RO         3151    i.send_error_evt    ble_conn_params.o
    0x0002cca4   0x0002cca4   0x00000050   Code   RO         7156    i.serial_tx         nrf_log_backend_rtt.o
    0x0002ccf4   0x0002ccf4   0x00000018   Code   RO         3713    i.soc_evt_handler   nrf_drv_clock.o
    0x0002cd0c   0x0002cd0c   0x00000098   Code   RO         7320    i.std_n             nrf_log_frontend.o
    0x0002cda4   0x0002cda4   0x00000038   Code   RO         5917    i.timer_req_schedule  app_timer2.o
    0x0002cddc   0x0002cddc   0x000000a4   Code   RO         5166    i.twi_clear_bus     nrf_drv_twi_1.o
    0x0002ce80   0x0002ce80   0x00000040   Code   RO         5167    i.twim_evt_handler  nrf_drv_twi_1.o
    0x0002cec0   0x0002cec0   0x00000194   Code   RO         5281    i.twim_irq_handler  nrfx_twim_1.o
    0x0002d054   0x0002d054   0x00000298   Code   RO         5282    i.twim_xfer         nrfx_twim_1.o
    0x0002d2ec   0x0002d2ec   0x00000020   Code   RO         4602    i.tx_byte           nrfx_uart.o
    0x0002d30c   0x0002d30c   0x0000001a   Code   RO         4603    i.tx_done_event     nrfx_uart.o
    0x0002d326   0x0002d326   0x0000001a   Code   RO         4797    i.tx_done_event     nrfx_uarte.o
    0x0002d340   0x0002d340   0x00000022   Code   RO          633    i.uart_event_handle  bluetooth.o
    0x0002d362   0x0002d362   0x00000002   PAD
    0x0002d364   0x0002d364   0x000000a4   Code   RO         6046    i.uart_event_handler  app_uart_fifo.o
    0x0002d408   0x0002d408   0x00000030   Code   RO         3857    i.uart_evt_handler  nrf_drv_uart.o
    0x0002d438   0x0002d438   0x00000048   Code   RO          634    i.uart_init         bluetooth.o
    0x0002d480   0x0002d480   0x0000012a   Code   RO         4604    i.uart_irq_handler  nrfx_uart.o
    0x0002d5aa   0x0002d5aa   0x00000002   PAD
    0x0002d5ac   0x0002d5ac   0x00000030   Code   RO         3858    i.uarte_evt_handler  nrf_drv_uart.o
    0x0002d5dc   0x0002d5dc   0x00000112   Code   RO         4798    i.uarte_irq_handler  nrfx_uarte.o
    0x0002d6ee   0x0002d6ee   0x0000000c   Code   RO         1368    i.ulPortRaiseBASEPRI  queue.o
    0x0002d6fa   0x0002d6fa   0x00000002   PAD
    0x0002d6fc   0x0002d6fc   0x000000b4   Code   RO         6749    i.unsigned_print    nrf_fprintf_format.o
    0x0002d7b0   0x0002d7b0   0x00000018   Code   RO         3029    i.use_whitelist     ble_advertising.o
    0x0002d7c8   0x0002d7c8   0x00000024   Code   RO         3594    i.user_mem_reply    nrf_ble_qwr.o
    0x0002d7ec   0x0002d7ec   0x00000026   Code   RO         1306    i.uxListRemove      list.o
    0x0002d812   0x0002d812   0x00000016   Code   RO         1307    i.vListInitialise   list.o
    0x0002d828   0x0002d828   0x00000006   Code   RO         1308    i.vListInitialiseItem  list.o
    0x0002d82e   0x0002d82e   0x00000030   Code   RO         1309    i.vListInsert       list.o
    0x0002d85e   0x0002d85e   0x00000018   Code   RO         1310    i.vListInsertEnd    list.o
    0x0002d876   0x0002d876   0x00000002   PAD
    0x0002d878   0x0002d878   0x00000014   Code   RO         1559    i.vPortEnterCritical  port_cmsis.o
    0x0002d88c   0x0002d88c   0x00000014   Code   RO         1560    i.vPortExitCritical  port_cmsis.o
    0x0002d8a0   0x0002d8a0   0x00000040   Code   RO         1759    i.vPortFree         heap_4.o
    0x0002d8e0   0x0002d8e0   0x00000040   Code   RO         1819    i.vPortSetupTimerInterrupt  port_cmsis_systick.o
    0x0002d920   0x0002d920   0x00000110   Code   RO         1820    i.vPortSuppressTicksAndSleep  port_cmsis_systick.o
    0x0002da30   0x0002da30   0x00000028   Code   RO         1372    i.vQueueAddToRegistry  queue.o
    0x0002da58   0x0002da58   0x00000044   Code   RO         1375    i.vQueueWaitForMessageRestricted  queue.o
    0x0002da9c   0x0002da9c   0x00000034   Code   RO          884    i.vTaskDelay        tasks.o
    0x0002dad0   0x0002dad0   0x00000010   Code   RO          888    i.vTaskInternalSetTimeOutState  tasks.o
    0x0002dae0   0x0002dae0   0x0000000c   Code   RO          889    i.vTaskMissedYield  tasks.o
    0x0002daec   0x0002daec   0x00000020   Code   RO          891    i.vTaskPlaceOnEventList  tasks.o
    0x0002db0c   0x0002db0c   0x00000028   Code   RO          892    i.vTaskPlaceOnEventListRestricted  tasks.o
    0x0002db34   0x0002db34   0x00000080   Code   RO          894    i.vTaskPriorityDisinheritAfterTimeout  tasks.o
    0x0002dbb4   0x0002dbb4   0x00000050   Code   RO          899    i.vTaskStartScheduler  tasks.o
    0x0002dc04   0x0002dc04   0x00000010   Code   RO          900    i.vTaskStepTick     tasks.o
    0x0002dc14   0x0002dc14   0x00000010   Code   RO          902    i.vTaskSuspendAll   tasks.o
    0x0002dc24   0x0002dc24   0x00000044   Code   RO          903    i.vTaskSwitchContext  tasks.o
    0x0002dc68   0x0002dc68   0x00000070   Code   RO         2387    i.verify_all_qmi_registers  qmi8658c.o
    0x0002dcd8   0x0002dcd8   0x0000004c   Code   RO         1561    i.xPortStartScheduler  port_cmsis.o
    0x0002dd24   0x0002dd24   0x00000024   Code   RO         1377    i.xQueueCreateMutex  queue.o
    0x0002dd48   0x0002dd48   0x00000036   Code   RO         1378    i.xQueueGenericCreate  queue.o
    0x0002dd7e   0x0002dd7e   0x00000002   PAD
    0x0002dd80   0x0002dd80   0x00000078   Code   RO         1379    i.xQueueGenericReset  queue.o
    0x0002ddf8   0x0002ddf8   0x000000fc   Code   RO         1380    i.xQueueGenericSend  queue.o
    0x0002def4   0x0002def4   0x00000064   Code   RO         1381    i.xQueueGenericSendFromISR  queue.o
    0x0002df58   0x0002df58   0x000000f4   Code   RO         1388    i.xQueueReceive     queue.o
    0x0002e04c   0x0002e04c   0x0000012c   Code   RO         1390    i.xQueueSemaphoreTake  queue.o
    0x0002e178   0x0002e178   0x00000050   Code   RO          904    i.xTaskCheckForTimeOut  tasks.o
    0x0002e1c8   0x0002e1c8   0x00000056   Code   RO          905    i.xTaskCreate       tasks.o
    0x0002e21e   0x0002e21e   0x00000002   PAD
    0x0002e220   0x0002e220   0x0000001c   Code   RO          910    i.xTaskGetSchedulerState  tasks.o
    0x0002e23c   0x0002e23c   0x0000000c   Code   RO          911    i.xTaskGetTickCount  tasks.o
    0x0002e248   0x0002e248   0x000000a0   Code   RO          913    i.xTaskIncrementTick  tasks.o
    0x0002e2e8   0x0002e2e8   0x00000070   Code   RO          916    i.xTaskPriorityDisinherit  tasks.o
    0x0002e358   0x0002e358   0x00000094   Code   RO          917    i.xTaskPriorityInherit  tasks.o
    0x0002e3ec   0x0002e3ec   0x0000006c   Code   RO          918    i.xTaskRemoveFromEventList  tasks.o
    0x0002e458   0x0002e458   0x000000b4   Code   RO          919    i.xTaskResumeAll    tasks.o
    0x0002e50c   0x0002e50c   0x0000003c   Code   RO         1639    i.xTimerCreateTimerTask  timers.o
    0x0002e548   0x0002e548   0x00000050   Code   RO         1640    i.xTimerGenericCommand  timers.o
    0x0002e598   0x0002e598   0x00000062   Code   RO         5283    i.xfer_completeness_check  nrfx_twim_1.o
    0x0002e5fa   0x0002e5fa   0x00000002   PAD
    0x0002e5fc   0x0002e5fc   0x00000018   Data   RO          636    .constdata          bluetooth.o
    0x0002e614   0x0002e614   0x00000004   Data   RO         1562    .constdata          port_cmsis.o
    0x0002e618   0x0002e618   0x0000002c   Data   RO         2388    .constdata          qmi8658c.o
    0x0002e644   0x0002e644   0x00000008   Data   RO         2558    .constdata          boards.o
    0x0002e64c   0x0002e64c   0x0000002c   Data   RO         2667    .constdata          bsp.o
    0x0002e678   0x0002e678   0x00000016   Data   RO         3500    .constdata          nrf_ble_gatt.o
    0x0002e68e   0x0002e68e   0x00000002   PAD
    0x0002e690   0x0002e690   0x00000008   Data   RO         4237    .constdata          nrfx_gpiote.o
    0x0002e698   0x0002e698   0x00000004   Data   RO         4607    .constdata          nrfx_uart.o
    0x0002e69c   0x0002e69c   0x00000004   Data   RO         4801    .constdata          nrfx_uarte.o
    0x0002e6a0   0x0002e6a0   0x00000006   Data   RO         5168    .constdata          nrf_drv_twi_1.o
    0x0002e6a6   0x0002e6a6   0x00000002   PAD
    0x0002e6a8   0x0002e6a8   0x0000001c   Data   RO         5286    .constdata          nrfx_twim_1.o
    0x0002e6c4   0x0002e6c4   0x00000014   Data   RO         5920    .constdata          app_timer2.o
    0x0002e6d8   0x0002e6d8   0x00000020   Data   RO         6048    .constdata          app_uart_fifo.o
    0x0002e6f8   0x0002e6f8   0x00000010   Data   RO         6750    .constdata          nrf_fprintf_format.o
    0x0002e708   0x0002e708   0x0000013c   Data   RO         7083    .constdata          nrf_strerror.o
    0x0002e844   0x0002e844   0x0000000c   Data   RO         7158    .constdata          nrf_log_backend_rtt.o
    0x0002e850   0x0002e850   0x00000006   Data   RO         7159    .constdata          nrf_log_backend_rtt.o
    0x0002e856   0x0002e856   0x00000002   PAD
    0x0002e858   0x0002e858   0x00000010   Data   RO         7808    .constdata          nrf_sdh.o
    0x0002e868   0x0002e868   0x00000028   Data   RO         7809    .constdata          nrf_sdh.o
    0x0002e890   0x0002e890   0x00000010   Data   RO         7810    .constdata          nrf_sdh.o
    0x0002e8a0   0x0002e8a0   0x00000010   Data   RO         7811    .constdata          nrf_sdh.o
    0x0002e8b0   0x0002e8b0   0x00000020   Data   RO         7919    .constdata          nrf_sdh_ble.o
    0x0002e8d0   0x0002e8d0   0x00000010   Data   RO         7920    .constdata          nrf_sdh_ble.o
    0x0002e8e0   0x0002e8e0   0x00000010   Data   RO         7970    .constdata          nrf_sdh_soc.o
    0x0002e8f0   0x0002e8f0   0x0000000c   Data   RO         7971    .constdata          nrf_sdh_soc.o
    0x0002e8fc   0x0002e8fc   0x00000081   Data   RO         8133    .constdata          mc_w.l(ctype_o.o)
    0x0002e97d   0x0002e97d   0x00000003   PAD
    0x0002e980   0x0002e980   0x00000004   Data   RO         8134    .constdata          mc_w.l(ctype_o.o)
    0x0002e984   0x0002e984   0x00000036   Data   RO         2389    .conststring        qmi8658c.o
    0x0002e9ba   0x0002e9ba   0x00000002   PAD
    0x0002e9bc   0x0002e9bc   0x000000a2   Data   RO         3501    .conststring        nrf_ble_gatt.o
    0x0002ea5e   0x0002ea5e   0x00000002   PAD
    0x0002ea60   0x0002ea60   0x000003eb   Data   RO         7084    .conststring        nrf_strerror.o
    0x0002ee4b   0x0002ee4b   0x00000001   PAD
    0x0002ee4c   0x0002ee4c   0x00000066   Data   RO         7492    .conststring        nrf_log_str_formatter.o
    0x0002eeb2   0x0002eeb2   0x00000002   PAD
    0x0002eeb4   0x0002eeb4   0x0000000d   Data   RO         3502    .conststrlit        nrf_ble_gatt.o
    0x0002eec1   0x0002eec1   0x00000003   PAD
    0x0002eec4   0x0002eec4   0x00000008   Data   RO         3641    .conststrlit        ble_nus.o
    0x0002eecc   0x0002eecc   0x00000006   Data   RO         3719    .conststrlit        nrf_drv_clock.o
    0x0002eed2   0x0002eed2   0x00000002   PAD
    0x0002eed4   0x0002eed4   0x00000006   Data   RO         4064    .conststrlit        nrfx_clock.o
    0x0002eeda   0x0002eeda   0x00000002   PAD
    0x0002eedc   0x0002eedc   0x00000007   Data   RO         4241    .conststrlit        nrfx_gpiote.o
    0x0002eee3   0x0002eee3   0x00000001   PAD
    0x0002eee4   0x0002eee4   0x00000004   Data   RO         4518    .conststrlit        nrfx_prs.o
    0x0002eee8   0x0002eee8   0x00000005   Data   RO         4610    .conststrlit        nrfx_uart.o
    0x0002eeed   0x0002eeed   0x00000003   PAD
    0x0002eef0   0x0002eef0   0x00000006   Data   RO         4804    .conststrlit        nrfx_uarte.o
    0x0002eef6   0x0002eef6   0x00000002   PAD
    0x0002eef8   0x0002eef8   0x00000005   Data   RO         5050    .conststrlit        nrfx_spim.o
    0x0002eefd   0x0002eefd   0x00000003   PAD
    0x0002ef00   0x0002ef00   0x00000005   Data   RO         5289    .conststrlit        nrfx_twim_1.o
    0x0002ef05   0x0002ef05   0x00000003   PAD
    0x0002ef08   0x0002ef08   0x00000004   Data   RO         5461    .conststrlit        nrfx_rtc.o
    0x0002ef0c   0x0002ef0c   0x0000000b   Data   RO         5575    .conststrlit        app_button.o
    0x0002ef17   0x0002ef17   0x00000001   PAD
    0x0002ef18   0x0002ef18   0x0000000a   Data   RO         5921    .conststrlit        app_timer2.o
    0x0002ef22   0x0002ef22   0x00000002   PAD
    0x0002ef24   0x0002ef24   0x00000009   Data   RO         6859    .conststrlit        nrf_pwr_mgmt.o
    0x0002ef2d   0x0002ef2d   0x00000003   PAD
    0x0002ef30   0x0002ef30   0x00000009   Data   RO         7030    .conststrlit        nrf_sortlist.o
    0x0002ef39   0x0002ef39   0x00000003   PAD
    0x0002ef3c   0x0002ef3c   0x00000010   Data   RO         7256    .conststrlit        nrf_log_default_backends.o
    0x0002ef4c   0x0002ef4c   0x00000004   Data   RO         7326    .conststrlit        nrf_log_frontend.o
    0x0002ef50   0x0002ef50   0x00000008   Data   RO         7812    .conststrlit        nrf_sdh.o
    0x0002ef58   0x0002ef58   0x0000000c   Data   RO         7922    .conststrlit        nrf_sdh_ble.o
    0x0002ef64   0x0002ef64   0x0000000c   Data   RO         7972    .conststrlit        nrf_sdh_soc.o
    0x0002ef70   0x0002ef70   0x00000020   Data   RO         8480    Region$$Table       anon$$obj.o
    0x0002ef90   0x0002ef90   0x00000010   Data   RO         7258    log_backends        nrf_log_default_backends.o
    0x0002efa0   0x0002efa0   0x00000008   Data   RO         3503    log_const_data      nrf_ble_gatt.o
    0x0002efa8   0x0002efa8   0x00000008   Data   RO         3642    log_const_data      ble_nus.o
    0x0002efb0   0x0002efb0   0x00000008   Data   RO         3720    log_const_data      nrf_drv_clock.o
    0x0002efb8   0x0002efb8   0x00000008   Data   RO         4066    log_const_data      nrfx_clock.o
    0x0002efc0   0x0002efc0   0x00000008   Data   RO         4242    log_const_data      nrfx_gpiote.o
    0x0002efc8   0x0002efc8   0x00000008   Data   RO         4520    log_const_data      nrfx_prs.o
    0x0002efd0   0x0002efd0   0x00000008   Data   RO         4611    log_const_data      nrfx_uart.o
    0x0002efd8   0x0002efd8   0x00000008   Data   RO         4805    log_const_data      nrfx_uarte.o
    0x0002efe0   0x0002efe0   0x00000008   Data   RO         5051    log_const_data      nrfx_spim.o
    0x0002efe8   0x0002efe8   0x00000008   Data   RO         5290    log_const_data      nrfx_twim_1.o
    0x0002eff0   0x0002eff0   0x00000008   Data   RO         5463    log_const_data      nrfx_rtc.o
    0x0002eff8   0x0002eff8   0x00000008   Data   RO         5578    log_const_data      app_button.o
    0x0002f000   0x0002f000   0x00000008   Data   RO         5924    log_const_data      app_timer2.o
    0x0002f008   0x0002f008   0x00000008   Data   RO         6861    log_const_data      nrf_pwr_mgmt.o
    0x0002f010   0x0002f010   0x00000008   Data   RO         7031    log_const_data      nrf_sortlist.o
    0x0002f018   0x0002f018   0x00000008   Data   RO         7330    log_const_data      nrf_log_frontend.o
    0x0002f020   0x0002f020   0x00000008   Data   RO         7814    log_const_data      nrf_sdh.o
    0x0002f028   0x0002f028   0x00000008   Data   RO         7924    log_const_data      nrf_sdh_ble.o
    0x0002f030   0x0002f030   0x00000008   Data   RO         7973    log_const_data      nrf_sdh_soc.o
    0x0002f038   0x0002f038   0x00000014   Data   RO         7331    nrf_balloc          nrf_log_frontend.o
    0x0002f04c   0x0002f04c   0x00000008   Data   RO         3256    sdh_ble_observers0  ble_conn_state.o
    0x0002f054   0x0002f054   0x00000010   Data   RO          641    sdh_ble_observers1  bluetooth.o
    0x0002f064   0x0002f064   0x00000008   Data   RO         2773    sdh_ble_observers1  bsp_btn_ble.o
    0x0002f06c   0x0002f06c   0x00000008   Data   RO         3155    sdh_ble_observers1  ble_conn_params.o
    0x0002f074   0x0002f074   0x00000010   Data   RO          642    sdh_ble_observers2  bluetooth.o
    0x0002f084   0x0002f084   0x00000008   Data   RO          643    sdh_ble_observers3  bluetooth.o
    0x0002f08c   0x0002f08c   0x00000008   Data   RO         3721    sdh_soc_observers0  nrf_drv_clock.o
    0x0002f094   0x0002f094   0x00000008   Data   RO         7925    sdh_stack_observers0  nrf_sdh_ble.o
    0x0002f09c   0x0002f09c   0x00000008   Data   RO         7974    sdh_stack_observers0  nrf_sdh_soc.o
    0x0002f0a4   0x0002f0a4   0x00000008   Data   RO         3722    sdh_state_observers0  nrf_drv_clock.o


    Execution Region RW_IRAM1 (Exec base: 0x20002ae8, Load base: 0x0002f0ac, Size: 0x00003ba8, Max: 0x0001d518, ABSOLUTE, COMPRESSED[0x0000006c])

    Exec Addr    Load Addr    Size         Type   Attr      Idx    E Section Name        Object

    0x20002ae8   COMPRESSED   0x00000004   Data   RW            5    .data               main.o
    0x20002aec   COMPRESSED   0x00000028   Data   RW          638    .data               bluetooth.o
    0x20002b14   COMPRESSED   0x00000008   Data   RW          639    .data               bluetooth.o
    0x20002b1c   COMPRESSED   0x00000004   Data   RW          640    .data               bluetooth.o
    0x20002b20   COMPRESSED   0x0000003c   Data   RW          922    .data               tasks.o
    0x20002b5c   COMPRESSED   0x00000004   Data   RW         1563    .data               port_cmsis.o
    0x20002b60   COMPRESSED   0x00000014   Data   RW         1648    .data               timers.o
    0x20002b74   COMPRESSED   0x00000018   Data   RW         1764    .data               heap_4.o
    0x20002b8c   COMPRESSED   0x0000004c   Data   RW         2269    .data               ecg.o
    0x20002bd8   COMPRESSED   0x00000014   Data   RW         2390    .data               qmi8658c.o
    0x20002bec   COMPRESSED   0x00000010   Data   RW         2668    .data               bsp.o
    0x20002bfc   COMPRESSED   0x00000004   PAD
    0x20002c00   COMPRESSED   0x00000020   Data   RW         2669    .data               bsp.o
    0x20002c20   COMPRESSED   0x00000020   Data   RW         2670    .data               bsp.o
    0x20002c40   COMPRESSED   0x00000020   Data   RW         2671    .data               bsp.o
    0x20002c60   COMPRESSED   0x00000008   Data   RW         2772    .data               bsp_btn_ble.o
    0x20002c68   COMPRESSED   0x00000008   Data   RW         3154    .data               ble_conn_params.o
    0x20002c70   COMPRESSED   0x00000014   Data   RW         3859    .data               nrf_drv_uart.o
    0x20002c84   COMPRESSED   0x00000008   Data   RW         4065    .data               nrfx_clock.o
    0x20002c8c   COMPRESSED   0x00000018   Data   RW         4519    .data               nrfx_prs.o
    0x20002ca4   COMPRESSED   0x00000010   Data   RW         5169    .data               nrf_drv_twi_1.o
    0x20002cb4   COMPRESSED   0x00000008   Data   RW         5462    .data               nrfx_rtc.o
    0x20002cbc   COMPRESSED   0x00000004   PAD
    0x20002cc0   COMPRESSED   0x00000020   Data   RW         5922    .data               app_timer2.o
    0x20002ce0   COMPRESSED   0x00000004   Data   RW         5923    .data               app_timer2.o
    0x20002ce4   COMPRESSED   0x0000001c   Data   RW         6049    .data               app_uart_fifo.o
    0x20002d00   COMPRESSED   0x00000004   Data   RW         7116    .data               retarget.o
    0x20002d04   COMPRESSED   0x00000001   Data   RW         7160    .data               nrf_log_backend_rtt.o
    0x20002d05   COMPRESSED   0x00000003   PAD
    0x20002d08   COMPRESSED   0x00000008   Data   RW         7257    .data               nrf_log_default_backends.o
    0x20002d10   COMPRESSED   0x00000004   Data   RW         7327    .data               nrf_log_frontend.o
    0x20002d14   COMPRESSED   0x00000008   Data   RW         7328    .data               nrf_log_frontend.o
    0x20002d1c   COMPRESSED   0x00000008   Data   RW         7329    .data               nrf_log_frontend.o
    0x20002d24   COMPRESSED   0x00000040   Data   RW         7493    .data               nrf_log_str_formatter.o
    0x20002d64   COMPRESSED   0x00000003   Data   RW         7813    .data               nrf_sdh.o
    0x20002d67   COMPRESSED   0x00000001   Data   RW         7923    .data               nrf_sdh_ble.o
    0x20002d68   COMPRESSED   0x00000004   Data   RW         8015    .data               system_nrf52.o
    0x20002d6c        -       0x00000654   Zero   RW          635    .bss                bluetooth.o
    0x200033c0        -       0x000000a0   Zero   RW          921    .bss                tasks.o
    0x20003460        -       0x00000010   Zero   RW         1392    .bss                queue.o
    0x20003470        -       0x00000028   Zero   RW         1647    .bss                timers.o
    0x20003498        -       0x00002000   Zero   RW         1763    .bss                heap_4.o
    0x20005498        -       0x0000000c   Zero   RW         2666    .bss                bsp.o
    0x200054a4   COMPRESSED   0x00000004   PAD
    0x200054a8        -       0x00000050   Zero   RW         3153    .bss                ble_conn_params.o
    0x200054f8        -       0x0000007c   Zero   RW         3255    .bss                ble_conn_state.o
    0x20005574        -       0x00000014   Zero   RW         3714    .bss                nrf_drv_clock.o
    0x20005588        -       0x00000068   Zero   RW         4236    .bss                nrfx_gpiote.o
    0x200055f0        -       0x0000002c   Zero   RW         4605    .bss                nrfx_uart.o
    0x2000561c        -       0x00000024   Zero   RW         4799    .bss                nrfx_uarte.o
    0x20005640        -       0x00000068   Zero   RW         5284    .bss                nrfx_twim_1.o
    0x200056a8        -       0x00000010   Zero   RW         5918    .bss                app_timer2.o
    0x200056b8        -       0x00000020   Zero   RW         6047    .bss                app_uart_fifo.o
    0x200056d8        -       0x0000000c   Zero   RW         6125    .bss                app_util_platform.o
    0x200056e4        -       0x00000040   Zero   RW         7157    .bss                nrf_log_backend_rtt.o
    0x20005724        -       0x000000c0   Zero   RW         7321    .bss                nrf_log_frontend.o
    0x200057e4        -       0x00000420   Zero   RW         7324    .bss                nrf_log_frontend.o
    0x20005c04        -       0x00000288   Zero   RW         7566    .bss                segger_rtt.o
    0x20005e8c   COMPRESSED   0x00000004   PAD
    0x20005e90        -       0x00000800   Zero   RW         8001    STACK               arm_startup_nrf52833.o


==============================================================================

Image component sizes


      Code (inc. data)   RO Data    RW Data    ZI Data      Debug   Object Name

         0          0         19          0          0       6587   app_button.o
        22          0          0          0          0       2505   app_error.o
       132         46          0          0          0      42506   app_error_weak.o
       118          0          0          0          0       4994   app_fifo.o
       284         16         38         36         16      10109   app_timer2.o
       528         60         32         28         32      17886   app_uart_fifo.o
       124         14          0          0         12      10602   app_util_platform.o
        36          8        512          0       2048        932   arm_startup_nrf52833.o
       102          0          0          0          0      94283   ble_advdata.o
       752          6          0          0          0      17241   ble_advertising.o
       428         24          8          8         80      13980   ble_conn_params.o
       390         10          8          0        124       7687   ble_conn_state.o
        72          0          0          0          0       2816   ble_link_ctx_manager.o
       358          0         16          0          0       6513   ble_nus.o
         8          0          0          0          0       1458   ble_srv_common.o
       610        296         64         52       1620       8077   bluetooth.o
       254         32          8          0          0      11267   boards.o
       740         60         44        112         12      11113   bsp.o
       166          6          8          8          0       3260   bsp_btn_ble.o
        38          0          0          0          0      31515   drv_rtc.o
         0          0          0         76          0       4491   ecg.o
       368         24          0         24       8192       4671   heap_4.o
       138          0          0          0          0       9170   list.o
       140         72          0          4          0     178659   main.o
       244          0          0          0          0       3637   nrf_atfifo.o
        64          0          0          0          0       3004   nrf_atflags.o
       306          0          0          0          0       7995   nrf_atomic.o
       116          0          0          0          0       2830   nrf_balloc.o
       892        272        205          0          0      36463   nrf_ble_gatt.o
       240          0          0          0          0       5418   nrf_ble_qwr.o
       418         42         30          0         20      46838   nrf_drv_clock.o
       376         22          6         16          0      27179   nrf_drv_twi_1.o
       200         26          0         20          0      17796   nrf_drv_uart.o
        50          0          0          0          0       3549   nrf_fprintf.o
       866          4         16          0          0       6546   nrf_fprintf_format.o
       108         18         18          1         64       5478   nrf_log_backend_rtt.o
       194          0          0          0          0      10909   nrf_log_backend_serial.o
         0          0         32          8          0       2521   nrf_log_default_backends.o
      1348        110         32         20       1248      28272   nrf_log_frontend.o
       570        108        102         64          0       5648   nrf_log_str_formatter.o
       342          0          0          0          0       7408   nrf_memobj.o
         0          0         17          0          0       5064   nrf_pwr_mgmt.o
         0          0          0          0          0       1096   nrf_ringbuf.o
        52         10        104          3          0       6270   nrf_sdh.o
        96          8         76          1          0       3286   nrf_sdh_ble.o
        60          4         56          0          0       2460   nrf_sdh_soc.o
        78          0          0          0          0       2772   nrf_section_iter.o
         0          0         17          0          0       1053   nrf_sortlist.o
        76         10       1319          0          0       2731   nrf_strerror.o
       262         38         14          8          0      47593   nrfx_clock.o
       580         44         23          0        104      22113   nrfx_gpiote.o
       146         32         12         24          0       5163   nrfx_prs.o
       188         12         12          8          0       8486   nrfx_rtc.o
         0          0         13          0          0       8149   nrfx_spim.o
      1748         58         41          0        104      63717   nrfx_twim_1.o
      1412         44         17          0         44      31469   nrfx_uart.o
      1334         42         18          0         36      26103   nrfx_uarte.o
       160         14          0          0          0        692   port.o
       168         34          4          4          0      43586   port_cmsis.o
       452         36          0          0          0      54174   port_cmsis_systick.o
      1526        538         98         20          0       8303   qmi8658c.o
      1506         26          0          0         16      18904   queue.o
        14          0          0          4          0       2890   retarget.o
       270          6          0          0        648       7771   segger_rtt.o
         0          0          0          0          0      14244   spo2.o
       420         48          0          4          0      29509   system_nrf52.o
      2128        204          0         60        160      88025   tasks.o
       768         82          0         20         40       9755   timers.o

    ----------------------------------------------------------------------
     25654       2566       3112        644      14628    1239191   Object Totals
         0          0         32          0          0          0   (incl. Generated)
        68          0         41         11          8          0   (incl. Padding)

    ----------------------------------------------------------------------

      Code (inc. data)   RO Data    RW Data    ZI Data      Debug   Library Member Name

        86          0          0          0          0          0   __dczerorl2.o
         8          4        133          0          0         68   ctype_o.o
         0          0          0          0          0          0   entry.o
         0          0          0          0          0          0   entry10a.o
         0          0          0          0          0          0   entry11a.o
         4          0          0          0          0          0   entry12b.o
         8          4          0          0          0          0   entry2.o
         4          0          0          0          0          0   entry5.o
         0          0          0          0          0          0   entry7b.o
         0          0          0          0          0          0   entry8b.o
         8          4          0          0          0          0   entry9a.o
        30          0          0          0          0          0   handlers.o
        36          8          0          0          0         68   init.o
         0          0          0          0          0          0   iusefp.o
        30          0          0          0          0         68   llshl.o
        36          0          0          0          0         68   llsshr.o
        32          0          0          0          0         68   llushr.o
        36          0          0          0          0         68   memcpya.o
        36          0          0          0          0        108   memseta.o
      2218         90          0          0          0        464   printfa.o
        14          0          0          0          0         68   strlen.o
        44          0          0          0          0         80   uidiv.o
        98          0          0          0          0         92   uldiv.o
        48          0          0          0          0         68   cdrcmple.o
        56          0          0          0          0         88   d2f.o
       334          0          0          0          0        148   dadd.o
       222          0          0          0          0        100   ddiv.o
       186          0          0          0          0        176   depilogue.o
        48          0          0          0          0         68   dfixul.o
        34          0          0          0          0         76   dflti.o
       228          0          0          0          0         96   dmul.o
        38          0          0          0          0         68   f2d.o
       110          0          0          0          0        168   fepilogue.o

    ----------------------------------------------------------------------
      4038        110        136          0          0       2276   Library Totals
         6          0          3          0          0          0   (incl. Padding)

    ----------------------------------------------------------------------

      Code (inc. data)   RO Data    RW Data    ZI Data      Debug   Library Name

      2728        110        133          0          0       1220   mc_w.l
      1304          0          0          0          0       1056   mf_w.l

    ----------------------------------------------------------------------
      4038        110        136          0          0       2276   Library Totals

    ----------------------------------------------------------------------

==============================================================================


      Code (inc. data)   RO Data    RW Data    ZI Data      Debug   

     29692       2676       3248        644      14628    1209259   Grand Totals
     29692       2676       3248        108      14628    1209259   ELF Image Totals (compressed)
     29692       2676       3248        108          0          0   ROM Totals

==============================================================================

    Total RO  Size (Code + RO Data)                32940 (  32.17kB)
    Total RW  Size (RW Data + ZI Data)             15272 (  14.91kB)
    Total ROM Size (Code + RO Data + RW Data)      33048 (  32.27kB)

==============================================================================

