Component: ARM Compiler 5.06 update 7 (build 960) Tool: armlink [4d3601]

==============================================================================

Section Cross References

    main.o(i.main) refers to bluetooth.o(i.uart_init) for uart_init
    main.o(i.main) refers to printf8.o(i.__0printf$8) for __2printf
    main.o(i.main) refers to queue.o(i.xQueueCreateMutex) for xQueueCreateMutex
    main.o(i.main) refers to app_error.o(i.app_error_handler_bare) for app_error_handler_bare
    main.o(i.main) refers to tasks.o(i.xTaskCreate) for xTaskCreate
    main.o(i.main) refers to heap_4.o(i.xPortGetFreeHeapSize) for xPortGetFreeHeapSize
    main.o(i.main) refers to tasks.o(i.vTaskStartScheduler) for vTaskStartScheduler
    main.o(i.main) refers to main.o(.constdata) for .constdata
    main.o(i.main) refers to main.o(.data) for .data
    main.o(i.main) refers to bluetooth.o(i.ble_thread) for ble_thread
    main.o(i.main) refers to bluetooth.o(i.ble_send_thread) for ble_send_thread
    main.o(i.main) refers to spo2.o(i.spo2_read) for spo2_read
    main.o(i.main) refers to ads1292.o(i.spi_read) for spi_read
    main.o(i.main) refers to ecg.o(i.ecg_filiter) for ecg_filiter
    main.o(i.main) refers to ecg.o(i.ADS_Cap_count_process) for ADS_Cap_count_process
    main.o(i.vApplicationMallocFailedHook) refers to heap_4.o(i.xPortGetFreeHeapSize) for xPortGetFreeHeapSize
    main.o(i.vApplicationMallocFailedHook) refers to printf8.o(i.__0printf$8) for __2printf
    main.o(i.vApplicationStackOverflowHook) refers to printf8.o(i.__0printf$8) for __2printf
    ads1292.o(i.ADS1292_val_init) refers to arm_max_f32.o(.text.arm_max_f32) for arm_max_f32
    ads1292.o(i.ADS1292_val_init) refers to arm_min_f32.o(.text.arm_min_f32) for arm_min_f32
    ads1292.o(i.ADS1292_val_init) refers to ads1292.o(.data) for .data
    ads1292.o(i.ads1292_init) refers to ads1292.o(i.ads1292_send_command) for ads1292_send_command
    ads1292.o(i.ads1292_init) refers to app_error.o(i.app_error_handler_bare) for app_error_handler_bare
    ads1292.o(i.ads1292_init) refers to ads1292.o(i.nrf_delay_ms) for nrf_delay_ms
    ads1292.o(i.ads1292_init) refers to ads1292.o(i.ads1292_read_register) for ads1292_read_register
    ads1292.o(i.ads1292_init) refers to printf8.o(i.__0printf$8) for __2printf
    ads1292.o(i.ads1292_init) refers to ads1292.o(i.ads1292_write_register) for ads1292_write_register
    ads1292.o(i.ads1292_init) refers to ads1292.o(.data) for .data
    ads1292.o(i.ads1292_rate_report) refers to tasks.o(i.xTaskGetTickCount) for xTaskGetTickCount
    ads1292.o(i.ads1292_rate_report) refers to printf8.o(i.__0printf$8) for __2printf
    ads1292.o(i.ads1292_rate_report) refers to ads1292.o(.data) for .data
    ads1292.o(i.ads1292_read_register) refers to ads1292.o(i.ads1292_spi_transfer) for ads1292_spi_transfer
    ads1292.o(i.ads1292_send_command) refers to ads1292.o(i.ads1292_spi_transfer) for ads1292_spi_transfer
    ads1292.o(i.ads1292_spi_transfer) refers to nrfx_spim.o(i.nrfx_spim_xfer) for nrfx_spim_xfer
    ads1292.o(i.ads1292_spi_transfer) refers to tasks.o(i.xTaskGetTickCount) for xTaskGetTickCount
    ads1292.o(i.ads1292_spi_transfer) refers to ads1292.o(.data) for .data
    ads1292.o(i.ads1292_spi_transfer) refers to ads1292.o(.constdata) for .constdata
    ads1292.o(i.ads1292_standby) refers to ads1292.o(i.ads1292_send_command) for ads1292_send_command
    ads1292.o(i.ads1292_standby) refers to app_error.o(i.app_error_handler_bare) for app_error_handler_bare
    ads1292.o(i.ads1292_standby) refers to ads1292.o(i.nrf_delay_ms) for nrf_delay_ms
    ads1292.o(i.ads1292_wakeup) refers to ads1292.o(i.ads1292_send_command) for ads1292_send_command
    ads1292.o(i.ads1292_wakeup) refers to app_error.o(i.app_error_handler_bare) for app_error_handler_bare
    ads1292.o(i.ads1292_wakeup) refers to ads1292.o(i.nrf_delay_ms) for nrf_delay_ms
    ads1292.o(i.ads1292_write_register) refers to ads1292.o(i.ads1292_spi_transfer) for ads1292_spi_transfer
    ads1292.o(i.bre_val_init) refers to arm_max_f32.o(.text.arm_max_f32) for arm_max_f32
    ads1292.o(i.bre_val_init) refers to arm_min_f32.o(.text.arm_min_f32) for arm_min_f32
    ads1292.o(i.device_init) refers to nrf_log_frontend.o(i.nrf_log_init) for nrf_log_init
    ads1292.o(i.device_init) refers to app_error.o(i.app_error_handler_bare) for app_error_handler_bare
    ads1292.o(i.device_init) refers to nrf_log_default_backends.o(i.nrf_log_default_backends_init) for nrf_log_default_backends_init
    ads1292.o(i.device_init) refers to ads1292.o(i.nrf_gpio_cfg_output) for nrf_gpio_cfg_output
    ads1292.o(i.device_init) refers to ads1292.o(i.nrf_gpio_pin_set) for nrf_gpio_pin_set
    ads1292.o(i.device_init) refers to nrf_drv_spi.o(i.nrf_drv_spi_init) for nrf_drv_spi_init
    ads1292.o(i.device_init) refers to ads1292.o(i.nrf_gpio_pin_clear) for nrf_gpio_pin_clear
    ads1292.o(i.device_init) refers to ads1292.o(i.nrf_delay_ms) for nrf_delay_ms
[...]
    __ctype_table                            0x00032168   Data         129  ctype_o.o(.constdata)
    Region$$Table$$Base                      0x00032a58   Number         0  anon$$obj.o(Region$$Table)
    Region$$Table$$Limit                     0x00032a78   Number         0  anon$$obj.o(Region$$Table)
    log_const_data$$Base                     0x00032a88   Number         0  nrf_ble_gatt.o(log_const_data)
    m_nrf_log_nrf_ble_gatt_logs_data_const   0x00032a88   Data           8  nrf_ble_gatt.o(log_const_data)
    m_nrf_log_ble_nus_logs_data_const        0x00032a90   Data           8  ble_nus.o(log_const_data)
    m_nrf_log_clock_logs_data_const          0x00032a98   Data           8  nrf_drv_clock.o(log_const_data)
    m_nrf_log_CLOCK_logs_data_const          0x00032aa0   Data           8  nrfx_clock.o(log_const_data)
    m_nrf_log_GPIOTE_logs_data_const         0x00032aa8   Data           8  nrfx_gpiote.o(log_const_data)
    m_nrf_log_PRS_logs_data_const            0x00032ab0   Data           8  nrfx_prs.o(log_const_data)
    m_nrf_log_UART_logs_data_const           0x00032ab8   Data           8  nrfx_uart.o(log_const_data)
    m_nrf_log_UARTE_logs_data_const          0x00032ac0   Data           8  nrfx_uarte.o(log_const_data)
    m_nrf_log_SPIM_logs_data_const           0x00032ac8   Data           8  nrfx_spim.o(log_const_data)
    m_nrf_log_TWIM_logs_data_const           0x00032ad0   Data           8  nrfx_twim.o(log_const_data)
    m_nrf_log_RTC_logs_data_const            0x00032ad8   Data           8  nrfx_rtc.o(log_const_data)
    m_nrf_log_app_button_logs_data_const     0x00032ae0   Data           8  app_button.o(log_const_data)
    m_nrf_log_app_timer_logs_data_const      0x00032ae8   Data           8  app_timer2.o(log_const_data)
    m_nrf_log_pwr_mgmt_logs_data_const       0x00032af0   Data           8  nrf_pwr_mgmt.o(log_const_data)
    m_nrf_log_sortlist_logs_data_const       0x00032af8   Data           8  nrf_sortlist.o(log_const_data)
    m_nrf_log_app_logs_data_const            0x00032b00   Data           8  nrf_log_frontend.o(log_const_data)
    m_nrf_log_nrf_sdh_logs_data_const        0x00032b08   Data           8  nrf_sdh.o(log_const_data)
    m_nrf_log_nrf_sdh_ble_logs_data_const    0x00032b10   Data           8  nrf_sdh_ble.o(log_const_data)
    m_nrf_log_nrf_sdh_soc_logs_data_const    0x00032b18   Data           8  nrf_sdh_soc.o(log_const_data)
    log_const_data$$Limit                    0x00032b20   Number         0  nrf_sdh_soc.o(log_const_data)
    log_mempool                              0x00032b20   Data          20  nrf_log_frontend.o(nrf_balloc)
    sdh_ble_observers0$$Base                 0x00032b34   Number         0  ble_conn_state.o(sdh_ble_observers0)
    sdh_ble_observers0$$Limit                0x00032b3c   Number         0  ble_conn_state.o(sdh_ble_observers0)
    sdh_ble_observers1$$Base                 0x00032b3c   Number         0  bluetooth.o(sdh_ble_observers1)
    sdh_ble_observers1$$Limit                0x00032b5c   Number         0  ble_conn_params.o(sdh_ble_observers1)
    sdh_ble_observers2$$Base                 0x00032b5c   Number         0  bluetooth.o(sdh_ble_observers2)
    sdh_ble_observers2$$Limit                0x00032b6c   Number         0  bluetooth.o(sdh_ble_observers2)
    sdh_ble_observers3$$Base                 0x00032b6c   Number         0  bluetooth.o(sdh_ble_observers3)
    sdh_ble_observers3$$Limit                0x00032b74   Number         0  bluetooth.o(sdh_ble_observers3)
    sdh_soc_observers0$$Base                 0x00032b74   Number         0  nrf_drv_clock.o(sdh_soc_observers0)
    sdh_soc_observers0$$Limit                0x00032b7c   Number         0  nrf_drv_clock.o(sdh_soc_observers0)
    sdh_stack_observers0$$Base               0x00032b7c   Number         0  nrf_sdh_ble.o(sdh_stack_observers0)
    sdh_stack_observers0$$Limit              0x00032b8c   Number         0  nrf_sdh_soc.o(sdh_stack_observers0)
    sdh_state_observers0$$Base               0x00032b8c   Number         0  nrf_drv_clock.o(sdh_state_observers0)
    sdh_state_observers0$$Limit              0x00032b94   Number         0  nrf_drv_clock.o(sdh_state_observers0)
    Image$$RW_IRAM1$$Base                    0x20002ae8   Number         0  anon$$obj.o ABSOLUTE
    print_mutex                              0x20002ae8   Data           4  main.o(.data)
    init_data_collected                      0x20002aec   Data           1  ads1292.o(.data)
    init_index                               0x20002af0   Data           2  ads1292.o(.data)
    Rx_ID                                    0x20002af2   Data           3  ads1292.o(.data)
    Rx_config1                               0x20002af5   Data           3  ads1292.o(.data)
    Rx_config2                               0x20002af8   Data           3  ads1292.o(.data)
    Rx_CH1SET                                0x20002afb   Data           3  ads1292.o(.data)
    Rx_CH2SET                                0x20002afe   Data           3  ads1292.o(.data)
    Rx_LOFF                                  0x20002b01   Data           3  ads1292.o(.data)
    Rx_RLDSENS                               0x20002b04   Data           3  ads1292.o(.data)
    Rx_LOFFSENS                              0x20002b07   Data           3  ads1292.o(.data)
    Rx_LOFFSTAT                              0x20002b0a   Data           3  ads1292.o(.data)
    Rx_RESP1                                 0x20002b0d   Data           3  ads1292.o(.data)
    Rx_RESP2                                 0x20002b10   Data           3  ads1292.o(.data)
    Rx_GPIO                                  0x20002b13   Data           3  ads1292.o(.data)
    write_pos_0                              0x20002b18   Data           4  ads1292.o(.data)
    read_pos_0                               0x20002b1c   Data           4  ads1292.o(.data)
    write_pos_1                              0x20002b20   Data           4  ads1292.o(.data)
    read_pos_1                               0x20002b24   Data           4  ads1292.o(.data)
    vol_value                                0x20002b28   Data           4  ads1292.o(.data)
    g_ads1292_drdy_count                     0x20002b2c   Data           4  ads1292.o(.data)
    g_ads1292_frame_count                    0x20002b30   Data           4  ads1292.o(.data)
    g_ads1292_invalid_frame_count            0x20002b34   Data           4  ads1292.o(.data)
    g_ads1292_spi_error_count                0x20002b38   Data           4  ads1292.o(.data)
    max_init_val                             0x20002b60   Data           4  ads1292.o(.data)
    maxIndex                                 0x20002b64   Data           4  ads1292.o(.data)
    min_init_val                             0x20002b68   Data           4  ads1292.o(.data)
    minIndex                                 0x20002b6c   Data           4  ads1292.o(.data)
    chn_adc_value                            0x20002b70   Data           8  ads1292.o(.data)
    ch_v                                     0x20002b78   Data           8  ads1292.o(.data)
    m_conn_handle                            0x20002b82   Data           2  bluetooth.o(.data)
    m_ble_nus_max_data_len                   0x20002b84   Data           2  bluetooth.o(.data)
    nrf_connect_stable_flag                  0x20002b88   Data           4  bluetooth.o(.data)
    m_adv_uuids                              0x20002b8c   Data           4  bluetooth.o(.data)
    pxCurrentTCB                             0x20002bb8   Data           4  tasks.o(.data)
    g_max30102_test_mode                     0x20002c24   Data           1  spo2.o(.data)
    g_max30102_test_phase                    0x20002c25   Data           1  spo2.o(.data)
    spo2                                     0x20002c2c   Data           4  spo2.o(.data)
    max30102_int_flag                        0x20002c30   Data           4  spo2.o(.data)
    g_max30102_test_cycle                    0x20002c34   Data           4  spo2.o(.data)
    g_max30102_mode_epoch                    0x20002c38   Data           4  spo2.o(.data)
    g_max30102_mode_start_tick               0x20002c3c   Data           4  spo2.o(.data)
    ecg_data                                 0x20002c5c   Data           4  ecg.o(.data)
    write_ecg_pos                            0x20002c60   Data           4  ecg.o(.data)
    read_ecg_pos                             0x20002c64   Data           4  ecg.o(.data)
    adc_cap_count                            0x20002c68   Data           4  ecg.o(.data)
    blockSize                                0x20002c6c   Data           4  max30102_fir.o(.data)
    g_attention_score                        0x20002c70   Data           1  attention.o(.data)
    g_attention_focused                      0x20002c71   Data           1  attention.o(.data)
    g_attention_valid                        0x20002c72   Data           1  attention.o(.data)
    nrf_drv_uart_use_easy_dma                0x20002d30   Data           2  nrf_drv_uart.o(.data)
    __stdout                                 0x20002dd4   Data           4  retarget.o(.data)
    SystemCoreClock                          0x20002e3c   Data           4  system_nrf52.o(.data)
    ads1292_data                             0x20002e40   Data           9  ads1292.o(.bss)
    cmd                                      0x20002e49   Data           9  ads1292.o(.bss)
    save_data_0                              0x20002e54   Data        8000  ads1292.o(.bss)
    save_data_1                              0x20004d94   Data        8000  ads1292.o(.bss)
    data1                                    0x20006cd4   Data        4000  ads1292.o(.bss)
    data2                                    0x20007c74   Data        4000  ads1292.o(.bss)
    xQueueRegistry                           0x20009394   Data          16  queue.o(.bss)
    save_ecg_data                            0x2000dd2c   Data        2000  ecg.o(.bss)
    S_ir                                     0x2000e4fc   Data          12  max30102_fir.o(.bss)
    S_red                                    0x2000e508   Data          12  max30102_fir.o(.bss)
    nrf_nvic_state                           0x200119bc   Data          12  app_util_platform.o(.bss)
    _SEGGER_RTT                              0x20011f8c   Data         120  segger_rtt.o(.bss)
    __initial_sp                             0x20012a18   Data           0  arm_startup_nrf52833.o(STACK)



==============================================================================

Memory Map of the image

  Image Entry point : 0x00027201

  Load Region LR_IROM1 (Base: 0x00027000, Size: 0x0000beec, Max: 0x00059000, ABSOLUTE, COMPRESSED[0x0000bc04])

    Execution Region ER_IROM1 (Exec base: 0x00027000, Load base: 0x00027000, Size: 0x0000bb94, Max: 0x00059000, ABSOLUTE)

    Exec Addr    Load Addr    Size         Type   Attr      Idx    E Section Name        Object

    0x00027000   0x00027000   0x00000200   Data   RO         7859    RESET               arm_startup_nrf52833.o
    0x00027200   0x00027200   0x00000000   Code   RO         8198  * .ARM.Collect$$$$00000000  mc_w.l(entry.o)
    0x00027200   0x00027200   0x00000004   Code   RO         8514    .ARM.Collect$$$$00000001  mc_w.l(entry2.o)
    0x00027204   0x00027204   0x00000004   Code   RO         8517    .ARM.Collect$$$$00000004  mc_w.l(entry5.o)
    0x00027208   0x00027208   0x00000000   Code   RO         8519    .ARM.Collect$$$$00000008  mc_w.l(entry7b.o)
    0x00027208   0x00027208   0x00000000   Code   RO         8521    .ARM.Collect$$$$0000000A  mc_w.l(entry8b.o)
    0x00027208   0x00027208   0x00000008   Code   RO         8522    .ARM.Collect$$$$0000000B  mc_w.l(entry9a.o)
    0x00027210   0x00027210   0x00000004   Code   RO         8529    .ARM.Collect$$$$0000000E  mc_w.l(entry12b.o)
    0x00027214   0x00027214   0x00000000   Code   RO         8524    .ARM.Collect$$$$0000000F  mc_w.l(entry10a.o)
    0x00027214   0x00027214   0x00000000   Code   RO         8526    .ARM.Collect$$$$00000011  mc_w.l(entry11a.o)
    0x00027214   0x00027214   0x00000004   Code   RO         8515    .ARM.Collect$$$$00002712  mc_w.l(entry2.o)
    0x00027218   0x00027218   0x000000a0   Code   RO         1850    .emb_text           port.o
    0x000272b8   0x000272b8   0x000000c8   Code   RO         6263    .emb_text           nrf_atfifo.o
    0x00027380   0x00027380   0x000000e2   Code   RO         6399    .emb_text           nrf_atomic.o
    0x00027462   0x00027462   0x00000002   PAD
    0x00027464   0x00027464   0x00000024   Code   RO         7860    .text               arm_startup_nrf52833.o
    0x00027488   0x00027488   0x00000062   Code   RO         8201    .text               mc_w.l(uldiv.o)
    0x000274ea   0x000274ea   0x0000001e   Code   RO         8203    .text               mc_w.l(llshl.o)
    0x00027508   0x00027508   0x00000008   Code   RO         8205    .text               mc_w.l(ctype_o.o)
    0x00027510   0x00027510   0x00000024   Code   RO         8233    .text               mc_w.l(memcpya.o)
    0x00027534   0x00027534   0x00000024   Code   RO         8235    .text               mc_w.l(memseta.o)
    0x00027558   0x00027558   0x0000000e   Code   RO         8237    .text               mc_w.l(strlen.o)
    0x00027566   0x00027566   0x00000012   Code   RO         8241    .text               mc_w.l(strcpy.o)
    0x00027578   0x00027578   0x00000020   Code   RO         8532    .text               mc_w.l(llushr.o)
    0x00027598   0x00027598   0x00000024   Code   RO         8550    .text               mc_w.l(init.o)
    0x000275bc   0x000275bc   0x00000056   Code   RO         8562    .text               mc_w.l(__dczerorl2.o)
    0x00027612   0x00027612   0x00000002   PAD
    0x00027614   0x00027614   0x000004d0   Code   RO         7942    .text.arm_fir_f32   arm_cortexM4lf_math.lib(arm_fir_f32.o)
    0x00027ae4   0x00027ae4   0x00000020   Code   RO         7952    .text.arm_fir_init_f32  arm_cortexM4lf_math.lib(arm_fir_init_f32.o)
    0x00027b04   0x00027b04   0x00000188   Code   RO         2187    i.ADS_Cap_count_process  ecg.o
    0x00027c8c   0x00027c8c   0x000000a4   Code   RO         4109    i.GPIOTE_IRQHandler  nrfx_gpiote.o
    0x00027d30   0x00027d30   0x00000050   Code   RO         3970    i.POWER_CLOCK_IRQHandler  nrfx_clock.o
    0x00027d80   0x00027d80   0x00000010   Code   RO         5340    i.RTC0_IRQHandler   nrfx_rtc.o
    0x00027d90   0x00027d90   0x00000068   Code   RO         1789    i.RTC1_IRQHandler   port_cmsis_systick.o
    0x00027df8   0x00027df8   0x00000004   Code   RO         7399    i.SEGGER_RTT_Init   segger_rtt.o
    0x00027dfc   0x00027dfc   0x0000005c   Code   RO         7413    i.SEGGER_RTT_WriteNoLock  segger_rtt.o
    0x00027e58   0x00027e58   0x0000000c   Code   RO         4434    i.SPIM0_SPIS0_TWIM0_TWIS0_SPI0_TWI0_IRQHandler  nrfx_prs.o
    0x00027e64   0x00027e64   0x0000000c   Code   RO         4435    i.SPIM1_SPIS1_TWIM1_TWIS1_SPI1_TWI1_IRQHandler  nrfx_prs.o
    0x00027e70   0x00027e70   0x00000010   Code   RO         4939    i.SPIM2_SPIS2_SPI2_IRQHandler  nrfx_spim.o
    0x00027e80   0x00027e80   0x00000004   Code   RO         7650    i.SWI2_EGU2_IRQHandler  nrf_sdh.o
    0x00027e84   0x00027e84   0x0000018c   Code   RO         7868    i.SystemInit        system_nrf52.o
    0x00028010   0x00028010   0x0000000c   Code   RO         4436    i.UARTE0_UART0_IRQHandler  nrfx_prs.o
    0x0002801c   0x0002801c   0x00000068   Code   RO         7417    i._DoInit           segger_rtt.o
    0x00028084   0x00028084   0x00000016   Code   RO         7418    i._GetAvailWriteSpace  segger_rtt.o
    0x0002809a   0x0002809a   0x0000001a   Code   RO         5159    i._NRFX_IRQ_PENDING_CLEAR  nrfx_twim.o
    0x000280b4   0x000280b4   0x0000005a   Code   RO         7420    i._WriteBlocking    segger_rtt.o
    0x0002810e   0x0002810e   0x00000042   Code   RO         7421    i._WriteNoCheck     segger_rtt.o
    0x00028150   0x00028150   0x00000020   Code   RO         8452    i.__0printf$8       mc_w.l(printf8.o)
    0x00028170   0x00028170   0x00000034   Code   RO         8453    i.__0snprintf$8     mc_w.l(printf8.o)
    0x000281a4   0x000281a4   0x0000000e   Code   RO         8556    i.__scatterload_copy  mc_w.l(handlers.o)
    0x000281b2   0x000281b2   0x00000002   Code   RO         8557    i.__scatterload_null  mc_w.l(handlers.o)
    0x000281b4   0x000281b4   0x0000000e   Code   RO         8558    i.__scatterload_zeroinit  mc_w.l(handlers.o)
    0x000281c2   0x000281c2   0x00000002   PAD
    0x000281c4   0x000281c4   0x00000024   Code   RO         7651    i.__sd_nvic_app_accessible_irq  nrf_sdh.o
    0x000281e8   0x000281e8   0x00000404   Code   RO         8459    i._printf_core      mc_w.l(printf8.o)
    0x000285ec   0x000285ec   0x00000024   Code   RO         8460    i._printf_post_padding  mc_w.l(printf8.o)
    0x00028610   0x00028610   0x0000002e   Code   RO         8461    i._printf_pre_padding  mc_w.l(printf8.o)
    0x0002863e   0x0002863e   0x00000016   Code   RO         8462    i._snputc           mc_w.l(printf8.o)
    0x00028654   0x00028654   0x00000358   Code   RO          490    i.ads1292_init      ads1292.o
    0x000289ac   0x000289ac   0x00000140   Code   RO          492    i.ads1292_rate_report  ads1292.o
    0x00028aec   0x00028aec   0x0000003c   Code   RO          493    i.ads1292_read_register  ads1292.o
    0x00028b28   0x00028b28   0x00000010   Code   RO          494    i.ads1292_send_command  ads1292.o
    0x00028b38   0x00028b38   0x0000006c   Code   RO          495    i.ads1292_spi_transfer  ads1292.o
    0x00028ba4   0x00028ba4   0x00000026   Code   RO          498    i.ads1292_write_register  ads1292.o
    0x00028bca   0x00028bca   0x00000010   Code   RO         2999    i.adv_set_data_size_max_get  ble_advertising.o
    0x00028bda   0x00028bda   0x00000036   Code   RO         2792    i.advertising_buttons_configure  bsp_btn_ble.o
    0x00028c10   0x00028c10   0x0000006c   Code   RO          651    i.advertising_init  bluetooth.o
    0x00028c7c   0x00028c7c   0x0000001c   Code   RO          652    i.advertising_start  bluetooth.o
    0x00028c98   0x00028c98   0x00000084   Code   RO         5607    i.app_error_fault_handler  app_error_weak.o
    0x00028d1c   0x00028d1c   0x00000016   Code   RO         5551    i.app_error_handler_bare  app_error.o
    0x00028d32   0x00028d32   0x00000016   Code   RO         5645    i.app_fifo_get      app_fifo.o
    0x00028d48   0x00028d48   0x00000020   Code   RO         5646    i.app_fifo_init     app_fifo.o
    0x00028d68   0x00028d68   0x0000001a   Code   RO         5648    i.app_fifo_put      app_fifo.o
    0x00028d82   0x00028d82   0x00000002   PAD
    0x00028d84   0x00028d84   0x0000000c   Code   RO         5769    i.app_timer_cnt_get  app_timer2.o
    0x00028d90   0x00028d90   0x00000020   Code   RO         5770    i.app_timer_create  app_timer2.o
    0x00028db0   0x00028db0   0x0000005c   Code   RO         5771    i.app_timer_init    app_timer2.o
    0x00028e0c   0x00028e0c   0x00000054   Code   RO         5774    i.app_timer_start   app_timer2.o
    0x00028e60   0x00028e60   0x00000044   Code   RO         5775    i.app_timer_stop    app_timer2.o
    0x00028ea4   0x00028ea4   0x00000034   Code   RO         5909    i.app_uart_get      app_uart_fifo.o
    0x00028ed8   0x00028ed8   0x000000a4   Code   RO         5910    i.app_uart_init     app_uart_fifo.o
    0x00028f7c   0x00028f7c   0x00000054   Code   RO         5911    i.app_uart_put      app_uart_fifo.o
    0x00028fd0   0x00028fd0   0x00000048   Code   RO         5984    i.app_util_critical_region_enter  app_util_platform.o
    0x00029018   0x00029018   0x00000034   Code   RO         5985    i.app_util_critical_region_exit  app_util_platform.o
    0x0002904c   0x0002904c   0x00000076   Code   RO         4500    i.apply_config      nrfx_uart.o
    0x000290c2   0x000290c2   0x00000076   Code   RO         4698    i.apply_config      nrfx_uarte.o
    0x00029138   0x00029138   0x00000060   Code   RO          654    i.attention_encode_packet  bluetooth.o
    0x00029198   0x00029198   0x0000002c   Code   RO         2467    i.attention_get_result  attention.o
    0x000291c4   0x000291c4   0x00000048   Code   RO         3341    i.blcm_link_ctx_get  ble_link_ctx_manager.o
    0x0002920c   0x0002920c   0x00000182   Code   RO         2893    i.ble_advdata_encode  ble_advdata.o
    0x0002938e   0x0002938e   0x00000020   Code   RO         2895    i.ble_advdata_parse  ble_advdata.o
    0x000293ae   0x000293ae   0x00000046   Code   RO         2896    i.ble_advdata_search  ble_advdata.o
    0x000293f4   0x000293f4   0x00000006   Code   RO         3001    i.ble_advertising_conn_cfg_tag_set  ble_advertising.o
    0x000293fa   0x000293fa   0x000000e8   Code   RO         3002    i.ble_advertising_init  ble_advertising.o
    0x000294e2   0x000294e2   0x0000006a   Code   RO         3004    i.ble_advertising_on_ble_evt  ble_advertising.o
    0x0002954c   0x0002954c   0x00000230   Code   RO         3007    i.ble_advertising_start  ble_advertising.o
    0x0002977c   0x0002977c   0x00000068   Code   RO         3098    i.ble_conn_params_init  ble_conn_params.o
    0x000297e4   0x000297e4   0x00000012   Code   RO         3173    i.ble_conn_state_conn_idx  ble_conn_state.o
    0x000297f6   0x000297f6   0x00000002   PAD
    0x000297f8   0x000297f8   0x00000014   Code   RO         3187    i.ble_conn_state_valid  ble_conn_state.o
    0x0002980c   0x0002980c   0x00000060   Code   RO         2899    i.ble_device_addr_encode  ble_advdata.o
    0x0002986c   0x0002986c   0x000001e4   Code   RO          655    i.ble_evt_handler   bluetooth.o
    0x00029a50   0x00029a50   0x00000070   Code   RO         2793    i.ble_evt_handler   bsp_btn_ble.o
    0x00029ac0   0x00029ac0   0x000000fc   Code   RO         3100    i.ble_evt_handler   ble_conn_params.o
    0x00029bbc   0x00029bbc   0x00000118   Code   RO         3188    i.ble_evt_handler   ble_conn_state.o
    0x00029cd4   0x00029cd4   0x00000066   Code   RO         3567    i.ble_nus_data_send  ble_nus.o
    0x00029d3a   0x00029d3a   0x00000002   PAD
    0x00029d3c   0x00029d3c   0x000000d8   Code   RO         3568    i.ble_nus_init      ble_nus.o
    0x00029e14   0x00029e14   0x00000078   Code   RO         3569    i.ble_nus_on_ble_evt  ble_nus.o
    0x00029e8c   0x00029e8c   0x00000198   Code   RO          656    i.ble_send_data     bluetooth.o
    0x0002a024   0x0002a024   0x0000003c   Code   RO          657    i.ble_send_thread   bluetooth.o
    0x0002a060   0x0002a060   0x00000008   Code   RO         3367    i.ble_srv_is_notification_enabled  ble_srv_common.o
    0x0002a068   0x0002a068   0x00000044   Code   RO          658    i.ble_stack_init    bluetooth.o
    0x0002a0ac   0x0002a0ac   0x00000060   Code   RO          659    i.ble_thread        bluetooth.o
    0x0002a10c   0x0002a10c   0x0000002c   Code   RO         2571    i.bsp_board_led_invert  boards.o
    0x0002a138   0x0002a138   0x00000010   Code   RO         2572    i.bsp_board_led_off  boards.o
    0x0002a148   0x0002a148   0x00000010   Code   RO         2573    i.bsp_board_led_on  boards.o
    0x0002a158   0x0002a158   0x00000028   Code   RO         2574    i.bsp_board_led_state_get  boards.o
    0x0002a180   0x0002a180   0x00000012   Code   RO         2575    i.bsp_board_leds_off  boards.o
    0x0002a192   0x0002a192   0x00000012   Code   RO         2576    i.bsp_board_leds_on  boards.o
    0x0002a1a4   0x0002a1a4   0x00000024   Code   RO         2577    i.bsp_board_pin_to_button_idx  boards.o
    0x0002a1c8   0x0002a1c8   0x00000090   Code   RO         2676    i.bsp_button_event_handler  bsp.o
    0x0002a258   0x0002a258   0x00000044   Code   RO         2680    i.bsp_event_to_button_action_assign  bsp.o
    0x0002a29c   0x0002a29c   0x00000018   Code   RO         2681    i.bsp_indication_set  bsp.o
    0x0002a2b4   0x0002a2b4   0x000001c8   Code   RO         2683    i.bsp_led_indication  bsp.o
    0x0002a47c   0x0002a47c   0x00000094   Code   RO         7150    i.buf_prealloc      nrf_log_frontend.o
    0x0002a510   0x0002a510   0x0000002e   Code   RO         6611    i.buffer_add        nrf_fprintf_format.o
    0x0002a53e   0x0002a53e   0x00000002   PAD
    0x0002a540   0x0002a540   0x00000018   Code   RO         7151    i.buffer_is_empty   nrf_log_frontend.o
    0x0002a558   0x0002a558   0x0000001c   Code   RO         4110    i.channel_free      nrfx_gpiote.o
    0x0002a574   0x0002a574   0x00000048   Code   RO         4111    i.channel_port_alloc  nrfx_gpiote.o
    0x0002a5bc   0x0002a5bc   0x00000010   Code   RO         4112    i.channel_port_get  nrfx_gpiote.o
    0x0002a5cc   0x0002a5cc   0x00000190   Code   RO         3369    i.characteristic_add  ble_srv_common.o
    0x0002a75c   0x0002a75c   0x00000028   Code   RO         3625    i.clock_clk_started_notify  nrf_drv_clock.o
    0x0002a784   0x0002a784   0x0000001c   Code   RO         3626    i.clock_irq_handler  nrf_drv_clock.o
    0x0002a7a0   0x0002a7a0   0x00000018   Code   RO         5777    i.compare_func      app_timer2.o
    0x0002a7b8   0x0002a7b8   0x0000003e   Code   RO         3189    i.conn_handle_list_get  ble_conn_state.o
    0x0002a7f6   0x0002a7f6   0x00000088   Code   RO         2900    i.conn_int_encode   ble_advdata.o
    0x0002a87e   0x0002a87e   0x00000004   Code   RO          661    i.conn_params_error_handler  bluetooth.o
    0x0002a882   0x0002a882   0x00000002   PAD
    0x0002a884   0x0002a884   0x0000004c   Code   RO          662    i.conn_params_init  bluetooth.o
    0x0002a8d0   0x0002a8d0   0x00000048   Code   RO         3101    i.conn_params_negotiation  ble_conn_params.o
    0x0002a918   0x0002a918   0x000000c0   Code   RO         3424    i.data_length_update  nrf_ble_gatt.o
    0x0002a9d8   0x0002a9d8   0x000000d0   Code   RO          500    i.device_init       ads1292.o
    0x0002aaa8   0x0002aaa8   0x0000001c   Code   RO          501    i.drdy_isr_handler  ads1292.o
    0x0002aac4   0x0002aac4   0x00000014   Code   RO         7152    i.dropped_sat16_get  nrf_log_frontend.o
    0x0002aad8   0x0002aad8   0x00000014   Code   RO         6052    i.drv_rtc_compare_disable  drv_rtc.o
    0x0002aaec   0x0002aaec   0x0000000e   Code   RO         6055    i.drv_rtc_compare_pending  drv_rtc.o
    0x0002aafa   0x0002aafa   0x00000050   Code   RO         6056    i.drv_rtc_compare_set  drv_rtc.o
    0x0002ab4a   0x0002ab4a   0x00000008   Code   RO         6057    i.drv_rtc_counter_get  drv_rtc.o
    0x0002ab52   0x0002ab52   0x00000002   PAD
    0x0002ab54   0x0002ab54   0x000000d8   Code   RO         6058    i.drv_rtc_init      drv_rtc.o
    0x0002ac2c   0x0002ac2c   0x0000001e   Code   RO         6059    i.drv_rtc_irq_trigger  drv_rtc.o
    0x0002ac4a   0x0002ac4a   0x00000008   Code   RO         6061    i.drv_rtc_overflow_enable  drv_rtc.o
    0x0002ac52   0x0002ac52   0x00000008   Code   RO         6062    i.drv_rtc_overflow_pending  drv_rtc.o
    0x0002ac5a   0x0002ac5a   0x00000008   Code   RO         6064    i.drv_rtc_start     drv_rtc.o
    0x0002ac62   0x0002ac62   0x00000008   Code   RO         6065    i.drv_rtc_stop      drv_rtc.o
    0x0002ac6a   0x0002ac6a   0x000000de   Code   RO         6070    i.drv_rtc_windowed_compare_set  drv_rtc.o
    0x0002ad48   0x0002ad48   0x00000030   Code   RO          914    i.eTaskConfirmSleepModeStatus  tasks.o
    0x0002ad78   0x0002ad78   0x00000118   Code   RO         2190    i.ecg_filiter       ecg.o
    0x0002ae90   0x0002ae90   0x0000002c   Code   RO         2191    i.ecg_get_pending_count  ecg.o
    0x0002aebc   0x0002aebc   0x00000018   Code   RO         2192    i.ecg_print_lock    ecg.o
    0x0002aed4   0x0002aed4   0x00000018   Code   RO         2193    i.ecg_print_unlock  ecg.o
    0x0002aeec   0x0002aeec   0x00000012   Code   RO         6071    i.evt_enable        drv_rtc.o
    0x0002aefe   0x0002aefe   0x00000014   Code   RO         6072    i.evt_pending       drv_rtc.o
    0x0002af12   0x0002af12   0x00000014   Code   RO         5651    i.fifo_get          app_fifo.o
    0x0002af26   0x0002af26   0x00000012   Code   RO         5652    i.fifo_put          app_fifo.o
    0x0002af38   0x0002af38   0x0000000a   Code   RO         3190    i.flag_toggle       ble_conn_state.o
    0x0002af42   0x0002af42   0x00000028   Code   RO         3009    i.flags_set         ble_advertising.o
    0x0002af6a   0x0002af6a   0x0000000e   Code   RO         6977    i.fputc             retarget.o
    0x0002af78   0x0002af78   0x00000064   Code   RO          663    i.gap_params_init   bluetooth.o
    0x0002afdc   0x0002afdc   0x0000005c   Code   RO          664    i.gatt_evt_handler  bluetooth.o
    0x0002b038   0x0002b038   0x00000030   Code   RO          665    i.gatt_init         bluetooth.o
    0x0002b068   0x0002b068   0x00000034   Code   RO         5778    i.get_now           app_timer2.o
    0x0002b09c   0x0002b09c   0x00000014   Code   RO          666    i.idle_state_handle  bluetooth.o
    0x0002b0b0   0x0002b0b0   0x00000014   Code   RO         3102    i.instance_get      ble_conn_params.o
    0x0002b0c4   0x0002b0c4   0x00000014   Code   RO         2022    i.int_isr_handler   spo2.o
    0x0002b0d8   0x0002b0d8   0x0000006c   Code   RO         2023    i.int_pin_config    spo2.o
    0x0002b144   0x0002b144   0x000000a6   Code   RO         6612    i.int_print         nrf_fprintf_format.o
    0x0002b1ea   0x0002b1ea   0x00000002   PAD
    0x0002b1ec   0x0002b1ec   0x00000088   Code   RO         4699    i.interrupts_enable  nrfx_uarte.o
    0x0002b274   0x0002b274   0x00000034   Code   RO         7153    i.invalid_packets_omit  nrf_log_frontend.o
    0x0002b2a8   0x0002b2a8   0x00000018   Code   RO         2278    i.ir_max30102_fir   max30102_fir.o
    0x0002b2c0   0x0002b2c0   0x0000004a   Code   RO         4940    i.irq_handler       nrfx_spim.o
    0x0002b30a   0x0002b30a   0x00000002   PAD
    0x0002b30c   0x0002b30c   0x000000a0   Code   RO         5341    i.irq_handler       nrfx_rtc.o
    0x0002b3ac   0x0002b3ac   0x00000044   Code   RO         3103    i.is_conn_params_ok  ble_conn_params.o
    0x0002b3f0   0x0002b3f0   0x00000016   Code   RO         3627    i.item_enqueue      nrf_drv_clock.o
    0x0002b406   0x0002b406   0x00000002   PAD
    0x0002b408   0x0002b408   0x00000030   Code   RO         2687    i.leds_off          bsp.o
    0x0002b438   0x0002b438   0x00000018   Code   RO         3425    i.link_init         nrf_ble_gatt.o
    0x0002b450   0x0002b450   0x00000002   Code   RO         7154    i.log_pending_hook  nrf_log_frontend.o
    0x0002b452   0x0002b452   0x00000002   PAD
    0x0002b454   0x0002b454   0x000000a4   Code   RO         7155    i.log_skip          nrf_log_frontend.o
    0x0002b4f8   0x0002b4f8   0x000003c8   Code   RO            4    i.main              main.o
    0x0002b8c0   0x0002b8c0   0x00000064   Code   RO         2901    i.manuf_specific_data_encode  ble_advdata.o
    0x0002b924   0x0002b924   0x0000001e   Code   RO         2024    i.max30102_clear_fifo  spo2.o
    0x0002b942   0x0002b942   0x00000020   Code   RO         2025    i.max30102_clear_interrupt_status  spo2.o
    0x0002b962   0x0002b962   0x00000002   PAD
    0x0002b964   0x0002b964   0x00000064   Code   RO         2026    i.max30102_fifo_read  spo2.o
    0x0002b9c8   0x0002b9c8   0x00000038   Code   RO         2279    i.max30102_fir_init  max30102_fir.o
    0x0002ba00   0x0002ba00   0x00000088   Code   RO         2027    i.max30102_getHeartRate  spo2.o
    0x0002ba88   0x0002ba88   0x000000ec   Code   RO         2028    i.max30102_getSpO2  spo2.o
    0x0002bb74   0x0002bb74   0x000000bc   Code   RO         2029    i.max30102_i2c_read  spo2.o
    0x0002bc30   0x0002bc30   0x00000064   Code   RO         2030    i.max30102_i2c_write  spo2.o
    0x0002bc94   0x0002bc94   0x000000fc   Code   RO         2031    i.max30102_init     spo2.o
    0x0002bd90   0x0002bd90   0x00000128   Code   RO         2032    i.max30102_set_test_mode  spo2.o
    0x0002beb8   0x0002beb8   0x000000c0   Code   RO         2033    i.max30102_start_current_stage  spo2.o
    0x0002bf78   0x0002bf78   0x00000064   Code   RO         2034    i.max30102_test_sequence_update  spo2.o
    0x0002bfdc   0x0002bfdc   0x0000007e   Code   RO         6651    i.memobj_op         nrf_memobj.o
    0x0002c05a   0x0002c05a   0x00000002   PAD
    0x0002c05c   0x0002c05c   0x00000030   Code   RO         7156    i.module_idx_get    nrf_log_frontend.o
    0x0002c08c   0x0002c08c   0x000000a6   Code   RO         2902    i.name_encode       ble_advdata.o
    0x0002c132   0x0002c132   0x00000026   Code   RO         6267    i.nrf_atfifo_init   nrf_atfifo.o
    0x0002c158   0x0002c158   0x00000016   Code   RO         6268    i.nrf_atfifo_item_alloc  nrf_atfifo.o
    0x0002c16e   0x0002c16e   0x00000016   Code   RO         6269    i.nrf_atfifo_item_free  nrf_atfifo.o
    0x0002c184   0x0002c184   0x00000016   Code   RO         6270    i.nrf_atfifo_item_get  nrf_atfifo.o
    0x0002c19a   0x0002c19a   0x00000016   Code   RO         6271    i.nrf_atfifo_item_put  nrf_atfifo.o
    0x0002c1b0   0x0002c1b0   0x00000016   Code   RO         6333    i.nrf_atflags_clear  nrf_atflags.o
    0x0002c1c6   0x0002c1c6   0x00000016   Code   RO         6338    i.nrf_atflags_get   nrf_atflags.o
    0x0002c1dc   0x0002c1dc   0x00000014   Code   RO         6340    i.nrf_atflags_set   nrf_atflags.o
    0x0002c1f0   0x0002c1f0   0x00000006   Code   RO         6401    i.nrf_atomic_flag_clear_fetch  nrf_atomic.o
    0x0002c1f6   0x0002c1f6   0x00000006   Code   RO         6402    i.nrf_atomic_flag_set  nrf_atomic.o
    0x0002c1fc   0x0002c1fc   0x0000000c   Code   RO         6404    i.nrf_atomic_u32_add  nrf_atomic.o
    0x0002c208   0x0002c208   0x0000000c   Code   RO         6405    i.nrf_atomic_u32_and  nrf_atomic.o
    0x0002c214   0x0002c214   0x0000000a   Code   RO         6408    i.nrf_atomic_u32_fetch_and  nrf_atomic.o
    0x0002c21e   0x0002c21e   0x0000000a   Code   RO         6410    i.nrf_atomic_u32_fetch_store  nrf_atomic.o
    0x0002c228   0x0002c228   0x0000000c   Code   RO         6414    i.nrf_atomic_u32_or  nrf_atomic.o
    0x0002c234   0x0002c234   0x0000000c   Code   RO         6416    i.nrf_atomic_u32_sub  nrf_atomic.o
    0x0002c240   0x0002c240   0x00000044   Code   RO         6535    i.nrf_balloc_alloc  nrf_balloc.o
    0x0002c284   0x0002c284   0x00000030   Code   RO         6536    i.nrf_balloc_free   nrf_balloc.o
    0x0002c2b4   0x0002c2b4   0x00000030   Code   RO         6537    i.nrf_balloc_init   nrf_balloc.o
    0x0002c2e4   0x0002c2e4   0x00000010   Code   RO         4113    i.nrf_bitmask_bit_is_set  nrfx_gpiote.o
    0x0002c2f4   0x0002c2f4   0x00000018   Code   RO         3427    i.nrf_ble_gatt_att_mtu_periph_set  nrf_ble_gatt.o
    0x0002c30c   0x0002c30c   0x00000022   Code   RO         3431    i.nrf_ble_gatt_init  nrf_ble_gatt.o
    0x0002c32e   0x0002c32e   0x00000002   PAD
    0x0002c330   0x0002c330   0x00000150   Code   RO         3432    i.nrf_ble_gatt_on_ble_evt  nrf_ble_gatt.o
    0x0002c480   0x0002c480   0x00000016   Code   RO         3526    i.nrf_ble_qwr_conn_handle_assign  nrf_ble_qwr.o
    0x0002c496   0x0002c496   0x00000024   Code   RO         3527    i.nrf_ble_qwr_init  nrf_ble_qwr.o
    0x0002c4ba   0x0002c4ba   0x000000b6   Code   RO         3528    i.nrf_ble_qwr_on_ble_evt  nrf_ble_qwr.o
    0x0002c570   0x0002c570   0x0000000e   Code   RO         3971    i.nrf_clock_event_check  nrfx_clock.o
    0x0002c57e   0x0002c57e   0x00000010   Code   RO         3972    i.nrf_clock_event_clear  nrfx_clock.o
    0x0002c58e   0x0002c58e   0x00000002   PAD
    0x0002c590   0x0002c590   0x00000020   Code   RO          502    i.nrf_delay_ms      ads1292.o
    0x0002c5b0   0x0002c5b0   0x00000040   Code   RO         3633    i.nrf_drv_clock_init  nrf_drv_clock.o
    0x0002c5f0   0x0002c5f0   0x00000034   Code   RO         3637    i.nrf_drv_clock_lfclk_release  nrf_drv_clock.o
    0x0002c624   0x0002c624   0x00000054   Code   RO         3638    i.nrf_drv_clock_lfclk_request  nrf_drv_clock.o
    0x0002c678   0x0002c678   0x00000070   Code   RO         4904    i.nrf_drv_spi_init  nrf_drv_spi.o
    0x0002c6e8   0x0002c6e8   0x00000040   Code   RO         5078    i.nrf_drv_twi_init  nrf_drv_twi.o
    0x0002c728   0x0002c728   0x0000000e   Code   RO         2035    i.nrf_drv_twi_tx    spo2.o
    0x0002c736   0x0002c736   0x00000002   PAD
    0x0002c738   0x0002c738   0x00000068   Code   RO         3779    i.nrf_drv_uart_init  nrf_drv_uart.o
    0x0002c7a0   0x0002c7a0   0x00000020   Code   RO         5912    i.nrf_drv_uart_rx   app_uart_fifo.o
    0x0002c7c0   0x0002c7c0   0x00000020   Code   RO         5913    i.nrf_drv_uart_tx   app_uart_fifo.o
    0x0002c7e0   0x0002c7e0   0x0000001a   Code   RO         6572    i.nrf_fprintf       nrf_fprintf.o
    0x0002c7fa   0x0002c7fa   0x00000018   Code   RO         6573    i.nrf_fprintf_buffer_flush  nrf_fprintf.o
    0x0002c812   0x0002c812   0x000001da   Code   RO         6613    i.nrf_fprintf_fmt   nrf_fprintf_format.o
    0x0002c9ec   0x0002c9ec   0x00000032   Code   RO          503    i.nrf_gpio_cfg      ads1292.o
    0x0002ca1e   0x0002ca1e   0x00000032   Code   RO         4114    i.nrf_gpio_cfg      nrfx_gpiote.o
    0x0002ca50   0x0002ca50   0x00000032   Code   RO         4501    i.nrf_gpio_cfg      nrfx_uart.o
    0x0002ca82   0x0002ca82   0x00000032   Code   RO         4700    i.nrf_gpio_cfg      nrfx_uarte.o
    0x0002cab4   0x0002cab4   0x00000032   Code   RO         4941    i.nrf_gpio_cfg      nrfx_spim.o
    0x0002cae6   0x0002cae6   0x00000002   PAD
    0x0002cae8   0x0002cae8   0x00000034   Code   RO         5160    i.nrf_gpio_cfg      nrfx_twim.o
    0x0002cb1c   0x0002cb1c   0x00000012   Code   RO         4503    i.nrf_gpio_cfg_input  nrfx_uart.o
    0x0002cb2e   0x0002cb2e   0x00000012   Code   RO         4702    i.nrf_gpio_cfg_input  nrfx_uarte.o
    0x0002cb40   0x0002cb40   0x00000014   Code   RO          504    i.nrf_gpio_cfg_output  ads1292.o
    0x0002cb54   0x0002cb54   0x00000014   Code   RO         4504    i.nrf_gpio_cfg_output  nrfx_uart.o
    0x0002cb68   0x0002cb68   0x00000014   Code   RO         4703    i.nrf_gpio_cfg_output  nrfx_uarte.o
    0x0002cb7c   0x0002cb7c   0x00000014   Code   RO         4942    i.nrf_gpio_cfg_output  nrfx_spim.o
    0x0002cb90   0x0002cb90   0x00000030   Code   RO         4116    i.nrf_gpio_cfg_sense_set  nrfx_gpiote.o
    0x0002cbc0   0x0002cbc0   0x00000030   Code   RO         4117    i.nrf_gpio_latches_read_and_clear  nrfx_gpiote.o
    0x0002cbf0   0x0002cbf0   0x00000014   Code   RO          505    i.nrf_gpio_pin_clear  ads1292.o
    0x0002cc04   0x0002cc04   0x00000014   Code   RO         4943    i.nrf_gpio_pin_clear  nrfx_spim.o
    0x0002cc18   0x0002cc18   0x00000014   Code   RO         5079    i.nrf_gpio_pin_clear  nrf_drv_twi.o
    0x0002cc2c   0x0002cc2c   0x0000001c   Code   RO          506    i.nrf_gpio_pin_port_decode  ads1292.o
    0x0002cc48   0x0002cc48   0x0000001c   Code   RO         2580    i.nrf_gpio_pin_port_decode  boards.o
    0x0002cc64   0x0002cc64   0x0000001c   Code   RO         4119    i.nrf_gpio_pin_port_decode  nrfx_gpiote.o
    0x0002cc80   0x0002cc80   0x0000001c   Code   RO         4505    i.nrf_gpio_pin_port_decode  nrfx_uart.o
    0x0002cc9c   0x0002cc9c   0x0000001c   Code   RO         4704    i.nrf_gpio_pin_port_decode  nrfx_uarte.o
    0x0002ccb8   0x0002ccb8   0x0000001c   Code   RO         4944    i.nrf_gpio_pin_port_decode  nrfx_spim.o
    0x0002ccd4   0x0002ccd4   0x0000001c   Code   RO         5080    i.nrf_gpio_pin_port_decode  nrf_drv_twi.o
    0x0002ccf0   0x0002ccf0   0x0000002c   Code   RO         4120    i.nrf_gpio_pin_present_check  nrfx_gpiote.o
    0x0002cd1c   0x0002cd1c   0x00000016   Code   RO         4121    i.nrf_gpio_pin_read  nrfx_gpiote.o
    0x0002cd32   0x0002cd32   0x00000014   Code   RO          507    i.nrf_gpio_pin_set  ads1292.o
    0x0002cd46   0x0002cd46   0x00000014   Code   RO         4506    i.nrf_gpio_pin_set  nrfx_uart.o
    0x0002cd5a   0x0002cd5a   0x00000014   Code   RO         4705    i.nrf_gpio_pin_set  nrfx_uarte.o
    0x0002cd6e   0x0002cd6e   0x00000014   Code   RO         4945    i.nrf_gpio_pin_set  nrfx_spim.o
    0x0002cd82   0x0002cd82   0x00000014   Code   RO         5081    i.nrf_gpio_pin_set  nrf_drv_twi.o
    0x0002cd96   0x0002cd96   0x00000026   Code   RO         2581    i.nrf_gpio_pin_write  boards.o
    0x0002cdbc   0x0002cdbc   0x00000014   Code   RO         4123    i.nrf_gpiote_event_clear  nrfx_gpiote.o
    0x0002cdd0   0x0002cdd0   0x00000010   Code   RO         4124    i.nrf_gpiote_event_is_set  nrfx_gpiote.o
    0x0002cde0   0x0002cde0   0x0000005c   Code   RO         7157    i.nrf_log_backend_add  nrf_log_frontend.o
    0x0002ce3c   0x0002ce3c   0x00000002   Code   RO         7014    i.nrf_log_backend_rtt_flush  nrf_log_backend_rtt.o
    0x0002ce3e   0x0002ce3e   0x00000004   Code   RO         7015    i.nrf_log_backend_rtt_init  nrf_log_backend_rtt.o
    0x0002ce42   0x0002ce42   0x00000002   Code   RO         7016    i.nrf_log_backend_rtt_panic_set  nrf_log_backend_rtt.o
    0x0002ce44   0x0002ce44   0x00000018   Code   RO         7017    i.nrf_log_backend_rtt_put  nrf_log_backend_rtt.o
    0x0002ce5c   0x0002ce5c   0x000000c2   Code   RO         7080    i.nrf_log_backend_serial_put  nrf_log_backend_serial.o
    0x0002cf1e   0x0002cf1e   0x00000002   PAD
    0x0002cf20   0x0002cf20   0x00000030   Code   RO         7159    i.nrf_log_color_id_get  nrf_log_frontend.o
    0x0002cf50   0x0002cf50   0x0000001c   Code   RO         7114    i.nrf_log_default_backends_init  nrf_log_default_backends.o
    0x0002cf6c   0x0002cf6c   0x00000234   Code   RO         7160    i.nrf_log_frontend_dequeue  nrf_log_frontend.o
    0x0002d1a0   0x0002d1a0   0x00000008   Code   RO         7162    i.nrf_log_frontend_std_0  nrf_log_frontend.o
    0x0002d1a8   0x0002d1a8   0x0000000e   Code   RO         7163    i.nrf_log_frontend_std_1  nrf_log_frontend.o
    0x0002d1b6   0x0002d1b6   0x00000010   Code   RO         7164    i.nrf_log_frontend_std_2  nrf_log_frontend.o
    0x0002d1c6   0x0002d1c6   0x00000002   PAD
    0x0002d1c8   0x0002d1c8   0x000000b0   Code   RO         7343    i.nrf_log_hexdump_entry_process  nrf_log_str_formatter.o
    0x0002d278   0x0002d278   0x00000028   Code   RO         7169    i.nrf_log_init      nrf_log_frontend.o
    0x0002d2a0   0x0002d2a0   0x00000014   Code   RO         7170    i.nrf_log_module_cnt_get  nrf_log_frontend.o
    0x0002d2b4   0x0002d2b4   0x0000001c   Code   RO         7173    i.nrf_log_module_name_get  nrf_log_frontend.o
    0x0002d2d0   0x0002d2d0   0x00000028   Code   RO         7174    i.nrf_log_panic     nrf_log_frontend.o
    0x0002d2f8   0x0002d2f8   0x000000b6   Code   RO         7344    i.nrf_log_std_entry_process  nrf_log_str_formatter.o
    0x0002d3ae   0x0002d3ae   0x00000060   Code   RO         6652    i.nrf_memobj_alloc  nrf_memobj.o
    0x0002d40e   0x0002d40e   0x00000032   Code   RO         6653    i.nrf_memobj_free   nrf_memobj.o
    0x0002d440   0x0002d440   0x00000008   Code   RO         6654    i.nrf_memobj_get    nrf_memobj.o
    0x0002d448   0x0002d448   0x00000004   Code   RO         6655    i.nrf_memobj_pool_init  nrf_memobj.o
    0x0002d44c   0x0002d44c   0x0000001e   Code   RO         6656    i.nrf_memobj_put    nrf_memobj.o
    0x0002d46a   0x0002d46a   0x00000010   Code   RO         6657    i.nrf_memobj_read   nrf_memobj.o
    0x0002d47a   0x0002d47a   0x00000010   Code   RO         6658    i.nrf_memobj_write  nrf_memobj.o
    0x0002d48a   0x0002d48a   0x00000002   PAD
    0x0002d48c   0x0002d48c   0x00000028   Code   RO         6717    i.nrf_pwr_mgmt_init  nrf_pwr_mgmt.o
    0x0002d4b4   0x0002d4b4   0x00000044   Code   RO         6718    i.nrf_pwr_mgmt_run  nrf_pwr_mgmt.o
    0x0002d4f8   0x0002d4f8   0x00000004   Code   RO          667    i.nrf_qwr_error_handler  bluetooth.o
    0x0002d4fc   0x0002d4fc   0x0000001c   Code   RO         6794    i.nrf_ringbuf_init  nrf_ringbuf.o
    0x0002d518   0x0002d518   0x0000000c   Code   RO         1790    i.nrf_rtc_event_clear  port_cmsis_systick.o
    0x0002d524   0x0002d524   0x0000000c   Code   RO         5342    i.nrf_rtc_event_clear  nrfx_rtc.o
    0x0002d530   0x0002d530   0x0000000c   Code   RO         6073    i.nrf_rtc_event_clear  drv_rtc.o
    0x0002d53c   0x0002d53c   0x00000014   Code   RO         7771    i.nrf_sdh_ble_app_ram_start_get  nrf_sdh_ble.o
    0x0002d550   0x0002d550   0x00000130   Code   RO         7772    i.nrf_sdh_ble_default_cfg_set  nrf_sdh_ble.o
    0x0002d680   0x0002d680   0x00000150   Code   RO         7773    i.nrf_sdh_ble_enable  nrf_sdh_ble.o
    0x0002d7d0   0x0002d7d0   0x00000060   Code   RO         7774    i.nrf_sdh_ble_evts_poll  nrf_sdh_ble.o
    0x0002d830   0x0002d830   0x000000b0   Code   RO         7653    i.nrf_sdh_enable_request  nrf_sdh.o
    0x0002d8e0   0x0002d8e0   0x00000024   Code   RO         7654    i.nrf_sdh_evts_poll  nrf_sdh.o
    0x0002d904   0x0002d904   0x0000000c   Code   RO         7655    i.nrf_sdh_is_enabled  nrf_sdh.o
    0x0002d910   0x0002d910   0x0000003c   Code   RO         7825    i.nrf_sdh_soc_evts_poll  nrf_sdh_soc.o
    0x0002d94c   0x0002d94c   0x0000000a   Code   RO         6852    i.nrf_section_iter_init  nrf_section_iter.o
    0x0002d956   0x0002d956   0x00000024   Code   RO         6853    i.nrf_section_iter_item_set  nrf_section_iter.o
    0x0002d97a   0x0002d97a   0x00000020   Code   RO         6854    i.nrf_section_iter_next  nrf_section_iter.o
    0x0002d99a   0x0002d99a   0x00000022   Code   RO         6887    i.nrf_sortlist_add  nrf_sortlist.o
    0x0002d9bc   0x0002d9bc   0x00000006   Code   RO         6889    i.nrf_sortlist_peek  nrf_sortlist.o
    0x0002d9c2   0x0002d9c2   0x0000000e   Code   RO         6890    i.nrf_sortlist_pop  nrf_sortlist.o
    0x0002d9d0   0x0002d9d0   0x0000001e   Code   RO         6891    i.nrf_sortlist_remove  nrf_sortlist.o
    0x0002d9ee   0x0002d9ee   0x0000000a   Code   RO         4946    i.nrf_spim_event_check  nrfx_spim.o
    0x0002d9f8   0x0002d9f8   0x00000038   Code   RO         6943    i.nrf_strerror_find  nrf_strerror.o
    0x0002da30   0x0002da30   0x00000014   Code   RO         6944    i.nrf_strerror_get  nrf_strerror.o
    0x0002da44   0x0002da44   0x0000000a   Code   RO         5162    i.nrf_twim_event_check  nrfx_twim.o
    0x0002da4e   0x0002da4e   0x0000000c   Code   RO         5163    i.nrf_twim_event_clear  nrfx_twim.o
    0x0002da5a   0x0002da5a   0x0000000a   Code   RO         4507    i.nrf_uart_event_check  nrfx_uart.o
    0x0002da64   0x0002da64   0x0000000c   Code   RO         4508    i.nrf_uart_event_clear  nrfx_uart.o
    0x0002da70   0x0002da70   0x0000000c   Code   RO         4509    i.nrf_uart_int_enable_check  nrfx_uart.o
    0x0002da7c   0x0002da7c   0x0000000a   Code   RO         4706    i.nrf_uarte_event_check  nrfx_uarte.o
    0x0002da86   0x0002da86   0x0000000c   Code   RO         4707    i.nrf_uarte_event_clear  nrfx_uarte.o
    0x0002da92   0x0002da92   0x00000002   PAD
    0x0002da94   0x0002da94   0x00000010   Code   RO         3640    i.nrf_wdt_started   nrf_drv_clock.o
    0x0002daa4   0x0002daa4   0x0000002c   Code   RO         3977    i.nrfx_clock_enable  nrfx_clock.o
    0x0002dad0   0x0002dad0   0x0000001c   Code   RO         3980    i.nrfx_clock_init   nrfx_clock.o
    0x0002daec   0x0002daec   0x00000020   Code   RO         3982    i.nrfx_clock_lfclk_start  nrfx_clock.o
    0x0002db0c   0x0002db0c   0x00000030   Code   RO         3983    i.nrfx_clock_lfclk_stop  nrfx_clock.o
    0x0002db3c   0x0002db3c   0x00000010   Code   RO         5082    i.nrfx_coredep_delay_us  nrf_drv_twi.o
    0x0002db4c   0x0002db4c   0x00000010   Code   RO         6074    i.nrfx_coredep_delay_us  drv_rtc.o
    0x0002db5c   0x0002db5c   0x00000048   Code   RO         4129    i.nrfx_gpiote_in_event_disable  nrfx_gpiote.o
    0x0002dba4   0x0002dba4   0x00000098   Code   RO         4130    i.nrfx_gpiote_in_event_enable  nrfx_gpiote.o
    0x0002dc3c   0x0002dc3c   0x000000d0   Code   RO         4132    i.nrfx_gpiote_in_init  nrfx_gpiote.o
    0x0002dd0c   0x0002dd0c   0x00000074   Code   RO         4135    i.nrfx_gpiote_init  nrfx_gpiote.o
    0x0002dd80   0x0002dd80   0x00000010   Code   RO         4708    i.nrfx_is_in_ram    nrfx_uarte.o
    0x0002dd90   0x0002dd90   0x00000010   Code   RO         4947    i.nrfx_is_in_ram    nrfx_spim.o
    0x0002dda0   0x0002dda0   0x00000010   Code   RO         5164    i.nrfx_is_in_ram    nrfx_twim.o
    0x0002ddb0   0x0002ddb0   0x0000003a   Code   RO         4437    i.nrfx_prs_acquire  nrfx_prs.o
    0x0002ddea   0x0002ddea   0x00000002   PAD
    0x0002ddec   0x0002ddec   0x00000010   Code   RO         4948    i.nrfx_spim_0_irq_handler  nrfx_spim.o
    0x0002ddfc   0x0002ddfc   0x00000010   Code   RO         4949    i.nrfx_spim_1_irq_handler  nrfx_spim.o
    0x0002de0c   0x0002de0c   0x0000016c   Code   RO         4952    i.nrfx_spim_init    nrfx_spim.o
    0x0002df78   0x0002df78   0x00000064   Code   RO         4955    i.nrfx_spim_xfer    nrfx_spim.o
    0x0002dfdc   0x0002dfdc   0x00000010   Code   RO         5165    i.nrfx_twim_0_irq_handler  nrfx_twim.o
    0x0002dfec   0x0002dfec   0x00000010   Code   RO         5166    i.nrfx_twim_1_irq_handler  nrfx_twim.o
    0x0002dffc   0x0002dffc   0x00000024   Code   RO         5168    i.nrfx_twim_enable  nrfx_twim.o
    0x0002e020   0x0002e020   0x000000e4   Code   RO         5169    i.nrfx_twim_init    nrfx_twim.o
    0x0002e104   0x0002e104   0x0000001c   Code   RO         5170    i.nrfx_twim_is_busy  nrfx_twim.o
    0x0002e120   0x0002e120   0x00000030   Code   RO         5171    i.nrfx_twim_rx      nrfx_twim.o
    0x0002e150   0x0002e150   0x00000036   Code   RO         5174    i.nrfx_twim_tx      nrfx_twim.o
    0x0002e186   0x0002e186   0x00000002   PAD
    0x0002e188   0x0002e188   0x00000028   Code   RO         5176    i.nrfx_twim_xfer    nrfx_twim.o
    0x0002e1b0   0x0002e1b0   0x00000010   Code   RO         4510    i.nrfx_uart_0_irq_handler  nrfx_uart.o
    0x0002e1c0   0x0002e1c0   0x000000d4   Code   RO         4512    i.nrfx_uart_init    nrfx_uart.o
    0x0002e294   0x0002e294   0x000000ec   Code   RO         4513    i.nrfx_uart_rx      nrfx_uart.o
    0x0002e380   0x0002e380   0x000000a8   Code   RO         4518    i.nrfx_uart_tx      nrfx_uart.o
    0x0002e428   0x0002e428   0x00000020   Code   RO         4520    i.nrfx_uart_tx_in_progress  nrfx_uart.o
    0x0002e448   0x0002e448   0x00000010   Code   RO         4709    i.nrfx_uarte_0_irq_handler  nrfx_uarte.o
    0x0002e458   0x0002e458   0x0000006c   Code   RO         4711    i.nrfx_uarte_init   nrfx_uarte.o
    0x0002e4c4   0x0002e4c4   0x00000104   Code   RO         4712    i.nrfx_uarte_rx     nrfx_uarte.o
    0x0002e5c8   0x0002e5c8   0x000000ac   Code   RO         4715    i.nrfx_uarte_tx     nrfx_uarte.o
    0x0002e674   0x0002e674   0x0000001c   Code   RO         4717    i.nrfx_uarte_tx_in_progress  nrfx_uarte.o
    0x0002e690   0x0002e690   0x00000134   Code   RO          668    i.nus_data_handler  bluetooth.o
    0x0002e7c4   0x0002e7c4   0x00000018   Code   RO         7869    i.nvmc_config       system_nrf52.o
    0x0002e7dc   0x0002e7dc   0x00000034   Code   RO          669    i.on_adv_evt        bluetooth.o
    0x0002e810   0x0002e810   0x0000001c   Code   RO          670    i.on_conn_params_evt  bluetooth.o
    0x0002e82c   0x0002e82c   0x0000006a   Code   RO         3570    i.on_connect        ble_nus.o
    0x0002e896   0x0002e896   0x00000002   PAD
    0x0002e898   0x0002e898   0x000000a8   Code   RO         3433    i.on_connected_evt  nrf_ble_gatt.o
    0x0002e940   0x0002e940   0x000000ac   Code   RO         3434    i.on_exchange_mtu_request_evt  nrf_ble_gatt.o
    0x0002e9ec   0x0002e9ec   0x00000084   Code   RO         3571    i.on_write          ble_nus.o
    0x0002ea70   0x0002ea70   0x00000016   Code   RO         3010    i.phy_is_valid      ble_advertising.o
    0x0002ea86   0x0002ea86   0x00000002   PAD
    0x0002ea88   0x0002ea88   0x0000001c   Code   RO         4154    i.pin_configured_set  nrfx_gpiote.o
    0x0002eaa4   0x0002eaa4   0x00000018   Code   RO         4155    i.pin_in_use_by_port  nrfx_gpiote.o
    0x0002eabc   0x0002eabc   0x00000018   Code   RO         4156    i.pin_in_use_by_te  nrfx_gpiote.o
    0x0002ead4   0x0002ead4   0x000000d0   Code   RO         4157    i.port_event_handle  nrfx_gpiote.o
    0x0002eba4   0x0002eba4   0x00000010   Code   RO         4158    i.port_handler_polarity_get  nrfx_gpiote.o
    0x0002ebb4   0x0002ebb4   0x0000003c   Code   RO         7346    i.postfix_process   nrf_log_str_formatter.o
    0x0002ebf0   0x0002ebf0   0x00000014   Code   RO          671    i.power_management_init  bluetooth.o
    0x0002ec04   0x0002ec04   0x00000098   Code   RO         7347    i.prefix_process    nrf_log_str_formatter.o
    0x0002ec9c   0x0002ec9c   0x00000034   Code   RO         4439    i.prs_box_get       nrfx_prs.o
    0x0002ecd0   0x0002ecd0   0x00000070   Code   RO          917    i.prvAddCurrentTaskToDelayedList  tasks.o
    0x0002ed40   0x0002ed40   0x000000d4   Code   RO          918    i.prvAddNewTaskToReadyList  tasks.o
    0x0002ee14   0x0002ee14   0x00000050   Code   RO         1601    i.prvCheckForValidListAndQueue  timers.o
    0x0002ee64   0x0002ee64   0x00000026   Code   RO         1351    i.prvCopyDataFromQueue  queue.o
    0x0002ee8a   0x0002ee8a   0x0000006c   Code   RO         1352    i.prvCopyDataToQueue  queue.o
    0x0002eef6   0x0002eef6   0x00000014   Code   RO          919    i.prvDeleteTCB      tasks.o
    0x0002ef0a   0x0002ef0a   0x00000002   PAD
    0x0002ef0c   0x0002ef0c   0x00000034   Code   RO          920    i.prvGetExpectedIdleTime  tasks.o
    0x0002ef40   0x0002ef40   0x0000004c   Code   RO         1728    i.prvHeapInit       heap_4.o
    0x0002ef8c   0x0002ef8c   0x0000007c   Code   RO          921    i.prvIdleTask       tasks.o
    0x0002f008   0x0002f008   0x0000008a   Code   RO          922    i.prvInitialiseNewTask  tasks.o
    0x0002f092   0x0002f092   0x00000002   PAD
    0x0002f094   0x0002f094   0x0000004c   Code   RO         1729    i.prvInsertBlockIntoFreeList  heap_4.o
    0x0002f0e0   0x0002f0e0   0x00000038   Code   RO         1602    i.prvInsertTimerInActiveList  timers.o
    0x0002f118   0x0002f118   0x0000001c   Code   RO         1353    i.prvIsQueueEmpty   queue.o
    0x0002f134   0x0002f134   0x000000a4   Code   RO         1603    i.prvProcessReceivedCommands  timers.o
    0x0002f1d8   0x0002f1d8   0x000000a4   Code   RO         1604    i.prvProcessTimerOrBlockTask  timers.o
    0x0002f27c   0x0002f27c   0x00000020   Code   RO          923    i.prvResetNextTaskUnblockTime  tasks.o
    0x0002f29c   0x0002f29c   0x00000028   Code   RO         1605    i.prvSampleTimeNow  timers.o
    0x0002f2c4   0x0002f2c4   0x00000058   Code   RO         1606    i.prvSwitchTimerLists  timers.o
    0x0002f31c   0x0002f31c   0x00000008   Code   RO         1540    i.prvTaskExitError  port_cmsis.o
    0x0002f324   0x0002f324   0x00000024   Code   RO         1607    i.prvTimerTask      timers.o
    0x0002f348   0x0002f348   0x0000006a   Code   RO         1354    i.prvUnlockQueue    queue.o
    0x0002f3b2   0x0002f3b2   0x00000002   PAD
    0x0002f3b4   0x0002f3b4   0x000000a4   Code   RO         1730    i.pvPortMalloc      heap_4.o
    0x0002f458   0x0002f458   0x00000018   Code   RO          925    i.pvTaskIncrementMutexHeldCount  tasks.o
    0x0002f470   0x0002f470   0x0000002c   Code   RO         1541    i.pxPortInitialiseStack  port_cmsis.o
    0x0002f49c   0x0002f49c   0x00000018   Code   RO         2280    i.red_max30102_fir  max30102_fir.o
    0x0002f4b4   0x0002f4b4   0x0000005c   Code   RO         5779    i.rtc_irq           app_timer2.o
    0x0002f510   0x0002f510   0x0000006c   Code   RO         5780    i.rtc_schedule      app_timer2.o
    0x0002f57c   0x0002f57c   0x0000008c   Code   RO         5781    i.rtc_update        app_timer2.o
    0x0002f608   0x0002f608   0x00000032   Code   RO         4522    i.rx_byte           nrfx_uart.o
    0x0002f63a   0x0002f63a   0x00000016   Code   RO         4523    i.rx_done_event     nrfx_uart.o
    0x0002f650   0x0002f650   0x00000016   Code   RO         4719    i.rx_done_event     nrfx_uarte.o
    0x0002f666   0x0002f666   0x00000020   Code   RO         4524    i.rx_enable         nrfx_uart.o
    0x0002f686   0x0002f686   0x00000002   PAD
    0x0002f688   0x0002f688   0x00000058   Code   RO         3641    i.sd_state_evt_handler  nrf_drv_clock.o
    0x0002f6e0   0x0002f6e0   0x00000030   Code   RO         7660    i.sdh_request_observer_notify  nrf_sdh.o
    0x0002f710   0x0002f710   0x0000002c   Code   RO         7661    i.sdh_state_observer_notify  nrf_sdh.o
    0x0002f73c   0x0002f73c   0x00000010   Code   RO         3104    i.send_error_evt    ble_conn_params.o
    0x0002f74c   0x0002f74c   0x00000050   Code   RO         7018    i.serial_tx         nrf_log_backend_rtt.o
    0x0002f79c   0x0002f79c   0x00000088   Code   RO         2903    i.service_data_encode  ble_advdata.o
    0x0002f824   0x0002f824   0x0000003c   Code   RO          672    i.services_init     bluetooth.o
    0x0002f860   0x0002f860   0x00000030   Code   RO         3371    i.set_security_req  ble_srv_common.o
    0x0002f890   0x0002f890   0x00000018   Code   RO         3642    i.soc_evt_handler   nrf_drv_clock.o
    0x0002f8a8   0x0002f8a8   0x00000058   Code   RO         7663    i.softdevices_evt_irq_enable  nrf_sdh.o
    0x0002f900   0x0002f900   0x0000000c   Code   RO         5782    i.sortlist_pop      app_timer2.o
    0x0002f90c   0x0002f90c   0x0000000c   Code   RO          508    i.spi_event_handler  ads1292.o
    0x0002f918   0x0002f918   0x000002f0   Code   RO          509    i.spi_read          ads1292.o
    0x0002fc08   0x0002fc08   0x00000038   Code   RO         4905    i.spim_evt_handler  nrf_drv_spi.o
    0x0002fc40   0x0002fc40   0x000000bc   Code   RO         4956    i.spim_xfer         nrfx_spim.o
    0x0002fcfc   0x0002fcfc   0x0000023c   Code   RO         2036    i.spo2_read         spo2.o
    0x0002ff38   0x0002ff38   0x00000098   Code   RO         7176    i.std_n             nrf_log_frontend.o
    0x0002ffd0   0x0002ffd0   0x00000098   Code   RO         2037    i.test_i2c_communication  spo2.o
    0x00030068   0x00030068   0x00000098   Code   RO         5783    i.timer_expire      app_timer2.o
    0x00030100   0x00030100   0x00000080   Code   RO         5784    i.timer_req_process  app_timer2.o
    0x00030180   0x00030180   0x00000038   Code   RO         5785    i.timer_req_schedule  app_timer2.o
    0x000301b8   0x000301b8   0x00000014   Code   RO          674    i.timers_init       bluetooth.o
    0x000301cc   0x000301cc   0x000000a4   Code   RO         5083    i.twi_clear_bus     nrf_drv_twi.o
    0x00030270   0x00030270   0x000000cc   Code   RO         2038    i.twi_master_init   spo2.o
    0x0003033c   0x0003033c   0x00000040   Code   RO         5084    i.twim_evt_handler  nrf_drv_twi.o
    0x0003037c   0x0003037c   0x00000194   Code   RO         5177    i.twim_irq_handler  nrfx_twim.o
    0x00030510   0x00030510   0x00000298   Code   RO         5178    i.twim_xfer         nrfx_twim.o
    0x000307a8   0x000307a8   0x00000020   Code   RO         4525    i.tx_byte           nrfx_uart.o
    0x000307c8   0x000307c8   0x0000001a   Code   RO         4526    i.tx_done_event     nrfx_uart.o
    0x000307e2   0x000307e2   0x0000001a   Code   RO         4720    i.tx_done_event     nrfx_uarte.o
    0x000307fc   0x000307fc   0x00000022   Code   RO          675    i.uart_event_handle  bluetooth.o
    0x0003081e   0x0003081e   0x00000002   PAD
    0x00030820   0x00030820   0x000000a4   Code   RO         5914    i.uart_event_handler  app_uart_fifo.o
    0x000308c4   0x000308c4   0x00000030   Code   RO         3780    i.uart_evt_handler  nrf_drv_uart.o
    0x000308f4   0x000308f4   0x00000048   Code   RO          676    i.uart_init         bluetooth.o
    0x0003093c   0x0003093c   0x0000012a   Code   RO         4527    i.uart_irq_handler  nrfx_uart.o
    0x00030a66   0x00030a66   0x00000002   PAD
    0x00030a68   0x00030a68   0x00000030   Code   RO         3781    i.uarte_evt_handler  nrf_drv_uart.o
    0x00030a98   0x00030a98   0x00000112   Code   RO         4721    i.uarte_irq_handler  nrfx_uarte.o
    0x00030baa   0x00030baa   0x0000000a   Code   RO         2904    i.uint16_encode     ble_advdata.o
    0x00030bb4   0x00030bb4   0x0000000c   Code   RO         1355    i.ulPortRaiseBASEPRI  queue.o
    0x00030bc0   0x00030bc0   0x000000b4   Code   RO         6614    i.unsigned_print    nrf_fprintf_format.o
    0x00030c74   0x00030c74   0x00000068   Code   RO         3105    i.update_timeout_handler  ble_conn_params.o
    0x00030cdc   0x00030cdc   0x00000018   Code   RO         3011    i.use_whitelist     ble_advertising.o
    0x00030cf4   0x00030cf4   0x00000024   Code   RO         3529    i.user_mem_reply    nrf_ble_qwr.o
    0x00030d18   0x00030d18   0x00000030   Code   RO         2905    i.uuid_list_encode  ble_advdata.o
    0x00030d48   0x00030d48   0x0000009e   Code   RO         2906    i.uuid_list_sized_encode  ble_advdata.o
    0x00030de6   0x00030de6   0x00000026   Code   RO         1299    i.uxListRemove      list.o
    0x00030e0c   0x00030e0c   0x00000040   Code   RO            5    i.vApplicationMallocFailedHook  main.o
    0x00030e4c   0x00030e4c   0x00000038   Code   RO            6    i.vApplicationStackOverflowHook  main.o
    0x00030e84   0x00030e84   0x00000016   Code   RO         1300    i.vListInitialise   list.o
    0x00030e9a   0x00030e9a   0x00000006   Code   RO         1301    i.vListInitialiseItem  list.o
    0x00030ea0   0x00030ea0   0x00000030   Code   RO         1302    i.vListInsert       list.o
    0x00030ed0   0x00030ed0   0x00000018   Code   RO         1303    i.vListInsertEnd    list.o
    0x00030ee8   0x00030ee8   0x00000014   Code   RO         1543    i.vPortEnterCritical  port_cmsis.o
    0x00030efc   0x00030efc   0x00000014   Code   RO         1544    i.vPortExitCritical  port_cmsis.o
    0x00030f10   0x00030f10   0x00000040   Code   RO         1731    i.vPortFree         heap_4.o
    0x00030f50   0x00030f50   0x00000040   Code   RO         1791    i.vPortSetupTimerInterrupt  port_cmsis_systick.o
    0x00030f90   0x00030f90   0x00000110   Code   RO         1792    i.vPortSuppressTicksAndSleep  port_cmsis_systick.o
    0x000310a0   0x000310a0   0x00000028   Code   RO         1359    i.vQueueAddToRegistry  queue.o
    0x000310c8   0x000310c8   0x00000044   Code   RO         1362    i.vQueueWaitForMessageRestricted  queue.o
    0x0003110c   0x0003110c   0x00000034   Code   RO          933    i.vTaskDelay        tasks.o
    0x00031140   0x00031140   0x00000058   Code   RO          934    i.vTaskDelayUntil   tasks.o
    0x00031198   0x00031198   0x0000009c   Code   RO          935    i.vTaskDelete       tasks.o
    0x00031234   0x00031234   0x00000010   Code   RO          937    i.vTaskInternalSetTimeOutState  tasks.o
    0x00031244   0x00031244   0x0000000c   Code   RO          938    i.vTaskMissedYield  tasks.o
    0x00031250   0x00031250   0x00000020   Code   RO          940    i.vTaskPlaceOnEventList  tasks.o
    0x00031270   0x00031270   0x00000028   Code   RO          941    i.vTaskPlaceOnEventListRestricted  tasks.o
    0x00031298   0x00031298   0x00000080   Code   RO          943    i.vTaskPriorityDisinheritAfterTimeout  tasks.o
    0x00031318   0x00031318   0x00000050   Code   RO          948    i.vTaskStartScheduler  tasks.o
    0x00031368   0x00031368   0x00000010   Code   RO          949    i.vTaskStepTick     tasks.o
    0x00031378   0x00031378   0x00000010   Code   RO          951    i.vTaskSuspendAll   tasks.o
    0x00031388   0x00031388   0x00000070   Code   RO          952    i.vTaskSwitchContext  tasks.o
    0x000313f8   0x000313f8   0x0000000c   Code   RO         1733    i.xPortGetFreeHeapSize  heap_4.o
    0x00031404   0x00031404   0x0000004c   Code   RO         1545    i.xPortStartScheduler  port_cmsis.o
    0x00031450   0x00031450   0x00000024   Code   RO         1364    i.xQueueCreateMutex  queue.o
    0x00031474   0x00031474   0x00000036   Code   RO         1365    i.xQueueGenericCreate  queue.o
    0x000314aa   0x000314aa   0x00000002   PAD
    0x000314ac   0x000314ac   0x00000078   Code   RO         1366    i.xQueueGenericReset  queue.o
    0x00031524   0x00031524   0x000000fc   Code   RO         1367    i.xQueueGenericSend  queue.o
    0x00031620   0x00031620   0x00000064   Code   RO         1368    i.xQueueGenericSendFromISR  queue.o
    0x00031684   0x00031684   0x000000f4   Code   RO         1375    i.xQueueReceive     queue.o
    0x00031778   0x00031778   0x0000012c   Code   RO         1377    i.xQueueSemaphoreTake  queue.o
    0x000318a4   0x000318a4   0x00000050   Code   RO          953    i.xTaskCheckForTimeOut  tasks.o
    0x000318f4   0x000318f4   0x00000056   Code   RO          954    i.xTaskCreate       tasks.o
    0x0003194a   0x0003194a   0x00000002   PAD
    0x0003194c   0x0003194c   0x0000001c   Code   RO          959    i.xTaskGetSchedulerState  tasks.o
    0x00031968   0x00031968   0x0000000c   Code   RO          960    i.xTaskGetTickCount  tasks.o
    0x00031974   0x00031974   0x000000a0   Code   RO          962    i.xTaskIncrementTick  tasks.o
    0x00031a14   0x00031a14   0x00000070   Code   RO          965    i.xTaskPriorityDisinherit  tasks.o
    0x00031a84   0x00031a84   0x00000094   Code   RO          966    i.xTaskPriorityInherit  tasks.o
    0x00031b18   0x00031b18   0x0000006c   Code   RO          967    i.xTaskRemoveFromEventList  tasks.o
    0x00031b84   0x00031b84   0x000000b4   Code   RO          968    i.xTaskResumeAll    tasks.o
    0x00031c38   0x00031c38   0x0000003c   Code   RO         1611    i.xTimerCreateTimerTask  timers.o
    0x00031c74   0x00031c74   0x00000050   Code   RO         1612    i.xTimerGenericCommand  timers.o
    0x00031cc4   0x00031cc4   0x00000062   Code   RO         5179    i.xfer_completeness_check  nrfx_twim.o
    0x00031d26   0x00031d26   0x0000000a   PAD
    0x00031d30   0x00031d30   0x00000006   Data   RO            7    .constdata          main.o
    0x00031d36   0x00031d36   0x0000000a   PAD
    0x00031d40   0x00031d40   0x00000038   Data   RO          512    .constdata          ads1292.o
    0x00031d78   0x00031d78   0x00000018   Data   RO          678    .constdata          bluetooth.o
    0x00031d90   0x00031d90   0x00000004   Data   RO         1546    .constdata          port_cmsis.o
    0x00031d94   0x00031d94   0x00000028   Data   RO         2040    .constdata          spo2.o
    0x00031dbc   0x00031dbc   0x00000074   Data   RO         2282    .constdata          max30102_fir.o
    0x00031e30   0x00031e30   0x00000008   Data   RO         2582    .constdata          boards.o
    0x00031e38   0x00031e38   0x0000002c   Data   RO         2691    .constdata          bsp.o
    0x00031e64   0x00031e64   0x00000016   Data   RO         3435    .constdata          nrf_ble_gatt.o
    0x00031e7a   0x00031e7a   0x00000002   PAD
    0x00031e7c   0x00031e7c   0x00000010   Data   RO         3572    .constdata          ble_nus.o
    0x00031e8c   0x00031e8c   0x00000008   Data   RO         4160    .constdata          nrfx_gpiote.o
    0x00031e94   0x00031e94   0x00000004   Data   RO         4530    .constdata          nrfx_uart.o
    0x00031e98   0x00031e98   0x00000004   Data   RO         4724    .constdata          nrfx_uarte.o
    0x00031e9c   0x00031e9c   0x00000010   Data   RO         4907    .constdata          nrf_drv_spi.o
    0x00031eac   0x00031eac   0x0000000c   Data   RO         4959    .constdata          nrfx_spim.o
    0x00031eb8   0x00031eb8   0x00000008   PAD
    0x00031ec0   0x00031ec0   0x00000006   Data   RO         5085    .constdata          nrf_drv_twi.o
    0x00031ec6   0x00031ec6   0x00000002   PAD
    0x00031ec8   0x00031ec8   0x0000001c   Data   RO         5182    .constdata          nrfx_twim.o
    0x00031ee4   0x00031ee4   0x00000014   Data   RO         5788    .constdata          app_timer2.o
    0x00031ef8   0x00031ef8   0x00000020   Data   RO         5916    .constdata          app_uart_fifo.o
    0x00031f18   0x00031f18   0x00000008   PAD
    0x00031f20   0x00031f20   0x00000006   Data   RO         6075    .constdata          drv_rtc.o
    0x00031f26   0x00031f26   0x00000010   Data   RO         6615    .constdata          nrf_fprintf_format.o
    0x00031f36   0x00031f36   0x00000002   PAD
    0x00031f38   0x00031f38   0x00000018   Data   RO         6722    .constdata          nrf_pwr_mgmt.o
    0x00031f50   0x00031f50   0x0000000c   Data   RO         6723    .constdata          nrf_pwr_mgmt.o
    0x00031f5c   0x00031f5c   0x0000013c   Data   RO         6945    .constdata          nrf_strerror.o
    0x00032098   0x00032098   0x0000000c   Data   RO         7020    .constdata          nrf_log_backend_rtt.o
    0x000320a4   0x000320a4   0x0000000c   PAD
    0x000320b0   0x000320b0   0x00000006   Data   RO         7021    .constdata          nrf_log_backend_rtt.o
    0x000320b6   0x000320b6   0x00000002   PAD
    0x000320b8   0x000320b8   0x0000000c   Data   RO         7181    .constdata          nrf_log_frontend.o
    0x000320c4   0x000320c4   0x00000010   Data   RO         7664    .constdata          nrf_sdh.o
    0x000320d4   0x000320d4   0x00000028   Data   RO         7665    .constdata          nrf_sdh.o
    0x000320fc   0x000320fc   0x00000010   Data   RO         7666    .constdata          nrf_sdh.o
    0x0003210c   0x0003210c   0x00000010   Data   RO         7667    .constdata          nrf_sdh.o
    0x0003211c   0x0003211c   0x00000020   Data   RO         7775    .constdata          nrf_sdh_ble.o
    0x0003213c   0x0003213c   0x00000010   Data   RO         7776    .constdata          nrf_sdh_ble.o
    0x0003214c   0x0003214c   0x00000010   Data   RO         7826    .constdata          nrf_sdh_soc.o
    0x0003215c   0x0003215c   0x0000000c   Data   RO         7827    .constdata          nrf_sdh_soc.o
    0x00032168   0x00032168   0x00000081   Data   RO         8206    .constdata          mc_w.l(ctype_o.o)
    0x000321e9   0x000321e9   0x00000003   PAD
    0x000321ec   0x000321ec   0x00000004   Data   RO         8207    .constdata          mc_w.l(ctype_o.o)
    0x000321f0   0x000321f0   0x00000045   Data   RO          513    .conststring        ads1292.o
    0x00032235   0x00032235   0x00000003   PAD
    0x00032238   0x00032238   0x00000055   Data   RO         2041    .conststring        spo2.o
    0x0003228d   0x0003228d   0x00000003   PAD
    0x00032290   0x00032290   0x00000043   Data   RO         2197    .conststring        ecg.o
    0x000322d3   0x000322d3   0x00000001   PAD
    0x000322d4   0x000322d4   0x000000a2   Data   RO         3436    .conststring        nrf_ble_gatt.o
    0x00032376   0x00032376   0x00000002   PAD
    0x00032378   0x00032378   0x000003eb   Data   RO         6946    .conststring        nrf_strerror.o
    0x00032763   0x00032763   0x00000001   PAD
    0x00032764   0x00032764   0x00000066   Data   RO         7348    .conststring        nrf_log_str_formatter.o
    0x000327ca   0x000327ca   0x00000002   PAD
    0x000327cc   0x000327cc   0x000001cf   Data   RO         7777    .conststring        nrf_sdh_ble.o
    0x0003299b   0x0003299b   0x00000001   PAD
    0x0003299c   0x0003299c   0x0000000d   Data   RO         3437    .conststrlit        nrf_ble_gatt.o
    0x000329a9   0x000329a9   0x00000003   PAD
    0x000329ac   0x000329ac   0x00000008   Data   RO         3573    .conststrlit        ble_nus.o
    0x000329b4   0x000329b4   0x00000006   Data   RO         3648    .conststrlit        nrf_drv_clock.o
    0x000329ba   0x000329ba   0x00000002   PAD
    0x000329bc   0x000329bc   0x00000006   Data   RO         3987    .conststrlit        nrfx_clock.o
    0x000329c2   0x000329c2   0x00000002   PAD
    0x000329c4   0x000329c4   0x00000007   Data   RO         4164    .conststrlit        nrfx_gpiote.o
    0x000329cb   0x000329cb   0x00000001   PAD
    0x000329cc   0x000329cc   0x00000004   Data   RO         4441    .conststrlit        nrfx_prs.o
    0x000329d0   0x000329d0   0x00000005   Data   RO         4533    .conststrlit        nrfx_uart.o
    0x000329d5   0x000329d5   0x00000003   PAD
    0x000329d8   0x000329d8   0x00000006   Data   RO         4727    .conststrlit        nrfx_uarte.o
    0x000329de   0x000329de   0x00000002   PAD
    0x000329e0   0x000329e0   0x00000005   Data   RO         4962    .conststrlit        nrfx_spim.o
    0x000329e5   0x000329e5   0x00000003   PAD
    0x000329e8   0x000329e8   0x00000005   Data   RO         5185    .conststrlit        nrfx_twim.o
    0x000329ed   0x000329ed   0x00000003   PAD
    0x000329f0   0x000329f0   0x00000004   Data   RO         5357    .conststrlit        nrfx_rtc.o
    0x000329f4   0x000329f4   0x0000000b   Data   RO         5471    .conststrlit        app_button.o
    0x000329ff   0x000329ff   0x00000001   PAD
    0x00032a00   0x00032a00   0x0000000a   Data   RO         5789    .conststrlit        app_timer2.o
    0x00032a0a   0x00032a0a   0x00000002   PAD
    0x00032a0c   0x00032a0c   0x00000009   Data   RO         6724    .conststrlit        nrf_pwr_mgmt.o
    0x00032a15   0x00032a15   0x00000003   PAD
    0x00032a18   0x00032a18   0x00000009   Data   RO         6892    .conststrlit        nrf_sortlist.o
    0x00032a21   0x00032a21   0x00000003   PAD
    0x00032a24   0x00032a24   0x00000010   Data   RO         7115    .conststrlit        nrf_log_default_backends.o
    0x00032a34   0x00032a34   0x00000004   Data   RO         7182    .conststrlit        nrf_log_frontend.o
    0x00032a38   0x00032a38   0x00000008   Data   RO         7668    .conststrlit        nrf_sdh.o
    0x00032a40   0x00032a40   0x0000000c   Data   RO         7778    .conststrlit        nrf_sdh_ble.o
    0x00032a4c   0x00032a4c   0x0000000c   Data   RO         7828    .conststrlit        nrf_sdh_soc.o
    0x00032a58   0x00032a58   0x00000020   Data   RO         8554    Region$$Table       anon$$obj.o
    0x00032a78   0x00032a78   0x00000010   Data   RO         7117    log_backends        nrf_log_default_backends.o
    0x00032a88   0x00032a88   0x00000008   Data   RO         3438    log_const_data      nrf_ble_gatt.o
    0x00032a90   0x00032a90   0x00000008   Data   RO         3574    log_const_data      ble_nus.o
    0x00032a98   0x00032a98   0x00000008   Data   RO         3649    log_const_data      nrf_drv_clock.o
    0x00032aa0   0x00032aa0   0x00000008   Data   RO         3989    log_const_data      nrfx_clock.o
    0x00032aa8   0x00032aa8   0x00000008   Data   RO         4165    log_const_data      nrfx_gpiote.o
    0x00032ab0   0x00032ab0   0x00000008   Data   RO         4443    log_const_data      nrfx_prs.o
    0x00032ab8   0x00032ab8   0x00000008   Data   RO         4534    log_const_data      nrfx_uart.o
    0x00032ac0   0x00032ac0   0x00000008   Data   RO         4728    log_const_data      nrfx_uarte.o
    0x00032ac8   0x00032ac8   0x00000008   Data   RO         4963    log_const_data      nrfx_spim.o
    0x00032ad0   0x00032ad0   0x00000008   Data   RO         5186    log_const_data      nrfx_twim.o
    0x00032ad8   0x00032ad8   0x00000008   Data   RO         5359    log_const_data      nrfx_rtc.o
    0x00032ae0   0x00032ae0   0x00000008   Data   RO         5474    log_const_data      app_button.o
    0x00032ae8   0x00032ae8   0x00000008   Data   RO         5792    log_const_data      app_timer2.o
    0x00032af0   0x00032af0   0x00000008   Data   RO         6726    log_const_data      nrf_pwr_mgmt.o
    0x00032af8   0x00032af8   0x00000008   Data   RO         6893    log_const_data      nrf_sortlist.o
    0x00032b00   0x00032b00   0x00000008   Data   RO         7186    log_const_data      nrf_log_frontend.o
    0x00032b08   0x00032b08   0x00000008   Data   RO         7670    log_const_data      nrf_sdh.o
    0x00032b10   0x00032b10   0x00000008   Data   RO         7780    log_const_data      nrf_sdh_ble.o
    0x00032b18   0x00032b18   0x00000008   Data   RO         7829    log_const_data      nrf_sdh_soc.o
    0x00032b20   0x00032b20   0x00000014   Data   RO         7187    nrf_balloc          nrf_log_frontend.o
    0x00032b34   0x00032b34   0x00000008   Data   RO         3194    sdh_ble_observers0  ble_conn_state.o
    0x00032b3c   0x00032b3c   0x00000010   Data   RO          683    sdh_ble_observers1  bluetooth.o
    0x00032b4c   0x00032b4c   0x00000008   Data   RO         2797    sdh_ble_observers1  bsp_btn_ble.o
    0x00032b54   0x00032b54   0x00000008   Data   RO         3108    sdh_ble_observers1  ble_conn_params.o
    0x00032b5c   0x00032b5c   0x00000010   Data   RO          684    sdh_ble_observers2  bluetooth.o
    0x00032b6c   0x00032b6c   0x00000008   Data   RO          685    sdh_ble_observers3  bluetooth.o
    0x00032b74   0x00032b74   0x00000008   Data   RO         3650    sdh_soc_observers0  nrf_drv_clock.o
    0x00032b7c   0x00032b7c   0x00000008   Data   RO         7781    sdh_stack_observers0  nrf_sdh_ble.o
    0x00032b84   0x00032b84   0x00000008   Data   RO         7830    sdh_stack_observers0  nrf_sdh_soc.o
    0x00032b8c   0x00032b8c   0x00000008   Data   RO         3651    sdh_state_observers0  nrf_drv_clock.o


    Execution Region RW_IRAM1 (Exec base: 0x20002ae8, Load base: 0x00032b94, Size: 0x0000ff30, Max: 0x0001d518, ABSOLUTE, COMPRESSED[0x00000070])

    Exec Addr    Load Addr    Size         Type   Attr      Idx    E Section Name        Object

    0x20002ae8   COMPRESSED   0x00000004   Data   RW            8    .data               main.o
    0x20002aec   COMPRESSED   0x00000094   Data   RW          514    .data               ads1292.o
    0x20002b80   COMPRESSED   0x0000002c   Data   RW          680    .data               bluetooth.o
    0x20002bac   COMPRESSED   0x00000008   Data   RW          681    .data               bluetooth.o
    0x20002bb4   COMPRESSED   0x00000004   Data   RW          682    .data               bluetooth.o
    0x20002bb8   COMPRESSED   0x0000003c   Data   RW          971    .data               tasks.o
    0x20002bf4   COMPRESSED   0x00000004   Data   RW         1547    .data               port_cmsis.o
    0x20002bf8   COMPRESSED   0x00000014   Data   RW         1620    .data               timers.o
    0x20002c0c   COMPRESSED   0x00000018   Data   RW         1736    .data               heap_4.o
    0x20002c24   COMPRESSED   0x00000038   Data   RW         2042    .data               spo2.o
    0x20002c5c   COMPRESSED   0x00000010   Data   RW         2198    .data               ecg.o
    0x20002c6c   COMPRESSED   0x00000004   Data   RW         2283    .data               max30102_fir.o
    0x20002c70   COMPRESSED   0x00000040   Data   RW         2478    .data               attention.o
    0x20002cb0   COMPRESSED   0x00000010   Data   RW         2692    .data               bsp.o
    0x20002cc0   COMPRESSED   0x00000020   Data   RW         2693    .data               bsp.o
    0x20002ce0   COMPRESSED   0x00000020   Data   RW         2694    .data               bsp.o
    0x20002d00   COMPRESSED   0x00000020   Data   RW         2695    .data               bsp.o
    0x20002d20   COMPRESSED   0x00000008   Data   RW         2796    .data               bsp_btn_ble.o
    0x20002d28   COMPRESSED   0x00000008   Data   RW         3107    .data               ble_conn_params.o
    0x20002d30   COMPRESSED   0x00000014   Data   RW         3782    .data               nrf_drv_uart.o
    0x20002d44   COMPRESSED   0x00000008   Data   RW         3988    .data               nrfx_clock.o
    0x20002d4c   COMPRESSED   0x00000018   Data   RW         4442    .data               nrfx_prs.o
    0x20002d64   COMPRESSED   0x00000010   Data   RW         5086    .data               nrf_drv_twi.o
    0x20002d74   COMPRESSED   0x00000008   Data   RW         5358    .data               nrfx_rtc.o
    0x20002d7c   COMPRESSED   0x00000004   PAD
    0x20002d80   COMPRESSED   0x00000020   Data   RW         5790    .data               app_timer2.o
    0x20002da0   COMPRESSED   0x00000004   Data   RW         5791    .data               app_timer2.o
    0x20002da4   COMPRESSED   0x0000001c   Data   RW         5917    .data               app_uart_fifo.o
    0x20002dc0   COMPRESSED   0x0000000c   Data   RW         6076    .data               drv_rtc.o
    0x20002dcc   COMPRESSED   0x00000008   Data   RW         6725    .data               nrf_pwr_mgmt.o
    0x20002dd4   COMPRESSED   0x00000004   Data   RW         6978    .data               retarget.o
    0x20002dd8   COMPRESSED   0x00000001   Data   RW         7022    .data               nrf_log_backend_rtt.o
    0x20002dd9   COMPRESSED   0x00000003   PAD
    0x20002ddc   COMPRESSED   0x00000008   Data   RW         7116    .data               nrf_log_default_backends.o
    0x20002de4   COMPRESSED   0x00000004   Data   RW         7183    .data               nrf_log_frontend.o
    0x20002de8   COMPRESSED   0x00000008   Data   RW         7184    .data               nrf_log_frontend.o
    0x20002df0   COMPRESSED   0x00000008   Data   RW         7185    .data               nrf_log_frontend.o
    0x20002df8   COMPRESSED   0x00000040   Data   RW         7349    .data               nrf_log_str_formatter.o
    0x20002e38   COMPRESSED   0x00000003   Data   RW         7669    .data               nrf_sdh.o
    0x20002e3b   COMPRESSED   0x00000001   Data   RW         7779    .data               nrf_sdh_ble.o
    0x20002e3c   COMPRESSED   0x00000004   Data   RW         7871    .data               system_nrf52.o
    0x20002e40        -       0x00005dd4   Zero   RW          510    .bss                ads1292.o
    0x20008c14        -       0x00000654   Zero   RW          677    .bss                bluetooth.o
    0x20009268        -       0x0000012c   Zero   RW          970    .bss                tasks.o
    0x20009394        -       0x00000010   Zero   RW         1379    .bss                queue.o
    0x200093a4        -       0x00000028   Zero   RW         1619    .bss                timers.o
    0x200093cc        -       0x00004000   Zero   RW         1735    .bss                heap_4.o
    0x2000d3cc        -       0x00000960   Zero   RW         2039    .bss                spo2.o
    0x2000dd2c        -       0x000007d0   Zero   RW         2195    .bss                ecg.o
    0x2000e4fc        -       0x00000100   Zero   RW         2281    .bss                max30102_fir.o
    0x2000e5fc        -       0x0000309c   Zero   RW         2476    .bss                attention.o
    0x20011698        -       0x0000000c   Zero   RW         2690    .bss                bsp.o
    0x200116a4   COMPRESSED   0x00000004   PAD
    0x200116a8        -       0x00000050   Zero   RW         3106    .bss                ble_conn_params.o
    0x200116f8        -       0x0000007c   Zero   RW         3193    .bss                ble_conn_state.o
    0x20011774        -       0x00000014   Zero   RW         3643    .bss                nrf_drv_clock.o
    0x20011788        -       0x00000068   Zero   RW         4159    .bss                nrfx_gpiote.o
    0x200117f0        -       0x0000002c   Zero   RW         4528    .bss                nrfx_uart.o
    0x2001181c        -       0x00000024   Zero   RW         4722    .bss                nrfx_uarte.o
    0x20011840        -       0x00000020   Zero   RW         4906    .bss                nrf_drv_spi.o
    0x20011860        -       0x0000006c   Zero   RW         4957    .bss                nrfx_spim.o
    0x200118cc        -       0x00000068   Zero   RW         5180    .bss                nrfx_twim.o
    0x20011934        -       0x00000010   Zero   RW         5786    .bss                app_timer2.o
    0x20011944        -       0x00000058   Zero   RW         5787    .bss                app_timer2.o
    0x2001199c        -       0x00000020   Zero   RW         5915    .bss                app_uart_fifo.o
    0x200119bc        -       0x0000000c   Zero   RW         5990    .bss                app_util_platform.o
    0x200119c8        -       0x0000000c   Zero   RW         6721    .bss                nrf_pwr_mgmt.o
    0x200119d4        -       0x00000040   Zero   RW         7019    .bss                nrf_log_backend_rtt.o
    0x20011a14        -       0x000000c0   Zero   RW         7177    .bss                nrf_log_frontend.o
    0x20011ad4        -       0x00000080   Zero   RW         7178    .bss                nrf_log_frontend.o
    0x20011b54        -       0x00000018   Zero   RW         7179    .bss                nrf_log_frontend.o
    0x20011b6c        -       0x00000420   Zero   RW         7180    .bss                nrf_log_frontend.o
    0x20011f8c        -       0x00000288   Zero   RW         7422    .bss                segger_rtt.o
    0x20012214   COMPRESSED   0x00000004   PAD
    0x20012218        -       0x00000800   Zero   RW         7857    STACK               arm_startup_nrf52833.o


==============================================================================

Image component sizes


      Code (inc. data)   RO Data    RW Data    ZI Data      Debug   Object Name

      2568        688        125        148      24020      29161   ads1292.o
         0          0         19          0          0       1907   app_button.o
        22          0          0          0          0       2569   app_error.o
       132         46          0          0          0      34141   app_error_weak.o
       118          0          0          0          0       5258   app_fifo.o
      1052         90         38         36        104      17781   app_timer2.o
       528         60         32         28         32      16494   app_uart_fifo.o
       124         14          0          0         12      10754   app_util_platform.o
        36          8        512          0       2048        972   arm_startup_nrf52833.o
        44          8          0         64      12444       5981   attention.o
      1338          0          0          0          0      53900   ble_advdata.o
      1006          6          0          0          0      10499   ble_advertising.o
       636         44          8          8         80       9615   ble_conn_params.o
       390         10          8          0        124       7983   ble_conn_state.o
        72          0          0          0          0       1724   ble_link_ctx_manager.o
       676          6         32          0          0       7208   ble_nus.o
       456          6          0          0          0       3515   ble_srv_common.o
      2286        806         64         56       1620      29974   bluetooth.o
       254         32          8          0          0      11611   boards.o
       740         60         44        112         12      11345   bsp.o
       166          6          8          8          0       3380   bsp_btn_ble.o
       688         72          6         12          0      47927   drv_rtc.o
       764        322         67         16       2000       4939   ecg.o
       392         30          0         24      16384       5630   heap_4.o
       138          0          0          0          0       4182   list.o
      1088        692          6          4          0     240931   main.o
       104         32        116          4        256       2836   max30102_fir.o
       326          0          0          0          0       6195   nrf_atfifo.o
        64          0          0          0          0       3156   nrf_atflags.o
       306          0          0          0          0       8391   nrf_atomic.o
       164          0          0          0          0       3776   nrf_balloc.o
       950        272        205          0          0      38577   nrf_ble_gatt.o
       276          0          0          0          0       4873   nrf_ble_qwr.o
       418         42         30          0         20      45794   nrf_drv_clock.o
       168         18         16          0         32       6751   nrf_drv_spi.o
       376         22          6         16          0      15579   nrf_drv_twi.o
       200         26          0         20          0      18188   nrf_drv_uart.o
        50          0          0          0          0       3673   nrf_fprintf.o
       866          4         16          0          0       6734   nrf_fprintf_format.o
       112         18         18          1         64       5905   nrf_log_backend_rtt.o
       194          0          0          0          0      11041   nrf_log_backend_serial.o
        28          4         32          8          0       3445   nrf_log_default_backends.o
      1480        128         44         20       1400      31233   nrf_log_frontend.o
       570        108        102         64          0       5876   nrf_log_str_formatter.o
       346          0          0          0          0       8423   nrf_memobj.o
       108         16         53          8         12      41006   nrf_pwr_mgmt.o
        28          0          0          0          0       2471   nrf_ringbuf.o
       444         88        104          3          0      43215   nrf_sdh.o
       756        250        539          1          0       6189   nrf_sdh_ble.o
        60          4         56          0          0       2576   nrf_sdh_soc.o
        78          0          0          0          0       2928   nrf_section_iter.o
        84          0         17          0          0       4329   nrf_sortlist.o
        76         10       1319          0          0       2887   nrf_strerror.o
       262         38         14          8          0      48145   nrfx_clock.o
      1420        108         23          0        104      67322   nrfx_gpiote.o
       146         32         12         24          0       5431   nrfx_prs.o
       188         12         12          8          0       8762   nrfx_rtc.o
       938         42         25          0        108      25069   nrfx_spim.o
      1748         58         41          0        104      64533   nrfx_twim.o
      1412         44         17          0         44      32485   nrfx_uart.o
      1334         42         18          0         36      26967   nrfx_uarte.o
       160         14          0          0          0        728   port.o
       168         34          4          4          0      35494   port_cmsis.o
       452         36          0          0          0      46514   port_cmsis_systick.o
      1506         26          0          0         16      17184   queue.o
        14          0          0          4          0       2982   retarget.o
       378         34          0          0        648       9317   segger_rtt.o
      2732        970        125         56       2400      38470   spo2.o
       420         48          0          4          0      29601   system_nrf52.o
      2424        244          0         60        300      47699   tasks.o
       768         82          0         20         40      10179   timers.o

    ----------------------------------------------------------------------
     40892       5912       4060        856      64472    1432310   Object Totals
         0          0         32          0          0          0   (incl. Generated)
        76          0         87          7          8          0   (incl. Padding)

    ----------------------------------------------------------------------

      Code (inc. data)   RO Data    RW Data    ZI Data      Debug   Library Member Name

      1232          8          0          0          0       4005   arm_fir_f32.o
        32          0          0          0          0       1062   arm_fir_init_f32.o
        86          0          0          0          0          0   __dczerorl2.o
         8          4        133          0          0         68   ctype_o.o
         0          0          0          0          0          0   entry.o
         0          0          0          0          0          0   entry10a.o
         0          0          0          0          0          0   entry11a.o
         4          0          0          0          0          0   entry12b.o
         8          4          0          0          0          0   entry2.o
         4          0          0          0          0          0   entry5.o
         0          0          0          0          0          0   entry7b.o
         0          0          0          0          0          0   entry8b.o
         8          4          0          0          0          0   entry9a.o
        30          0          0          0          0          0   handlers.o
        36          8          0          0          0         68   init.o
        30          0          0          0          0         68   llshl.o
        32          0          0          0          0         68   llushr.o
        36          0          0          0          0         68   memcpya.o
        36          0          0          0          0        108   memseta.o
      1216         58          0          0          0        508   printf8.o
        18          0          0          0          0         68   strcpy.o
        14          0          0          0          0         68   strlen.o
        98          0          0          0          0         92   uldiv.o

    ----------------------------------------------------------------------
      2932         86        136          0          0       6251   Library Totals
         4          0          3          0          0          0   (incl. Padding)

    ----------------------------------------------------------------------

      Code (inc. data)   RO Data    RW Data    ZI Data      Debug   Library Name

      1264          8          0          0          0       5067   arm_cortexM4lf_math.lib
      1664         78        133          0          0       1184   mc_w.l

    ----------------------------------------------------------------------
      2932         86        136          0          0       6251   Library Totals

    ----------------------------------------------------------------------

==============================================================================


      Code (inc. data)   RO Data    RW Data    ZI Data      Debug   

     43824       5998       4196        856      64472    1391509   Grand Totals
     43824       5998       4196        112      64472    1391509   ELF Image Totals (compressed)
     43824       5998       4196        112          0          0   ROM Totals

==============================================================================

    Total RO  Size (Code + RO Data)                48020 (  46.89kB)
    Total RW  Size (RW Data + ZI Data)             65328 (  63.80kB)
    Total ROM Size (Code + RO Data + RW Data)      48132 (  47.00kB)

==============================================================================

