<html>
<body>
<pre>
<h1>礦ision Build Log</h1>
<h2>Tool Versions:</h2>
IDE-Version: μVision V5.32.0.0
Copyright (C) 2020 ARM Ltd and ARM Germany GmbH. All rights reserved.
License Information: shjdll 3232036959@qq.com, dsdcls, LIC=WHYH9-4PP1V-LQ00Q-NEXVG-T05QW-NRN2S
 
Tool Versions:
Toolchain:       MDK-ARM Plus  Version: 5.32.0.0
Toolchain Path:  D:\Shawshihe\KEIL\ARM\ARMCC\Bin
C Compiler:      Armcc.exe V5.06 update 7 (build 960)
Assembler:       Armasm.exe V5.06 update 7 (build 960)
Linker/Locator:  ArmLink.exe V5.06 update 7 (build 960)
Library Manager: ArmAr.exe V5.06 update 7 (build 960)
Hex Converter:   FromElf.exe V5.06 update 7 (build 960)
CPU DLL:         
Dialog DLL:      
Target DLL:      Segger\JL2CM3.dll V2.99.38.0
Dialog DLL:      TCM.DLL V1.46.0.0
 
<h2>Project:</h2>
D:\APP_Collection\nRF5_SDK_17.1.0_ddde560 - 副本\examples\ble_peripheral\ble_app_uart\pca10100\s140\arm5_no_packs_0126\ble_app_uart_pca10100_s140.uvprojx
Project File Date:  03/30/2026

<h2>Output:</h2>
*** Using Compiler 'V5.06 update 7 (build 960)', folder: 'D:\Shawshihe\KEIL\ARM\ARMCC\Bin'
Build target 'nrf52833_xxaa'
Note: source file '..\..\..\..\..\..\integration\nrfx\legacy\nrf_drv_spi.c' - object file renamed from '.\_build\nrf_drv_spi.o' to '.\_build\nrf_drv_spi_1.o'.
Note: source file '..\..\..\..\..\..\integration\nrfx\legacy\nrf_drv_twi.c' - object file renamed from '.\_build\nrf_drv_twi.o' to '.\_build\nrf_drv_twi_1.o'.
Note: source file '..\..\..\..\..\..\modules\nrfx\drivers\src\nrfx_twi.c' - object file renamed from '.\_build\nrfx_twi.o' to '.\_build\nrfx_twi_1.o'.
Note: source file '..\..\..\..\..\..\modules\nrfx\drivers\src\nrfx_twim.c' - object file renamed from '.\_build\nrfx_twim.o' to '.\_build\nrfx_twim_1.o'.
Note: source file '..\..\..\..\..\..\modules\nrfx\drivers\src\nrfx_twis.c' - object file renamed from '.\_build\nrfx_twis.o' to '.\_build\nrfx_twis_1.o'.
compiling QMI8658C.c...
..\..\..\..\..\..\modules\nrfx\drivers\include\nrfx_twim.h(73): warning:  #47-D: incompatible redefinition of macro "NRFX_TWIM1_ENABLED"  (declared at line 1157 of "..\..\..\..\..\..\integration\nrfx\legacy/apply_old_config.h")
  #define NRFX_TWIM1_ENABLED 1
spo2.h(64): warning:  #1-D: last line of file ends without a newline
  #endif
QMI8658C.h(65): warning:  #1-D: last line of file ends without a newline
  #endif
QMI8658C.h(65): warning:  #1-D: last line of file ends without a newline
  #endif
QMI8658C.c(190): warning:  #177-D: variable "fifo"  was declared but never referenced
  		uint8_t fifo[1];
QMI8658C.c(246): warning:  #177-D: variable "part_id"  was declared but never referenced
      uint8_t part_id = 0;
QMI8658C.c(247): warning:  #177-D: variable "ret"  was declared but never referenced
      ret_code_t ret;
QMI8658C.c(279): warning:  #177-D: variable "statusint"  was declared but never referenced
  		uint8_t statusint[1];  	
QMI8658C.c(280): warning:  #177-D: variable "temp"  was declared but never referenced
      uint8_t temp[2];
QMI8658C.c(282): warning:  #177-D: variable "dqdata"  was declared but never referenced
  		uint8_t dqdata[8];
QMI8658C.c: 10 warnings, 0 errors
compiling rtc.c...
..\..\..\..\..\..\modules\nrfx\drivers\include\nrfx_twim.h(73): warning:  #47-D: incompatible redefinition of macro "NRFX_TWIM1_ENABLED"  (declared at line 1157 of "..\..\..\..\..\..\integration\nrfx\legacy/apply_old_config.h")
  #define NRFX_TWIM1_ENABLED 1
rtc.h(59): warning:  #1-D: last line of file ends without a newline
  #endif
rtc.c(168): warning:  #177-D: variable "seconds"  was declared but never referenced
  		uint8_t seconds[1];		
rtc.c(210): warning:  #177-D: variable "part_id"  was declared but never referenced
      uint8_t part_id = 0;
rtc.c(211): warning:  #177-D: variable "ret"  was declared but never referenced
      ret_code_t ret;
rtc.c: 5 warnings, 0 errors
compiling spo2.c...
..\..\..\..\..\..\modules\nrfx\drivers\include\nrfx_twim.h(73): warning:  #47-D: incompatible redefinition of macro "NRFX_TWIM1_ENABLED"  (declared at line 1157 of "..\..\..\..\..\..\integration\nrfx\legacy/apply_old_config.h")
  #define NRFX_TWIM1_ENABLED 1
spo2.h(64): warning:  #1-D: last line of file ends without a newline
  #endif
max30102_fir.h(11): warning:  #1-D: last line of file ends without a newline
  #endif /* __MAX30102_FIR_H */
spo2.c(349): warning:  #1035-D: single-precision operand implicitly converted to double-precision
  			return ((-45.060)*R*R + 30.354*R + 94.845);
spo2.c: 4 warnings, 0 errors
compiling ecg.c...
bluetooth.h(88): warning:  #1-D: last line of file ends without a newline
  #endif
ads1292.h(34): warning:  #1-D: last line of file ends without a newline
  #endif
findpeaks.h(15): warning:  #1-D: last line of file ends without a newline
  #endif  //__findpeaks_H
midfilt.h(18): warning:  #1-D: last line of file ends without a newline
  #endif //__medfilt_H
spo2.h(64): warning:  #1-D: last line of file ends without a newline
  #endif
ecg.h(18): warning:  #1-D: last line of file ends without a newline
  #endif
ecg.c(168): warning:  #177-D: variable "breath_rate"  was declared but never referenced
  		int32_t breath_rate;
ecg.c(295): warning:  #177-D: variable "n"  was declared but never referenced
  		static uint16_t j,mid_filt_num,n;
ecg.c(48): warning:  #177-D: variable "bpm_cache1"  was declared but never referenced
  static int32_t bpm_cache1[BMP_CACHE_SIZE]; 
ecg.c(67): warning:  #177-D: variable "bpm"  was declared but never referenced
  static int32_t bpm;                          //心率数值
ecg.c(75): warning:  #550-D: variable "breath_freauence"  was set but never used
  static int32_t breath_freauence;                          //呼吸频率
ecg.c: 11 warnings, 0 errors
compiling ads1292.c...
bluetooth.h(88): warning:  #1-D: last line of file ends without a newline
  #endif
ads1292.h(34): warning:  #1-D: last line of file ends without a newline
  #endif
ads1292.c(137): warning:  #177-D: variable "read_loff_cmd"  was declared but never referenced
  		uint8_t read_loff_cmd[]={0x23,0x00,0x00};
ads1292.c(140): warning:  #177-D: variable "read_rldsens_cmd"  was declared but never referenced
  		uint8_t read_rldsens_cmd[]={0x26,0x00,0x00};
ads1292.c(141): warning:  #177-D: variable "read_loffsens_cmd"  was declared but never referenced
  		uint8_t read_loffsens_cmd[]={0x27,0x00,0x00};
ads1292.c(142): warning:  #177-D: variable "read_loffstat_cmd"  was declared but never referenced
  		uint8_t read_loffstat_cmd[]={0x28,0x00,0x00};
ads1292.c(143): warning:  #177-D: variable "read_resp1_cmd"  was declared but never referenced
  		uint8_t read_resp1_cmd[]={0x29,0x00,0x00};
ads1292.c(144): warning:  #177-D: variable "read_resp2_cmd"  was declared but never referenced
  		uint8_t read_resp2_cmd[]={0x2A,0x00,0x00};
ads1292.c(145): warning:  #177-D: variable "read_gpio_cmd"  was declared but never referenced
  		uint8_t read_gpio_cmd[]={0x2B,0x00,0x00};
ads1292.c(230): warning:  #1035-D: single-precision operand implicitly converted to double-precision
  	*a1 = 180.0/(max_init_val-min_init_val);
ads1292.c(274): warning:  #188-D: enumerated type mixed with another type
  						.frequency    = NRF_SPI_FREQ_250K,                     
ads1292.c(390): warning:  #1035-D: single-precision operand implicitly converted to double-precision
  											data1[init_index] = ch_v[0]*1000000*1.0;  
ads1292.c(391): warning:  #1035-D: single-precision operand implicitly converted to double-precision
  											data2[init_index] = ch_v[1]*1000000*1.0;     
ads1292.c(312): warning:  #177-D: variable "ret"  was declared but never referenced
      int ret = 0;
ads1292.c: 14 warnings, 0 errors
compiling bluetooth.c...
bluetooth.h(88): warning:  #1-D: last line of file ends without a newline
  #endif
spo2.h(64): warning:  #1-D: last line of file ends without a newline
  #endif
ecg.h(18): warning:  #1-D: last line of file ends without a newline
  #endif
ads1292.h(34): warning:  #1-D: last line of file ends without a newline
  #endif
..\..\..\..\..\..\modules\nrfx\drivers\include\nrfx_twim.h(73): warning:  #47-D: incompatible redefinition of macro "NRFX_TWIM1_ENABLED"  (declared at line 1157 of "..\..\..\..\..\..\integration\nrfx\legacy/apply_old_config.h")
  #define NRFX_TWIM1_ENABLED 1
QMI8658C.h(65): warning:  #1-D: last line of file ends without a newline
  #endif
QMI8658C.h(65): warning:  #1-D: last line of file ends without a newline
  #endif
info_collect.h(23): warning:  #1-D: last line of file ends without a newline
  #endif
bluetooth.c(908): warning:  #177-D: variable "erase_bonds"  was declared but never referenced
      bool erase_bonds;
bluetooth.c: 9 warnings, 0 errors
compiling boards.c...
compiling main.c...
..\arm5_no_packs_0126\bluetooth.h(88): warning:  #1-D: last line of file ends without a newline
  #endif
..\arm5_no_packs_0126\ads1292.h(34): warning:  #1-D: last line of file ends without a newline
  #endif
..\arm5_no_packs_0126\findpeaks.h(15): warning:  #1-D: last line of file ends without a newline
  #endif  //__findpeaks_H
..\arm5_no_packs_0126\midfilt.h(18): warning:  #1-D: last line of file ends without a newline
  #endif //__medfilt_H
..\arm5_no_packs_0126\ecg.h(18): warning:  #1-D: last line of file ends without a newline
  #endif
..\arm5_no_packs_0126\spo2.h(64): warning:  #1-D: last line of file ends without a newline
  #endif
..\..\..\..\..\..\modules\nrfx\drivers\include\nrfx_twim.h(73): warning:  #47-D: incompatible redefinition of macro "NRFX_TWIM1_ENABLED"  (declared at line 1157 of "..\..\..\..\..\..\integration\nrfx\legacy/apply_old_config.h")
  #define NRFX_TWIM1_ENABLED 1
..\arm5_no_packs_0126\QMI8658C.h(65): warning:  #1-D: last line of file ends without a newline
  #endif
..\arm5_no_packs_0126\QMI8658C.h(65): warning:  #1-D: last line of file ends without a newline
  #endif
..\arm5_no_packs_0126\rtc.h(59): warning:  #1-D: last line of file ends without a newline
  #endif
..\arm5_no_packs_0126\info_collect.h(23): warning:  #1-D: last line of file ends without a newline
  #endif
..\arm5_no_packs_0126\low_power_mode.h(7): warning:  #1-D: last line of file ends without a newline
  #endif
..\..\..\main.c: 12 warnings, 0 errors
compiling bsp.c...
compiling bsp_btn_ble.c...
linking...
Program Size: Code=29692 RO-data=3248 RW-data=644 ZI-data=14628  
FromELF: creating hex file...
".\_build\nrf52833_xxaa.axf" - 0 Error(s), 65 Warning(s).

<h2>Software Packages used:</h2>

Package Vendor: ARM
                http://www.keil.com/pack/ARM.CMSIS.5.6.0.pack
                ARM.CMSIS.5.6.0
                CMSIS (Cortex Microcontroller Software Interface Standard)
   * Component: CORE Version: 5.3.0
   * Component: DSP Variant: Library Version: 1.7.0

Package Vendor: NordicSemiconductor
                http://developer.nordicsemi.com/nRF5_SDK/pieces/nRF_DeviceFamilyPack/NordicSemiconductor.nRF_DeviceFamilyPack.8.40.3.pack
                NordicSemiconductor.nRF_DeviceFamilyPack.8.40.3
                Nordic Semiconductor nRF ARM devices Device Family Pack with BSD license.
   * Component: Startup Version: 8.40.3

<h2>Collection of Component include folders:</h2>
  .\RTE\_nrf52833_xxaa
  D:\Shawshihe\KEIL\pack\ARM\CMSIS\5.6.0\CMSIS\Core\Include
  D:\Shawshihe\KEIL\pack\ARM\CMSIS\5.6.0\CMSIS\DSP\Include
  D:\Shawshihe\KEIL\pack\NordicSemiconductor\nRF_DeviceFamilyPack\8.40.3\Device\Include

<h2>Collection of Component Files used:</h2>

   * Component: ARM::CMSIS:CORE:5.3.0

   * Component: ARM::CMSIS:DSP:Library:1.7.0
      Include file:  CMSIS\DSP\Include\arm_math.h
      Library file:  CMSIS\DSP\Lib\ARM\arm_cortexM4lf_math.lib

   * Component: NordicSemiconductor::Device:Startup:8.40.3
      Include file:  Device\Include\system_nrf.h
      Source file:   Device\Source\system_nrf52.c
      Include file:  Device\Include\system_nrf52833.h
      Source file:   Device\Source\arm\arm_startup_nrf52833.s
Build Time Elapsed:  00:00:12
</pre>
</body>
</html>
